******************************************************************************
                  TI ARM Linker PC v18.12.4                    
******************************************************************************
>> Linked Sat Sep 12 20:41:27 2020

OUTPUT FILE NAME:   <gpiointerrupt_EK_TM4C123GXL_TI.out>
ENTRY POINT SYMBOL: "_c_int00"  address: 00003489


MEMORY CONFIGURATION

         name            origin    length      used     unused   attr    fill
----------------------  --------  ---------  --------  --------  ----  --------
  FLASH                 00000000   00040000  00007600  00038a00  R  X
  SRAM                  20000000   00008000  00001b42  000064be  RW X


SEGMENT ALLOCATION MAP

run origin  load origin   length   init length attrs members
----------  ----------- ---------- ----------- ----- -------
00000000    00000000    00007608   00007608    r-x
  00000000    00000000    0000003c   0000003c    r-- .resetVecs
  00000040    00000040    00005442   00005442    r-x .text
  00005484    00005484    00001f5a   00001f5a    r-- .const
  000073e0    000073e0    00000228   00000228    r-- .cinit
20000000    20000000    00001b48   00000000    rw-
  20000000    20000000    00000360   00000000    rw- .vecs
  20000360    20000360    00001088   00000000    rw- .bss
  200013e8    200013e8    0000045a   00000000    rw- .data
  20001848    20001848    00000300   00000000    rw- .stack


SECTION ALLOCATION MAP

 output                                  attributes/
section   page    origin      length       input sections
--------  ----  ----------  ----------   ----------------
.text      0    00000040    00005442     
                  00000040    00000430     sysbios.aem4f : BIOS.obj (.text:ti_sysbios_family_arm_m3_Hwi_excDumpRegs__I)
                  00000470    0000034c     ti.targets.arm.rtsarm.aem4f : System.oem4f (.text:xdc_runtime_System_doPrint__I)
                  000007bc    0000020c     drivers_tivaware.aem4f : UARTTiva.oem4f (.text:UARTTiva_open)
                  000009c8    000001f4     sysbios.aem4f : BIOS.obj (.text:ti_sysbios_family_arm_m3_Hwi_excHandlerMax__I)
                  00000bbc    00000004     driverlib.lib : uart.obj (.text:UARTIntClear)
                  00000bc0    00000174     sysbios.aem4f : BIOS.obj (.text:ti_sysbios_family_arm_m3_Hwi_excBusFault__I)
                  00000d34    00000004     rtsv7M4_T_le_v4SPD16_eabi.lib : exit.c.obj (.text:abort:abort)
                  00000d38    00000164     sysbios.aem4f : BIOS.obj (.text:ti_sysbios_family_arm_m3_Hwi_excUsageFault__I)
                  00000e9c    00000004     gpiointerrupt_pem4f.oem4f (.text:ti_sysbios_BIOS_RtsGateProxy_enter__E)
                  00000ea0    00000154     sysbios.aem4f : BIOS.obj (.text:ti_sysbios_knl_Semaphore_pend__E)
                  00000ff4    00000150     drivers_tivaware.aem4f : GPIOTiva.oem4f (.text:GPIO_setConfig)
                  00001144    00000004     gpiointerrupt_pem4f.oem4f (.text:ti_sysbios_BIOS_RtsGateProxy_leave__E)
                  00001148    00000148     sysbios.aem4f : BIOS.obj (.text:ti_sysbios_family_arm_m3_Hwi_excMemFault__I)
                  00001290    00000130     driverlib.lib : gpio.obj (.text:GPIOPadConfigSet)
                  000013c0    00000118     ti.targets.arm.rtsarm.aem4f : Error.oem4f (.text:xdc_runtime_Error_policyDefault__E)
                  000014d8    00000108     sysbios.aem4f : BIOS.obj (.text:ti_sysbios_family_arm_lm4_Timer_start__E)
                  000015e0    00000100     Boot.aem4f : Boot_sysctl.oem4f (.text:ti_catalog_arm_cortexm4_tiva_ce_Boot_sysCtlClockSetI__I)
                  000016e0    00000100     ti.targets.arm.rtsarm.aem4f : Core-mem.oem4f (.text:xdc_runtime_Core_createObject__I)
                  000017e0    000000f8                                 : Startup.oem4f (.text:xdc_runtime_Startup_startMods__I)
                  000018d8    000000f8     gpiointerrupt_pem4f.oem4f (.text:xdc_runtime_System_printfExtend__I)
                  000019d0    000000f4     sysbios.aem4f : m3_Hwi_asm.obj (.text:ti_sysbios_family_arm_m3_Hwi_dispatch__I)
                  00001ac4    00000004                   : BIOS.obj (.text:ti_sysbios_family_arm_lm4_Timer_masterEnable__I)
                  00001ac8    000000d4                   : BIOS.obj (.text:ti_sysbios_heaps_HeapMem_alloc__E)
                  00001b9c    000000cc     ti.targets.arm.rtsarm.aem4f : Core-smem.oem4f (.text:xdc_runtime_Core_constructObject__I)
                  00001c68    000000c8     gpiointerrupt.obj (.text:main)
                  00001d30    000000bc     sysbios.aem4f : BIOS.obj (.text:ti_sysbios_family_arm_m3_Hwi_excDebugMon__I)
                  00001dec    00000004     gpiointerrupt_pem4f.oem4f (.text:ti_sysbios_family_arm_m3_Hwi_destruct)
                  00001df0    000000bc     sysbios.aem4f : BIOS.obj (.text:ti_sysbios_family_arm_m3_Hwi_excHardFault__I)
                  00001eac    000000ba     ti.tirtos.utils.aem4f : UARTMon.oem4f (.text:UARTMon_taskFxn)
                  00001f66    00000002     rtsv7M4_T_le_v4SPD16_eabi.lib : _lock.c.obj (.text:_nop)
                  00001f68    000000b4     sysbios.aem4f : BIOS.obj (.text:ti_sysbios_knl_Task_checkStacks__E)
                  0000201c    000000ac     drivers_tivaware.aem4f : UARTTiva.oem4f (.text:readTaskBlocking)
                  000020c8    000000ac     sysbios.aem4f : BIOS.obj (.text:ti_sysbios_family_arm_lm4_Timer_enableTiva__I)
                  00002174    000000a0     auto_init.aem4f : auto_init.oem4f (.text)
                  00002214    000000a0     ti.targets.arm.rtsarm.aem4f : Text.oem4f (.text:xdc_runtime_Text_putMod__E)
                  000022b4    0000009c     rtsv7M4_T_le_v4SPD16_eabi.lib : memcpy_t2.asm.obj (.text)
                  00002350    0000009a     ti.targets.arm.rtsarm.aem4f : Text.oem4f (.text:xdc_runtime_Text_putSite__E)
                  000023ea    00000098     drivers_tivaware.aem4f : UARTTiva.oem4f (.text:UARTTiva_readPolling)
                  00002482    00000002     rtsv7M4_T_le_v4SPD16_eabi.lib : div0.asm.obj (.text)
                  00002484    00000098     Boot.aem4f : Boot.oem4f (.text:ti_catalog_arm_cortexm4_tiva_ce_Boot_sysCtlClockSet__E)
                  0000251c    00000094     drivers_tivaware.aem4f : UARTTiva.oem4f (.text:UARTTiva_write)
                  000025b0    00000094     sysbios.aem4f : BIOS.obj (.text:ti_sysbios_family_arm_m3_Hwi_Instance_init__E)
                  00002644    00000004     gpiointerrupt_pem4f.oem4f (.text:ti_sysbios_family_arm_m3_TaskSupport_Module__startupDone__S)
                  00002648    00000094     sysbios.aem4f : BIOS.obj (.text:ti_sysbios_family_arm_m3_Hwi_initNVIC__E)
                  000026dc    00000004     gpiointerrupt_pem4f.oem4f (.text:ti_sysbios_heaps_HeapMem_Module_GateProxy_enter__E)
                  000026e0    00000094     sysbios.aem4f : BIOS.obj (.text:ti_sysbios_knl_Task_postInit__I)
                  00002774    0000008c     drivers_tivaware.aem4f : GPIOTiva.oem4f (.text:GPIO_init)
                  00002800    0000008c                            : UARTTiva.oem4f (.text:UARTTiva_control)
                  0000288c    0000008c     sysbios.aem4f : m3_TaskSupport_asm.obj (.text:ti_sysbios_family_arm_m3_TaskSupport_buildTaskStack)
                  00002918    0000008a     drivers_tivaware.aem4f : UARTTiva.oem4f (.text:readIsrTextBlocking)
                  000029a2    00000006     driverlib.lib : gpio.obj (.text:GPIOIntClear)
                  000029a8    00000084     sysbios.aem4f : BIOS.obj (.text:ti_sysbios_family_arm_m3_Hwi_postInit__I)
                  00002a2c    00000082     drivers_tivaware.aem4f : UARTTiva.oem4f (.text:readIsrTextCallback)
                  00002aae    00000002     gpiointerrupt_pem4f.oem4f (.text:ti_sysbios_BIOS_nullFunc__I)
                  00002ab0    0000007c     sysbios.aem4f : BIOS.obj (.text:ti_sysbios_heaps_HeapMem_free__E)
                  00002b2c    0000007a     drivers_tivaware.aem4f : UARTTiva.oem4f (.text:readTaskCallback)
                  00002ba6    0000007a     rtsv7M4_T_le_v4SPD16_eabi.lib : memset_t2.asm.obj (.text)
                  00002c20    00000070     sysbios.aem4f : BIOS.obj (.text:ti_sysbios_knl_Clock_workFunc__E)
                  00002c90    00000070                   : BIOS.obj (.text:ti_sysbios_knl_Task_exit__E)
                  00002d00    0000006d     ti.targets.arm.rtsarm.aem4f : System.oem4f (.text:xdc_runtime_System_formatNum__I)
                  00002d6d    00000001     --HOLE-- [fill = 0]
                  00002d6e    00000002     gpiointerrupt_pem4f.oem4f (.text:xdc_runtime_Startup_reset__I)
                  00002d70    0000006c     sysbios.aem4f : BIOS.obj (.text:ti_sysbios_knl_Swi_restoreHwi__E)
                  00002ddc    0000006c     drivers_tivaware.aem4f : UARTTiva.oem4f (.text:writeData)
                  00002e48    0000006c     ti.targets.arm.rtsarm.aem4f : Error.oem4f (.text:xdc_runtime_Error_print__E)
                  00002eb4    0000006c                                 : Memory.oem4f (.text:xdc_runtime_Memory_alloc__E)
                  00002f20    00000068     rtsv7M4_T_le_v4SPD16_eabi.lib : copy_decompress_lzss.c.obj (.text:decompress:lzss:__TI_decompress_lzss)
                  00002f88    00000066     ti.targets.arm.rtsarm.aem4f : Core-mem.oem4f (.text:xdc_runtime_Core_deleteObject__I)
                  00002fee    00000002     --HOLE-- [fill = 0]
                  00002ff0    00000064     drivers_tivaware.aem4f : GPIOTiva.oem4f (.text:GPIO_hwiIntFxn)
                  00003054    00000004     gpiointerrupt_pem4f.oem4f (.text:ti_sysbios_heaps_HeapMem_Module_GateProxy_leave__E)
                  00003058    00000064     sysbios.aem4f : BIOS.obj (.text:ti_sysbios_family_arm_lm4_Timer_Module_startup__E)
                  000030bc    00000064     gpiointerrupt_pem4f.oem4f (.text:ti_sysbios_family_arm_m3_Hwi_create)
                  00003120    00000064     sysbios.aem4f : BIOS.obj (.text:ti_sysbios_family_arm_m3_Hwi_dispatchC__I)
                  00003184    00000004     gpiointerrupt_pem4f.oem4f (.text:ti_sysbios_knl_Clock_TimerProxy_getMaxTicks__E)
                  00003188    00000064     sysbios.aem4f : BIOS.obj (.text:ti_sysbios_knl_Semaphore_post__E)
                  000031ec    00000004     gpiointerrupt_pem4f.oem4f (.text:ti_sysbios_knl_Clock_destruct)
                  000031f0    00000060     sysbios.aem4f : BIOS.obj (.text:ti_sysbios_knl_Task_schedule__I)
                  00003250    0000005e     drivers_tivaware.aem4f : UARTTiva.oem4f (.text:readIsrBinaryBlocking)
                  000032ae    00000002     --HOLE-- [fill = 0]
                  000032b0    0000005c     sysbios.aem4f : BIOS.obj (.text:ti_sysbios_knl_Swi_run__I)
                  0000330c    00000004     gpiointerrupt_pem4f.oem4f (.text:ti_sysbios_knl_Queue_destruct)
                  00003310    0000005c     sysbios.aem4f : BIOS.obj (.text:ti_sysbios_knl_Swi_schedule__I)
                  0000336c    00000004     gpiointerrupt_pem4f.oem4f (.text:ti_sysbios_knl_Semaphore_destruct)
                  00003370    0000005c     sysbios.aem4f : BIOS.obj (.text:ti_sysbios_knl_Task_Module_startup__E)
                  000033cc    00000004     ti.targets.arm.rtsarm.aem4f : Error.oem4f (.text:xdc_runtime_Error_getSite__E)
                  000033d0    0000005c     sysbios.aem4f : BIOS.obj (.text:ti_sysbios_knl_Task_startCore__E)
                  0000342c    0000005b     ti.targets.arm.rtsarm.aem4f : Text.oem4f (.text:xdc_runtime_Text_putLab__E)
                  00003487    00000001     --HOLE-- [fill = 0]
                  00003488    00000058     boot.aem4f : boot.oem4f (.text)
                  000034e0    00000058     rtsv7M4_T_le_v4SPD16_eabi.lib : hostwrite.c.obj (.text:HOSTwrite)
                  00003538    00000058     gpiointerrupt_pem4f.oem4f (.text:ti_sysbios_family_arm_m3_Hwi_construct)
                  00003590    00000058     sysbios.aem4f : m3_Hwi_asm_switch.obj (.text:ti_sysbios_family_arm_m3_Hwi_initStacks__E)
                  000035e8    00000056     driverlib.lib : gpio.obj (.text:GPIOIntTypeSet)
                  0000363e    00000054     drivers_tivaware.aem4f : UARTTiva.oem4f (.text:readIsrBinaryCallback)
                  00003692    00000006     driverlib.lib : gpio.obj (.text:GPIOPinRead)
                  00003698    00000054     sysbios.aem4f : BIOS.obj (.text:ti_sysbios_family_arm_lm4_Timer_initDevice__I)
                  000036ec    00000054     ti.targets.arm.rtsarm.aem4f : Assert.oem4f (.text:xdc_runtime_Assert_raise__I)
                  00003740    00000050     drivers_tivaware.aem4f : GPIOTiva.oem4f (.text:GPIO_setCallback)
                  00003790    00000050                            : GPIOTiva.oem4f (.text:GPIO_toggle)
                  000037e0    00000050                            : GPIOTiva.oem4f (.text:GPIO_write)
                  00003830    00000050                            : UARTTiva.oem4f (.text:UARTTiva_writeCancel)
                  00003880    00000050     sysbios.aem4f : BIOS.obj (.text:ti_sysbios_family_arm_m3_Hwi_Module_startup__E)
                  000038d0    00000050                   : BIOS.obj (.text:ti_sysbios_knl_Clock_Instance_init__E)
                  00003920    00000050     ti.targets.arm.rtsarm.aem4f : Startup.oem4f (.text:xdc_runtime_Startup_exec__E)
                  00003970    00000050                                 : Text.oem4f (.text:xdc_runtime_Text_visitRope2__I)
                  000039c0    0000004c     drivers_tivaware.aem4f : UARTTiva.oem4f (.text:UARTTiva_close)
                  00003a0c    0000004c     rtsv7M4_T_le_v4SPD16_eabi.lib : cpy_tbl.c.obj (.text:copy_in)
                  00003a58    0000004c     sysbios.aem4f : BIOS.obj (.text:ti_sysbios_heaps_HeapMem_getStats__E)
                  00003aa4    00000004     gpiointerrupt_pem4f.oem4f (.text:xdc_runtime_System_Module_GateProxy_enter__E)
                  00003aa8    0000004c     sysbios.aem4f : BIOS.obj (.text:ti_sysbios_knl_Swi_runLoop__I)
                  00003af4    00000004     gpiointerrupt_pem4f.oem4f (.text:xdc_runtime_System_Module_GateProxy_leave__E)
                  00003af8    0000004c     sysbios.aem4f : BIOS.obj (.text:ti_sysbios_knl_Task_allBlockedFunction__I)
                  00003b44    00000048     driverlib.lib : gpio.obj (.text:GPIOPinConfigure)
                  00003b8c    00000004     ti.targets.arm.rtsarm.aem4f : System.oem4f (.text:xdc_runtime_System_aprintf_va__F)
                  00003b90    00000048     sysbios.aem4f : BIOS.obj (.text:ti_sysbios_family_arm_lm4_Timer_enableTimers__I)
                  00003bd8    00000048                   : BIOS.obj (.text:ti_sysbios_family_arm_m3_Hwi_disableInterrupt__E)
                  00003c20    00000048                   : BIOS.obj (.text:ti_sysbios_family_arm_m3_Hwi_enableInterrupt__E)
                  00003c68    00000048                   : BIOS.obj (.text:ti_sysbios_family_arm_m3_Hwi_excReserved__I)
                  00003cb0    00000046     drivers_tivaware.aem4f : RingBuf.oem4f (.text:RingBuf_put)
                  00003cf6    00000046     ti.targets.arm.rtsarm.aem4f : Core-params.oem4f (.text:xdc_runtime_Core_assignParams__I)
                  00003d3c    00000004                                 : System.oem4f (.text:xdc_runtime_System_printf_va__F)
                  00003d40    00000044     sysbios.aem4f : BIOS.obj (.text:ti_sysbios_family_arm_lm4_Timer_isrStub__E)
                  00003d84    00000004     --HOLE-- [fill = 0]
                  00003d88    00000044                   : BIOS.obj (.text:ti_sysbios_family_arm_m3_Hwi_getStackInfo__E)
                  00003dcc    00000004     --HOLE-- [fill = 0]
                  00003dd0    00000044                   : BIOS.obj (.text:ti_sysbios_knl_Swi_post__E)
                  00003e14    00000044     ti.targets.arm.rtsarm.aem4f : Error.oem4f (.text:xdc_runtime_Error_setX__E)
                  00003e58    00000044                                 : SysMin.oem4f (.text:xdc_runtime_SysMin_flush__E)
                  00003e9c    00000044                                 : Text.oem4f (.text:xdc_runtime_Text_xprintf__I)
                  00003ee0    00000042     driverlib.lib : uart.obj (.text:UARTConfigSetExpClk)
                  00003f22    00000042     drivers_tivaware.aem4f : UARTTiva.oem4f (.text:UARTTiva_hwiIntFxn)
                  00003f64    00000042                            : UARTTiva.oem4f (.text:UARTTiva_writePolling)
                  00003fa6    00000002     --HOLE-- [fill = 0]
                  00003fa8    00000040     EK_TM4C123GXL.obj (.text:EK_TM4C123GXL_initGeneral)
                  00003fe8    00000040     drivers_tivaware.aem4f : RingBuf.oem4f (.text:RingBuf_get)
                  00004028    00000040                            : UARTTiva.oem4f (.text:UARTTiva_read)
                  00004068    00000040     rtsv7M4_T_le_v4SPD16_eabi.lib : u_divt2.asm.obj (.text)
                  000040a8    00000040     sysbios.aem4f : BIOS.obj (.text:ti_sysbios_family_arm_lm4_Timer_startup__E)
                  000040e8    00000040                   : BIOS.obj (.text:ti_sysbios_heaps_HeapMem_Instance_init__E)
                  00004128    0000003c                   : BIOS.obj (.text:ti_sysbios_family_arm_m3_Hwi_excSvCall__I)
                  00004164    00000004     --HOLE-- [fill = 0]
                  00004168    0000003c                   : BIOS.obj (.text:ti_sysbios_heaps_HeapMem_init__I)
                  000041a4    00000004     --HOLE-- [fill = 0]
                  000041a8    0000003c                   : BIOS.obj (.text:ti_sysbios_knl_Swi_restore__E)
                  000041e4    00000038     drivers_tivaware.aem4f : UART.oem4f (.text:UART_init)
                  0000421c    00000038     rtsv7M4_T_le_v4SPD16_eabi.lib : trgmsg.c.obj (.text:__TI_writemsg)
                  00004254    00000004     --HOLE-- [fill = 0]
                  00004258    00000038     sysbios.aem4f : BIOS.obj (.text:ti_sysbios_family_arm_m3_Hwi_excNoIsr__I)
                  00004290    00000038                   : BIOS.obj (.text:ti_sysbios_knl_Task_processVitalTaskFlag__I)
                  000042c8    00000038     ti.targets.arm.rtsarm.aem4f : SysMin.oem4f (.text:xdc_runtime_SysMin_putch__E)
                  00004300    00000038                                 : System.oem4f (.text:xdc_runtime_System_atexit__E)
                  00004338    00000036     drivers_tivaware.aem4f : UARTTiva.oem4f (.text:UARTTiva_readCancel)
                  0000436e    00000002     --HOLE-- [fill = 0]
                  00004370    00000034     driverlib.lib : sysctl.obj (.text:SysCtlPeripheralEnable)
                  000043a4    00000034     rtsv7M4_T_le_v4SPD16_eabi.lib : trgmsg.c.obj (.text:__TI_readmsg)
                  000043d8    00000034     sysbios.aem4f : BIOS.obj (.text:ti_sysbios_family_arm_m3_Hwi_Instance_finalize__E)
                  0000440c    00000004     --HOLE-- [fill = 0]
                  00004410    00000034                   : BIOS.obj (.text:ti_sysbios_family_arm_m3_Hwi_excNmi__I)
                  00004444    00000004     --HOLE-- [fill = 0]
                  00004448    00000034                   : BIOS.obj (.text:ti_sysbios_hal_Hwi_checkStack)
                  0000447c    00000034     gpiointerrupt_pem4f.oem4f (.text:ti_sysbios_knl_Clock_construct)
                  000044b0    00000034     ti.targets.arm.rtsarm.aem4f : Core-label.oem4f (.text:xdc_runtime_Core_assignLabel__I)
                  000044e4    00000033                                 : Text.oem4f (.text:xdc_runtime_Text_printVisFxn__I)
                  00004517    00000001     --HOLE-- [fill = 0]
                  00004518    00000032     sysbios.aem4f : BIOS.obj (.text:ti_sysbios_hal_Hwi_initStack)
                  0000454a    00000002     --HOLE-- [fill = 0]
                  0000454c    00000030     EK_TM4C123GXL.obj (.text:EK_TM4C123GXL_initGPIO)
                  0000457c    00000030     drivers_tivaware.aem4f : GPIOTiva.oem4f (.text:GPIO_enableInt)
                  000045ac    00000030                            : UART.oem4f (.text:UART_open)
                  000045dc    00000030     gpiointerrupt_pem4f.oem4f (.text:ti_sysbios_BIOS_atExitFunc__I)
                  0000460c    00000004     --HOLE-- [fill = 0]
                  00004610    00000030     sysbios.aem4f : BIOS.obj (.text:ti_sysbios_family_arm_lm4_Timer_stop__E)
                  00004640    00000030                   : BIOS.obj (.text:ti_sysbios_family_arm_m3_TaskSupport_start__E)
                  00004670    00000030     gpiointerrupt_pem4f.oem4f (.text:ti_sysbios_gates_GateHwi_Object__create__S)
                  000046a0    00000030     gpiointerrupt_pem4f.oem4f (.text:ti_sysbios_gates_GateMutex_Object__create__S)
                  000046d0    00000030     sysbios.aem4f : BIOS.obj (.text:ti_sysbios_gates_GateMutex_enter__E)
                  00004700    00000030     gpiointerrupt_pem4f.oem4f (.text:ti_sysbios_heaps_HeapMem_Object__create__S)
                  00004730    00000030     gpiointerrupt_pem4f.oem4f (.text:ti_sysbios_knl_Semaphore_construct)
                  00004760    00000030     sysbios.aem4f : BIOS.obj (.text:ti_sysbios_knl_Semaphore_pendTimeout__I)
                  00004790    00000030                   : BIOS.obj (.text:ti_sysbios_knl_Task_unblockI__E)
                  000047c0    00000030     ti.targets.arm.rtsarm.aem4f : SysMin.oem4f (.text:xdc_runtime_SysMin_abort__E)
                  000047f0    00000030                                 : System.oem4f (.text:xdc_runtime_System_processAtExit__E)
                  00004820    0000002c     EK_TM4C123GXL.obj (.text:EK_TM4C123GXL_initUART)
                  0000484c    0000002c     gpiointerrupt_pem4f.oem4f (.text:ti_sysbios_knl_Clock_doTick__I)
                  00004878    0000002c     gpiointerrupt_pem4f.oem4f (.text:ti_sysbios_knl_Queue_construct)
                  000048a4    00000004     --HOLE-- [fill = 0]
                  000048a8    0000002c     sysbios.aem4f : BIOS.obj (.text:ti_sysbios_knl_Task_restore__E)
                  000048d4    0000002c     ti.targets.arm.rtsarm.aem4f : Text.oem4f (.text:xdc_runtime_Text_cordText__E)
                  00004900    0000002a     driverlib.lib : gpio.obj (.text:GPIODirModeSet)
                  0000492a    0000002a     ti.targets.arm.rtsarm.aem4f : System.oem4f (.text:xdc_runtime_System_putchar__I)
                  00004954    00000004     --HOLE-- [fill = 0]
                  00004958    00000028     sysbios.aem4f : BIOS.obj (.text:ti_sysbios_knl_Swi_Module_startup__E)
                  00004980    00000026                   : m3_Hwi_asm.obj (.text:ti_sysbios_family_arm_m3_Hwi_pendSV__I)
                  000049a6    00000026     ti.targets.arm.rtsarm.aem4f : System.oem4f (.text:xdc_runtime_System_avprintf__E)
                  000049cc    00000024     gpiointerrupt.obj (.text:gpioButtonFxn0)
                  000049f0    00000024     gpiointerrupt.obj (.text:gpioButtonFxn1)
                  00004a14    00000024     gpiointerrupt_pem4f.oem4f (.text:ti_sysbios_BIOS_errorRaiseHook__I)
                  00004a38    00000024     gpiointerrupt_pem4f.oem4f (.text:ti_sysbios_BIOS_registerRTSLock__I)
                  00004a5c    00000024     gpiointerrupt_pem4f.oem4f (.text:ti_sysbios_BIOS_removeRTSLock__I)
                  00004a80    00000024     gpiointerrupt_pem4f.oem4f (.text:ti_sysbios_BIOS_startFunc__I)
                  00004aa4    00000024     gpiointerrupt_pem4f.oem4f (.text:ti_sysbios_gates_GateMutex_Object__delete__S)
                  00004ac8    00000024     sysbios.aem4f : BIOS.obj (.text:ti_sysbios_knl_Clock_Module_startup__E)
                  00004aec    00000004     --HOLE-- [fill = 0]
                  00004af0    00000024                   : BIOS.obj (.text:ti_sysbios_knl_Clock_start__E)
                  00004b14    00000004     --HOLE-- [fill = 0]
                  00004b18    00000024                   : BIOS.obj (.text:ti_sysbios_knl_Semaphore_Instance_init__E)
                  00004b3c    00000004     --HOLE-- [fill = 0]
                  00004b40    00000024                   : BIOS.obj (.text:ti_sysbios_knl_Task_restoreHwi__E)
                  00004b64    00000024     ti.targets.arm.rtsarm.aem4f : System.oem4f (.text:xdc_runtime_System_vprintf__E)
                  00004b88    00000022     sysbios.aem4f : BIOS.obj (.text:ti_sysbios_family_arm_lm4_Timer_write__I)
                  00004baa    00000022     gpiointerrupt_pem4f.oem4f (.text:xdc_runtime_SysMin_output__I)
                  00004bcc    00000020     gpiointerrupt_pem4f.oem4f (.text:ti_sysbios_BIOS_rtsLock__I)
                  00004bec    00000020     sysbios.aem4f : m3_Hwi_asm.obj (.text:ti_sysbios_family_arm_m3_Hwi_excHandlerAsm__I)
                  00004c0c    00000004     --HOLE-- [fill = 0]
                  00004c10    00000020                   : BIOS.obj (.text:ti_sysbios_family_arm_m3_Hwi_excHandler__I)
                  00004c30    00000020     gpiointerrupt_pem4f.oem4f (.text:ti_sysbios_gates_GateHwi_Object__delete__S)
                  00004c50    00000020     gpiointerrupt_pem4f.oem4f (.text:ti_sysbios_heaps_HeapMem_Object__delete__S)
                  00004c70    00000020     gpiointerrupt_pem4f.oem4f (.text:ti_sysbios_knl_Clock_Object__destruct__S)
                  00004c90    00000020     sysbios.aem4f : BIOS.obj (.text:ti_sysbios_knl_Idle_run__E)
                  00004cb0    00000020     gpiointerrupt_pem4f.oem4f (.text:ti_sysbios_knl_Semaphore_Object__destruct__S)
                  00004cd0    00000020     ti.targets.arm.rtsarm.aem4f : Registry.oem4f (.text:xdc_runtime_Registry_findById__E)
                  00004cf0    00000020                                 : SysMin.oem4f (.text:xdc_runtime_SysMin_Module_startup__E)
                  00004d10    0000001e     sysbios.aem4f : m3_Hwi_asm_switch.obj (.text:ti_sysbios_family_xxx_Hwi_switchAndRunFunc)
                  00004d2e    00000002     --HOLE-- [fill = 0]
                  00004d30    0000001c     driverlib.lib : uart.obj (.text:UARTDisable)
                  00004d4c    0000001c     drivers_tivaware.aem4f : GPIOTiva.oem4f (.text:getGpioIntIndex)
                  00004d68    0000001c     gpiointerrupt_pem4f.oem4f (.text:ti_sysbios_family_arm_m3_Hwi_Object__destruct__S)
                  00004d84    00000004     --HOLE-- [fill = 0]
                  00004d88    0000001c     sysbios.aem4f : BIOS.obj (.text:ti_sysbios_gates_GateMutex_Instance_init__E)
                  00004da4    00000004     --HOLE-- [fill = 0]
                  00004da8    0000001c                   : BIOS.obj (.text:ti_sysbios_knl_Clock_Instance_finalize__E)
                  00004dc4    0000001c     gpiointerrupt_pem4f.oem4f (.text:ti_sysbios_knl_Queue_Object__destruct__S)
                  00004de0    0000001c     sysbios.aem4f : BIOS.obj (.text:ti_sysbios_knl_Queue_put__E)
                  00004dfc    00000004     --HOLE-- [fill = 0]
                  00004e00    0000001c                   : BIOS.obj (.text:ti_sysbios_knl_Task_enter__I)
                  00004e1c    0000001c     ti.targets.arm.rtsarm.aem4f : Error.oem4f (.text:xdc_runtime_Error_raiseX__E)
                  00004e38    0000001c                                 : Memory.oem4f (.text:xdc_runtime_Memory_valloc__E)
                  00004e54    0000001c                                 : SysMin.oem4f (.text:xdc_runtime_SysMin_exit__E)
                  00004e70    0000001c                                 : System.oem4f (.text:xdc_runtime_System_abort__E)
                  00004e8c    0000001a     gpiointerrupt_pem4f.oem4f (.text:ti_sysbios_family_arm_m3_Hwi_Handle__label__S)
                  00004ea6    0000001a     gpiointerrupt_pem4f.oem4f (.text:ti_sysbios_gates_GateHwi_Handle__label__S)
                  00004ec0    0000001a     gpiointerrupt_pem4f.oem4f (.text:ti_sysbios_gates_GateMutex_Handle__label__S)
                  00004eda    0000001a     gpiointerrupt_pem4f.oem4f (.text:ti_sysbios_heaps_HeapMem_Handle__label__S)
                  00004ef4    0000001a     gpiointerrupt_pem4f.oem4f (.text:ti_sysbios_knl_Swi_Handle__label__S)
                  00004f0e    0000001a     gpiointerrupt_pem4f.oem4f (.text:ti_sysbios_knl_Task_Handle__label__S)
                  00004f28    0000001a     gpiointerrupt_pem4f.oem4f (.text:xdc_runtime_System_aprintf__E)
                  00004f42    0000001a     gpiointerrupt_pem4f.oem4f (.text:xdc_runtime_System_printf__E)
                  00004f5c    00000018     drivers_tivaware.aem4f : UART.oem4f (.text:UART_Params_init)
                  00004f74    00000018     rtsv7M4_T_le_v4SPD16_eabi.lib : args_main.c.obj (.text:_args_main)
                  00004f8c    00000018     gpiointerrupt_pem4f.oem4f (.text:ti_sysbios_BIOS_rtsUnlock__I)
                  00004fa4    00000018     gpiointerrupt_pem4f.oem4f (.text:ti_sysbios_family_arm_lm4_Timer_Module__startupDone__F)
                  00004fbc    00000018     gpiointerrupt_pem4f.oem4f (.text:ti_sysbios_family_arm_m3_Hwi_Module__startupDone__F)
                  00004fd4    00000018     sysbios.aem4f : m3_TaskSupport_asm.obj (.text:ti_sysbios_family_arm_m3_TaskSupport_swap__E)
                  00004fec    00000004     --HOLE-- [fill = 0]
                  00004ff0    00000018                   : BIOS.obj (.text:ti_sysbios_gates_GateMutex_leave__E)
                  00005008    00000018     ti.targets.arm.rtsarm.aem4f : Error.oem4f (.text:xdc_runtime_Error_check__E)
                  00005020    00000018                                 : System.oem4f (.text:xdc_runtime_System_exit__E)
                  00005038    00000018                                 : Text.oem4f (.text:xdc_runtime_Text_ropeText__E)
                  00005050    00000016     gpiointerrupt_pem4f.oem4f (.text:ti_sysbios_BIOS_exitFunc__I)
                  00005066    00000014     driverlib.lib : uart.obj (.text:UARTEnable)
                  0000507a    00000014     rtsv7M4_T_le_v4SPD16_eabi.lib : strlen.c.obj (.text:strlen)
                  0000508e    00000002     --HOLE-- [fill = 0]
                  00005090    00000014     gpiointerrupt_pem4f.oem4f (.text:ti_sysbios_family_arm_m3_Hwi_Object__get__S)
                  000050a4    00000004     --HOLE-- [fill = 0]
                  000050a8    00000014     sysbios.aem4f : BIOS.obj (.text:ti_sysbios_family_arm_m3_Hwi_switchFromBootStack__E)
                  000050bc    00000014     gpiointerrupt_pem4f.oem4f (.text:ti_sysbios_heaps_HeapMem_Object__get__S)
                  000050d0    00000014     gpiointerrupt_pem4f.oem4f (.text:ti_sysbios_knl_Swi_Object__get__S)
                  000050e4    00000012     driverlib.lib : gpio.obj (.text:GPIOPinTypeGPIOInput)
                  000050f6    00000012                   : gpio.obj (.text:GPIOPinTypeUART)
                  00005108    00000012     drivers_tivaware.aem4f : RingBuf.oem4f (.text:RingBuf_construct)
                  0000511a    00000006     driverlib.lib : gpio.obj (.text:GPIOPinWrite)
                  00005120    00000012     sysbios.aem4f : BIOS.obj (.text:ti_sysbios_hal_Hwi_Module_startup__E)
                  00005132    00000012     gpiointerrupt_pem4f.oem4f (.text:xdc_runtime_Startup_exec__I)
                  00005144    00000010     drivers_tivaware.aem4f : UARTTiva.oem4f (.text:readBlockingTimeout)
                  00005154    00000004     --HOLE-- [fill = 0]
                  00005158    00000010     sysbios.aem4f : BIOS.obj (.text:ti_sysbios_BIOS_getCpuFreq__E)
                  00005168    00000010                   : BIOS.obj (.text:ti_sysbios_BIOS_setThreadType__E)
                  00005178    00000010                   : BIOS.obj (.text:ti_sysbios_BIOS_start__E)
                  00005188    00000010                   : m3_TaskSupport_asm.obj (.text:ti_sysbios_family_arm_m3_TaskSupport_glue)
                  00005198    00000010                   : BIOS.obj (.text:ti_sysbios_gates_GateMutex_Instance_finalize__E)
                  000051a8    00000010                   : BIOS.obj (.text:ti_sysbios_knl_Semaphore_Instance_finalize__E)
                  000051b8    00000010                   : BIOS.obj (.text:ti_sysbios_knl_Swi_disable__E)
                  000051c8    00000010     gpiointerrupt_pem4f.oem4f (.text:ti_sysbios_knl_Task_Object__get__S)
                  000051d8    00000010     sysbios.aem4f : BIOS.obj (.text:ti_sysbios_knl_Task_disable__E)
                  000051e8    00000010     ti.targets.arm.rtsarm.aem4f : Gate.oem4f (.text:xdc_runtime_Gate_leaveSystem__E)
                  000051f8    00000010                                 : Memory.oem4f (.text:xdc_runtime_Memory_free__E)
                  00005208    00000010                                 : SysMin.oem4f (.text:xdc_runtime_SysMin_ready__E)
                  00005218    00000010                                 : System.oem4f (.text:xdc_runtime_System_vsnprintf__E)
                  00005228    00000010     gpiointerrupt_pem4f.oem4f (.text:xdc_runtime_Text_visitRope__I)
                  00005238    0000000e     driverlib.lib : gpio.obj (.text:GPIOIntStatus)
                  00005246    0000000e                   : uart.obj (.text:UARTCharGetNonBlocking)
                  00005254    0000000e                   : uart.obj (.text:UARTCharPutNonBlocking)
                  00005262    0000000e     rtsv7M4_T_le_v4SPD16_eabi.lib : copy_decompress_none.c.obj (.text:decompress:none:__TI_decompress_none)
                  00005270    0000000e     sysbios.aem4f : BIOS.obj (.text:ti_sysbios_knl_Idle_loop__E)
                  0000527e    00000002     --HOLE-- [fill = 0]
                  00005280    0000000e                   : BIOS.obj (.text:ti_sysbios_knl_Queue_empty__E)
                  0000528e    00000002     --HOLE-- [fill = 0]
                  00005290    0000000c     gpiointerrupt_pem4f.oem4f (.text:.bootCodeSection:ti_catalog_arm_cortexm4_tiva_ce_Boot_init__I)
                  0000529c    0000000c     driverlib.lib : gpio.obj (.text:GPIOIntEnable)
                  000052a8    0000000c     drivers_tivaware.aem4f : RingBuf.oem4f (.text:RingBuf_peek)
                  000052b4    0000000c     driverlib.lib : uart.obj (.text:UARTFlowControlSet)
                  000052c0    0000000c     drivers_tivaware.aem4f : UARTTiva.oem4f (.text:UARTTiva_init)
                  000052cc    0000000c     rtsv7M4_T_le_v4SPD16_eabi.lib : _lock.c.obj (.text:_register_lock)
                  000052d8    0000000c                                   : _lock.c.obj (.text:_register_unlock)
                  000052e4    0000000c                                   : copy_zero_init.c.obj (.text:decompress:ZI:__TI_zero_init)
                  000052f0    0000000c     sysbios.aem4f : BIOS.obj (.text:ti_sysbios_family_arm_lm4_Timer_getMaxTicks__E)
                  000052fc    0000000c     gpiointerrupt_pem4f.oem4f (.text:ti_sysbios_family_arm_m3_Hwi_Params__init__S)
                  00005308    0000000c     sysbios.aem4f : BIOS.obj (.text:ti_sysbios_family_arm_m3_Hwi_disableFxn__E)
                  00005314    00000004     --HOLE-- [fill = 0]
                  00005318    0000000c                   : BIOS.obj (.text:ti_sysbios_family_arm_m3_TaskSupport_checkStack__E)
                  00005324    00000004     --HOLE-- [fill = 0]
                  00005328    0000000c                   : BIOS.obj (.text:ti_sysbios_gates_GateHwi_enter__E)
                  00005334    0000000c     gpiointerrupt_pem4f.oem4f (.text:ti_sysbios_knl_Clock_Params__init__S)
                  00005340    0000000c     gpiointerrupt_pem4f.oem4f (.text:ti_sysbios_knl_Queue_Object__get__S)
                  0000534c    0000000c     gpiointerrupt_pem4f.oem4f (.text:ti_sysbios_knl_Semaphore_Params__init__S)
                  00005358    0000000c     ti.targets.arm.rtsarm.aem4f : Error.oem4f (.text:xdc_runtime_Error_init__E)
                  00005364    0000000c                                 : Gate.oem4f (.text:xdc_runtime_Gate_enterSystem__E)
                  00005370    0000000c                                 : Memory.oem4f (.text:xdc_runtime_Memory_calloc__E)
                  0000537c    0000000c                                 : Memory.oem4f (.text:xdc_runtime_Memory_getMaxDefaultTypeAlign__E)
                  00005388    0000000a     driverlib.lib : uart.obj (.text:UARTCharGet)
                  00005392    0000000a                   : uart.obj (.text:UARTCharPut)
                  0000539c    0000000a                   : uart.obj (.text:UARTIntDisable)
                  000053a6    0000000a                   : uart.obj (.text:UARTIntStatus)
                  000053b0    0000000a     drivers_tivaware.aem4f : UART.oem4f (.text:UART_read)
                  000053ba    0000000a                            : UART.oem4f (.text:UART_write)
                  000053c4    0000000a     gpiointerrupt_pem4f.oem4f (.text:xdc_runtime_IHeap_alloc)
                  000053ce    0000000a     gpiointerrupt_pem4f.oem4f (.text:xdc_runtime_IHeap_free)
                  000053d8    00000008     driverlib.lib : uart.obj (.text:UARTIntEnable)
                  000053e0    00000008                   : uart.obj (.text:UARTRxErrorGet)
                  000053e8    00000008     drivers_tivaware.aem4f : UARTTiva.oem4f (.text:readSemCallback)
                  000053f0    00000008     sysbios.aem4f : BIOS.obj (.text:ti_sysbios_family_arm_lm4_Timer_masterDisable__I)
                  000053f8    00000008                   : BIOS.obj (.text:ti_sysbios_family_arm_m3_Hwi_doSwiRestore__I)
                  00005400    00000008                   : BIOS.obj (.text:ti_sysbios_family_arm_m3_Hwi_startup__E)
                  00005408    00000008     drivers_tivaware.aem4f : UARTTiva.oem4f (.text:writeSemCallback)
                  00005410    00000006     driverlib.lib : uart.obj (.text:UARTFIFOLevelSet)
                  00005416    00000006                   : uart.obj (.text:UARTRxErrorClear)
                  0000541c    00000006     Boot.aem4f : Boot_sysctl.oem4f (.text:ti_catalog_arm_cortexm4_tiva_ce_Boot_sysCtlDelayI__I)
                  00005422    00000006     ti.targets.arm.rtsarm.aem4f : System.oem4f (.text:xdc_runtime_System_Module_startup__E)
                  00005428    00000006     sysbios.aem4f : BIOS.obj (.text:ti_sysbios_family_arm_m3_Hwi_doTaskRestore__I)
                  0000542e    00000002     --HOLE-- [fill = 0]
                  00005430    00000006                   : BIOS.obj (.text:ti_sysbios_family_arm_m3_Hwi_restoreFxn__E)
                  00005436    00000002     --HOLE-- [fill = 0]
                  00005438    00000006                   : BIOS.obj (.text:ti_sysbios_gates_GateHwi_leave__E)
                  0000543e    00000002     --HOLE-- [fill = 0]
                  00005440    00000006                   : BIOS.obj (.text:ti_sysbios_heaps_HeapMem_isBlocking__E)
                  00005446    00000002     --HOLE-- [fill = 0]
                  00005448    00000006                   : BIOS.obj (.text:ti_sysbios_knl_Clock_stop__E)
                  0000544e    00000002     --HOLE-- [fill = 0]
                  00005450    00000006                   : BIOS.obj (.text:ti_sysbios_knl_Queue_Instance_init__E)
                  00005456    00000002     --HOLE-- [fill = 0]
                  00005458    00000006                   : BIOS.obj (.text:ti_sysbios_knl_Swi_startup__E)
                  0000545e    00000002     --HOLE-- [fill = 0]
                  00005460    00000004                   : BIOS.obj (.text:ti_sysbios_gates_GateHwi_query__E)
                  00005464    00000004     --HOLE-- [fill = 0]
                  00005468    00000004                   : BIOS.obj (.text:ti_sysbios_gates_GateMutex_query__E)
                  0000546c    00000004     --HOLE-- [fill = 0]
                  00005470    00000004                   : BIOS.obj (.text:ti_sysbios_knl_Task_startup__E)
                  00005474    00000004     --HOLE-- [fill = 0]
                  00005478    00000002                   : BIOS.obj (.text:ti_sysbios_gates_GateHwi_Instance_init__E)
                  0000547a    00000006     --HOLE-- [fill = 0]
                  00005480    00000002                   : BIOS.obj (.text:ti_sysbios_knl_Clock_logTick__E)

.const     0    00005484    00001f5a     
                  00005484    0000186d     gpiointerrupt_pem4f.oem4f (.const:xdc_runtime_Text_charTab__A)
                  00006cf1    00000001     gpiointerrupt_pem4f.oem4f (.const:xdc_runtime_Error_policy__C)
                  00006cf2    000000bc     gpiointerrupt_pem4f.oem4f (.const:xdc_runtime_Text_nodeTab__A)
                  00006dae    00000002     gpiointerrupt_pem4f.oem4f (.const:ti_catalog_arm_cortexm4_tiva_ce_Boot_Module__id__C)
                  00006db0    00000090     driverlib.lib : gpio.obj (.const:g_pui32GPIOBaseAddrs)
                  00006e40    00000054     drivers_tivaware.aem4f : GPIOTiva.oem4f (.const:.string)
                  00006e94    0000004c                            : UARTTiva.oem4f (.const)
                  00006ee0    00000048     gpiointerrupt_pem4f.oem4f (.const:.string)
                  00006f28    00000048     drivers_tivaware.aem4f : GPIOTiva.oem4f (.const:gpioBaseAddresses)
                  00006f70    00000030     gpiointerrupt_pem4f.oem4f (.const:ti_sysbios_family_arm_m3_Hwi_Object__PARAMS__C)
                  00006fa0    00000028     drivers_tivaware.aem4f : UARTTiva.oem4f (.const:UARTTiva_fxnTable)
                  00006fc8    00000028     gpiointerrupt_pem4f.oem4f (.const:ti_sysbios_heaps_HeapMem_Module__FXNS__C)
                  00006ff0    00000024     drivers_tivaware.aem4f : UART.oem4f (.const:UART_defaultParams)
                  00007014    00000024     gpiointerrupt_pem4f.oem4f (.const:ti_sysbios_gates_GateHwi_Module__FXNS__C)
                  00007038    00000024     gpiointerrupt_pem4f.oem4f (.const:ti_sysbios_gates_GateMutex_Module__FXNS__C)
                  0000705c    00000024     gpiointerrupt_pem4f.oem4f (.const:ti_sysbios_heaps_HeapMem_Object__PARAMS__C)
                  00007080    00000024     gpiointerrupt_pem4f.oem4f (.const:ti_sysbios_knl_Clock_Object__PARAMS__C)
                  000070a4    00000024     gpiointerrupt_pem4f.oem4f (.const:ti_sysbios_knl_Semaphore_Object__PARAMS__C)
                  000070c8    00000020     gpiointerrupt_pem4f.oem4f (.const:ti_sysbios_family_arm_m3_Hwi_Object__DESC__C)
                  000070e8    00000020     gpiointerrupt_pem4f.oem4f (.const:ti_sysbios_gates_GateHwi_Object__DESC__C)
                  00007108    00000020     gpiointerrupt_pem4f.oem4f (.const:ti_sysbios_gates_GateMutex_Object__DESC__C)
                  00007128    00000020     gpiointerrupt_pem4f.oem4f (.const:ti_sysbios_heaps_HeapMem_Object__DESC__C)
                  00007148    00000020     gpiointerrupt_pem4f.oem4f (.const:ti_sysbios_knl_Clock_Object__DESC__C)
                  00007168    00000020     gpiointerrupt_pem4f.oem4f (.const:ti_sysbios_knl_Queue_Object__DESC__C)
                  00007188    00000020     gpiointerrupt_pem4f.oem4f (.const:ti_sysbios_knl_Semaphore_Object__DESC__C)
                  000071a8    00000020     gpiointerrupt_pem4f.oem4f (.const:xdc_runtime_Startup_sfxnTab__A)
                  000071c8    00000018     EK_TM4C123GXL.obj (.const:UART_config)
                  000071e0    00000018     gpiointerrupt_pem4f.oem4f (.const:ti_sysbios_gates_GateHwi_Object__PARAMS__C)
                  000071f8    00000018     gpiointerrupt_pem4f.oem4f (.const:ti_sysbios_gates_GateMutex_Object__PARAMS__C)
                  00007210    00000018     gpiointerrupt_pem4f.oem4f (.const:ti_sysbios_knl_Queue_Object__PARAMS__C)
                  00007228    00000018     EK_TM4C123GXL.obj (.const:uartTivaHWAttrs)
                  00007240    00000014     EK_TM4C123GXL.obj (.const:GPIOTiva_config)
                  00007254    00000014     gpiointerrupt_pem4f.oem4f (.const:xdc_runtime_Startup_firstFxns__A)
                  00007268    00000010     gpiointerrupt_pem4f.oem4f (.const:xdc_runtime_Startup_sfxnRts__A)
                  00007278    00000008     gpiointerrupt_pem4f.oem4f (.const:ti_sysbios_family_arm_m3_Hwi_excHookFuncs__A)
                  00007280    00000008     gpiointerrupt_pem4f.oem4f (.const:ti_sysbios_knl_Idle_funcList__C)
                  00007288    00000008     gpiointerrupt_pem4f.oem4f (.const:xdc_runtime_Startup_firstFxns__C)
                  00007290    00000008     gpiointerrupt_pem4f.oem4f (.const:xdc_runtime_Startup_lastFxns__C)
                  00007298    00000004     gpiointerrupt_pem4f.oem4f (.const:ti_catalog_arm_cortexm4_tiva_ce_Boot_A_mustUseEnhancedClockMode__C)
                  0000729c    00000004     gpiointerrupt_pem4f.oem4f (.const:ti_catalog_arm_cortexm4_tiva_ce_Boot_Module__diagsEnabled__C)
                  000072a0    00000004     gpiointerrupt_pem4f.oem4f (.const:ti_catalog_arm_cortexm4_tiva_ce_Boot_Module__diagsIncluded__C)
                  000072a4    00000004     gpiointerrupt_pem4f.oem4f (.const:ti_catalog_arm_cortexm4_tiva_ce_Boot_Module__diagsMask__C)
                  000072a8    00000004     gpiointerrupt_pem4f.oem4f (.const:ti_sysbios_family_arm_lm4_Timer_enableFunc__C)
                  000072ac    00000004     gpiointerrupt_pem4f.oem4f (.const:ti_sysbios_family_arm_lm4_Timer_numTimerDevices__C)
                  000072b0    00000004     gpiointerrupt_pem4f.oem4f (.const:ti_sysbios_family_arm_lm4_Timer_startupNeeded__C)
                  000072b4    00000004     gpiointerrupt_pem4f.oem4f (.const:ti_sysbios_family_arm_m3_Hwi_E_NMI__C)
                  000072b8    00000004     gpiointerrupt_pem4f.oem4f (.const:ti_sysbios_family_arm_m3_Hwi_E_alreadyDefined__C)
                  000072bc    00000004     gpiointerrupt_pem4f.oem4f (.const:ti_sysbios_family_arm_m3_Hwi_E_busFault__C)
                  000072c0    00000004     gpiointerrupt_pem4f.oem4f (.const:ti_sysbios_family_arm_m3_Hwi_E_debugMon__C)
                  000072c4    00000004     gpiointerrupt_pem4f.oem4f (.const:ti_sysbios_family_arm_m3_Hwi_E_hardFault__C)
                  000072c8    00000004     gpiointerrupt_pem4f.oem4f (.const:ti_sysbios_family_arm_m3_Hwi_E_memFault__C)
                  000072cc    00000004     gpiointerrupt_pem4f.oem4f (.const:ti_sysbios_family_arm_m3_Hwi_E_noIsr__C)
                  000072d0    00000004     gpiointerrupt_pem4f.oem4f (.const:ti_sysbios_family_arm_m3_Hwi_E_reserved__C)
                  000072d4    00000004     gpiointerrupt_pem4f.oem4f (.const:ti_sysbios_family_arm_m3_Hwi_E_svCall__C)
                  000072d8    00000004     gpiointerrupt_pem4f.oem4f (.const:ti_sysbios_family_arm_m3_Hwi_E_usageFault__C)
                  000072dc    00000004     gpiointerrupt_pem4f.oem4f (.const:ti_sysbios_family_arm_m3_Hwi_NUM_INTERRUPTS__C)
                  000072e0    00000004     gpiointerrupt_pem4f.oem4f (.const:ti_sysbios_family_arm_m3_Hwi_Object__count__C)
                  000072e4    00000004     gpiointerrupt_pem4f.oem4f (.const:ti_sysbios_family_arm_m3_Hwi_ccr__C)
                  000072e8    00000004     gpiointerrupt_pem4f.oem4f (.const:ti_sysbios_family_arm_m3_Hwi_excHandlerFunc__C)
                  000072ec    00000004     gpiointerrupt_pem4f.oem4f (.const:ti_sysbios_family_arm_m3_Hwi_excHookFuncs__C)
                  000072f0    00000004     gpiointerrupt_pem4f.oem4f (.const:ti_sysbios_family_arm_m3_Hwi_nullIsrFunc__C)
                  000072f4    00000004     gpiointerrupt_pem4f.oem4f (.const:ti_sysbios_family_arm_m3_Hwi_priGroup__C)
                  000072f8    00000004     gpiointerrupt_pem4f.oem4f (.const:ti_sysbios_gates_GateMutex_Instance_State_sem__O)
                  000072fc    00000004     gpiointerrupt_pem4f.oem4f (.const:ti_sysbios_hal_Hwi_E_stackOverflow__C)
                  00007300    00000004     gpiointerrupt_pem4f.oem4f (.const:ti_sysbios_heaps_HeapMem_E_memory__C)
                  00007304    00000004     gpiointerrupt_pem4f.oem4f (.const:ti_sysbios_heaps_HeapMem_Module__gateObj__C)
                  00007308    00000004     gpiointerrupt_pem4f.oem4f (.const:ti_sysbios_heaps_HeapMem_Object__count__C)
                  0000730c    00000004     gpiointerrupt_pem4f.oem4f (.const:ti_sysbios_heaps_HeapMem_reqAlign__C)
                  00007310    00000004     gpiointerrupt_pem4f.oem4f (.const:ti_sysbios_knl_Clock_Module_State_clockQ__O)
                  00007314    00000004     gpiointerrupt_pem4f.oem4f (.const:ti_sysbios_knl_Idle_funcList__A)
                  00007318    00000004     gpiointerrupt_pem4f.oem4f (.const:ti_sysbios_knl_Semaphore_Instance_State_pendQ__O)
                  0000731c    00000004     gpiointerrupt_pem4f.oem4f (.const:ti_sysbios_knl_Swi_Object__count__C)
                  00007320    00000004     gpiointerrupt_pem4f.oem4f (.const:ti_sysbios_knl_Task_E_spOutOfBounds__C)
                  00007324    00000004     gpiointerrupt_pem4f.oem4f (.const:ti_sysbios_knl_Task_E_stackOverflow__C)
                  00007328    00000004     gpiointerrupt_pem4f.oem4f (.const:ti_sysbios_knl_Task_Module_State_inactiveQ__O)
                  0000732c    00000004     gpiointerrupt_pem4f.oem4f (.const:ti_sysbios_knl_Task_Object__count__C)
                  00007330    00000004     gpiointerrupt_pem4f.oem4f (.const:ti_sysbios_knl_Task_allBlockedFunc__C)
                  00007334    00000004     gpiointerrupt_pem4f.oem4f (.const:ti_sysbios_knl_Task_numConstructedTasks__C)
                  00007338    00000004     gpiointerrupt_pem4f.oem4f (.const:xdc_runtime_Assert_E_assertFailed__C)
                  0000733c    00000004     gpiointerrupt_pem4f.oem4f (.const:xdc_runtime_Core_A_initializedParams__C)
                  00007340    00000004     gpiointerrupt_pem4f.oem4f (.const:xdc_runtime_Core_Module__diagsEnabled__C)
                  00007344    00000004     gpiointerrupt_pem4f.oem4f (.const:xdc_runtime_Core_Module__diagsIncluded__C)
                  00007348    00000004     gpiointerrupt_pem4f.oem4f (.const:xdc_runtime_Core_Module__diagsMask__C)
                  0000734c    00000004     gpiointerrupt_pem4f.oem4f (.const:xdc_runtime_Error_E_memory__C)
                  00007350    00000004     gpiointerrupt_pem4f.oem4f (.const:xdc_runtime_Error_Module__diagsEnabled__C)
                  00007354    00000004     gpiointerrupt_pem4f.oem4f (.const:xdc_runtime_Error_Module__diagsIncluded__C)
                  00007358    00000004     gpiointerrupt_pem4f.oem4f (.const:xdc_runtime_Error_Module__diagsMask__C)
                  0000735c    00000004     gpiointerrupt_pem4f.oem4f (.const:xdc_runtime_Error_Module__loggerFxn8__C)
                  00007360    00000004     gpiointerrupt_pem4f.oem4f (.const:xdc_runtime_Error_Module__loggerObj__C)
                  00007364    00000004     gpiointerrupt_pem4f.oem4f (.const:xdc_runtime_Error_policyFxn__C)
                  00007368    00000004     gpiointerrupt_pem4f.oem4f (.const:xdc_runtime_Error_raiseHook__C)
                  0000736c    00000004     gpiointerrupt_pem4f.oem4f (.const:xdc_runtime_IGateProvider_Interface__BASE__C)
                  00007370    00000004     gpiointerrupt_pem4f.oem4f (.const:xdc_runtime_IHeap_Interface__BASE__C)
                  00007374    00000004     gpiointerrupt_pem4f.oem4f (.const:xdc_runtime_IModule_Interface__BASE__C)
                  00007378    00000004     gpiointerrupt_pem4f.oem4f (.const:xdc_runtime_Log_L_error__C)
                  0000737c    00000004     gpiointerrupt_pem4f.oem4f (.const:xdc_runtime_Memory_defaultHeapInstance__C)
                  00007380    00000004     gpiointerrupt_pem4f.oem4f (.const:xdc_runtime_Startup_execImpl__C)
                  00007384    00000004     gpiointerrupt_pem4f.oem4f (.const:xdc_runtime_Startup_maxPasses__C)
                  00007388    00000004     gpiointerrupt_pem4f.oem4f (.const:xdc_runtime_Startup_sfxnRts__C)
                  0000738c    00000004     gpiointerrupt_pem4f.oem4f (.const:xdc_runtime_Startup_sfxnTab__C)
                  00007390    00000004     gpiointerrupt_pem4f.oem4f (.const:xdc_runtime_SysMin_bufSize__C)
                  00007394    00000004     gpiointerrupt_pem4f.oem4f (.const:xdc_runtime_SysMin_outputFunc__C)
                  00007398    00000004     gpiointerrupt_pem4f.oem4f (.const:xdc_runtime_System_Module__gateObj__C)
                  0000739c    00000004     gpiointerrupt_pem4f.oem4f (.const:xdc_runtime_System_abortFxn__C)
                  000073a0    00000004     gpiointerrupt_pem4f.oem4f (.const:xdc_runtime_System_exitFxn__C)
                  000073a4    00000004     gpiointerrupt_pem4f.oem4f (.const:xdc_runtime_System_extendFxn__C)
                  000073a8    00000004     gpiointerrupt_pem4f.oem4f (.const:xdc_runtime_System_maxAtexitHandlers__C)
                  000073ac    00000004     gpiointerrupt_pem4f.oem4f (.const:xdc_runtime_Text_charTab__C)
                  000073b0    00000004     gpiointerrupt_pem4f.oem4f (.const:xdc_runtime_Text_nameEmpty__C)
                  000073b4    00000004     gpiointerrupt_pem4f.oem4f (.const:xdc_runtime_Text_nameStatic__C)
                  000073b8    00000004     gpiointerrupt_pem4f.oem4f (.const:xdc_runtime_Text_nameUnknown__C)
                  000073bc    00000004     gpiointerrupt_pem4f.oem4f (.const:xdc_runtime_Text_nodeTab__C)
                  000073c0    00000004     gpiointerrupt_pem4f.oem4f (.const:xdc_runtime_Text_visitRopeFxn__C)
                  000073c4    00000002     gpiointerrupt_pem4f.oem4f (.const:ti_sysbios_family_arm_m3_Hwi_Module__id__C)
                  000073c6    00000002     gpiointerrupt_pem4f.oem4f (.const:ti_sysbios_hal_Hwi_Module__id__C)
                  000073c8    00000002     gpiointerrupt_pem4f.oem4f (.const:ti_sysbios_heaps_HeapMem_Module__id__C)
                  000073ca    00000002     gpiointerrupt_pem4f.oem4f (.const:ti_sysbios_knl_Task_Module__id__C)
                  000073cc    00000002     gpiointerrupt_pem4f.oem4f (.const:xdc_runtime_Core_Module__id__C)
                  000073ce    00000002     gpiointerrupt_pem4f.oem4f (.const:xdc_runtime_Error_Module__loggerDefined__C)
                  000073d0    00000002     gpiointerrupt_pem4f.oem4f (.const:xdc_runtime_Error_maxDepth__C)
                  000073d2    00000002     gpiointerrupt_pem4f.oem4f (.const:xdc_runtime_Memory_Module__id__C)
                  000073d4    00000002     gpiointerrupt_pem4f.oem4f (.const:xdc_runtime_SysMin_flushAtExit__C)
                  000073d6    00000002     gpiointerrupt_pem4f.oem4f (.const:xdc_runtime_Text_charCnt__C)
                  000073d8    00000002     gpiointerrupt_pem4f.oem4f (.const:xdc_runtime_Text_isLoaded__C)
                  000073da    00000002     gpiointerrupt_pem4f.oem4f (.const:xdc_runtime_Text_registryModsLastId__C)
                  000073dc    00000002     gpiointerrupt_pem4f.oem4f (.const:xdc_runtime_Text_unnamedModsLastId__C)

.cinit     0    000073e0    00000228     
                  000073e0    000001f1     (.cinit..data.load) [load image, compression = lzss]
                  000075d1    00000003     --HOLE-- [fill = 0]
                  000075d4    0000000c     (__TI_handler_table)
                  000075e0    00000008     (.cinit..bss.load) [load image, compression = zero_init]
                  000075e8    00000008     (.cinit..vecs.load) [load image, compression = zero_init]
                  000075f0    00000018     (__TI_cinit_table)

.init_array 
*          0    00000000    00000000     UNINITIALIZED

.resetVecs 
*          0    00000000    0000003c     
                  00000000    0000003c     gpiointerrupt_pem4f.oem4f (.resetVecs)

.bss       0    20000360    00001088     UNINITIALIZED
                  20000360    00000600     gpiointerrupt_pem4f.oem4f (.bss:taskStackSection)
                  20000960    00000400     (.common:ti_sysbios_heaps_HeapMem_Instance_State_0_buf__A)
                  20000d60    00000360     (.common:ti_sysbios_family_arm_m3_Hwi_dispatchTable)
                  200010c0    00000120     rtsv7M4_T_le_v4SPD16_eabi.lib : trgmsg.c.obj (.bss:_CIOBUF_)
                  200011e0    000000cc     (.common:uartTivaObjects)
                  200012ac    00000090     drivers_tivaware.aem4f : GPIOTiva.oem4f (.bss:gpioCallbackInfo)
                  2000133c    00000080     (.common:xdc_runtime_SysMin_Module_State_0_outbuf__A)
                  200013bc    00000020     (.common:uartTivaRingBuffer)
                  200013dc    00000008     (.common:parmbuf)
                  200013e4    00000004     (.common:gpioInterruptVectors)

.data      0    200013e8    0000045a     UNINITIALIZED
                  200013e8    00000098     gpiointerrupt_pem4f.oem4f (.data:ti_sysbios_knl_Task_Object__table__V)
                  20001480    00000080     gpiointerrupt_pem4f.oem4f (.data:ti_sysbios_knl_Swi_Module_State_0_readyQ__A)
                  20001500    00000080     gpiointerrupt_pem4f.oem4f (.data:ti_sysbios_knl_Task_Module_State_0_readyQ__A)
                  20001580    00000044     gpiointerrupt_pem4f.oem4f (.data:ti_sysbios_knl_Task_Module__state__V)
                  200015c4    00000040     gpiointerrupt_pem4f.oem4f (.data:ti_sysbios_family_arm_lm4_Timer_Object__table__V)
                  20001604    00000038     gpiointerrupt_pem4f.oem4f (.data:ti_sysbios_gates_GateMutex_Object__table__V)
                  2000163c    00000034     gpiointerrupt_pem4f.oem4f (.data:ti_sysbios_family_arm_m3_Hwi_Module__state__V)
                  20001670    00000030     gpiointerrupt_pem4f.oem4f (.data:ti_sysbios_family_arm_lm4_Timer_Module_State_0_device__A)
                  200016a0    00000030     gpiointerrupt_pem4f.oem4f (.data:ti_sysbios_knl_Swi_Object__table__V)
                  200016d0    0000002c     gpiointerrupt_pem4f.oem4f (.data:ti_sysbios_knl_Clock_Module__state__V)
                  200016fc    00000024     gpiointerrupt_pem4f.oem4f (.data:ti_sysbios_BIOS_Module__state__V)
                  20001720    0000001c     gpiointerrupt_pem4f.oem4f (.data:ti_sysbios_knl_Swi_Module__state__V)
                  2000173c    00000018     gpiointerrupt_pem4f.oem4f (.data:ti_sysbios_family_arm_lm4_Timer_Module_State_0_handles__A)
                  20001754    00000018     gpiointerrupt_pem4f.oem4f (.data:ti_sysbios_family_arm_m3_Hwi_Object__table__V)
                  2000176c    00000018     gpiointerrupt_pem4f.oem4f (.data:ti_sysbios_heaps_HeapMem_Object__table__V)
                  20001784    00000014     EK_TM4C123GXL.obj (.data:gpioPinConfigs)
                  20001798    0000000c     gpiointerrupt_pem4f.oem4f (.data:ti_sysbios_family_arm_lm4_Timer_Module__state__V)
                  200017a4    0000000c     gpiointerrupt_pem4f.oem4f (.data:xdc_runtime_SysMin_Module__state__V)
                  200017b0    00000008     rtsv7M4_T_le_v4SPD16_eabi.lib : _lock.c.obj (.data:$O1$$)
                  200017b8    00000008     EK_TM4C123GXL.obj (.data:gpioCallbackFunctions)
                  200017c0    00000008     gpiointerrupt_pem4f.oem4f (.data:ti_sysbios_family_arm_m3_Hwi_Module__root__V)
                  200017c8    00000008     gpiointerrupt_pem4f.oem4f (.data:ti_sysbios_gates_GateHwi_Module__root__V)
                  200017d0    00000008     gpiointerrupt_pem4f.oem4f (.data:ti_sysbios_gates_GateMutex_Module__root__V)
                  200017d8    00000008     gpiointerrupt_pem4f.oem4f (.data:ti_sysbios_heaps_HeapMem_Module__root__V)
                  200017e0    00000008     gpiointerrupt_pem4f.oem4f (.data:ti_sysbios_knl_Clock_Module__root__V)
                  200017e8    00000008     gpiointerrupt_pem4f.oem4f (.data:ti_sysbios_knl_Queue_Module__root__V)
                  200017f0    00000008     gpiointerrupt_pem4f.oem4f (.data:ti_sysbios_knl_Semaphore_Module__root__V)
                  200017f8    00000008     gpiointerrupt_pem4f.oem4f (.data:xdc_runtime_Registry_Module__state__V)
                  20001800    00000008     gpiointerrupt_pem4f.oem4f (.data:xdc_runtime_Startup_Module__state__V)
                  20001808    00000008     gpiointerrupt_pem4f.oem4f (.data:xdc_runtime_System_Module_State_0_atexitHandlers__A)
                  20001810    00000008     gpiointerrupt_pem4f.oem4f (.data:xdc_runtime_System_Module__state__V)
                  20001818    00000005     drivers_tivaware.aem4f : GPIOTiva.oem4f (.data)
                  2000181d    00000001     --HOLE--
                  2000181e    00000002     gpiointerrupt_pem4f.oem4f (.data:ti_sysbios_family_arm_m3_Hwi_Module_State_0_excActive__A)
                  20001820    00000004     drivers_tivaware.aem4f : UART.oem4f (.data)
                  20001824    00000004     gpiointerrupt.obj (.data)
                  20001828    00000004     rtsv7M4_T_le_v4SPD16_eabi.lib : stkdepth_vars.c.obj (.data)
                  2000182c    00000004     gpiointerrupt_pem4f.oem4f (.data:ti_sysbios_family_arm_m3_Hwi_Module_State_0_excContext__A)
                  20001830    00000004     gpiointerrupt_pem4f.oem4f (.data:ti_sysbios_family_arm_m3_Hwi_Module_State_0_excStack__A)
                  20001834    00000004     gpiointerrupt_pem4f.oem4f (.data:ti_sysbios_gates_GateHwi_Object__table__V)
                  20001838    00000004     gpiointerrupt_pem4f.oem4f (.data:ti_sysbios_knl_Task_Module_State_0_idleTask__A)
                  2000183c    00000004     gpiointerrupt_pem4f.oem4f (.data:xdc_runtime_Memory_Module__state__V)
                  20001840    00000002     gpiointerrupt_pem4f.oem4f (.data:xdc_runtime_Error_Module__state__V)

.stack     0    20001848    00000300     UNINITIALIZED
                  20001848    00000300     --HOLE--

.bootVecs 
*          0    00000000    00000008     DSECT
                  00000000    00000008     boot.aem4f : boot.oem4f (.bootVecs)

.vecs      0    20000000    00000360     UNINITIALIZED
                  20000000    00000360     gpiointerrupt_pem4f.oem4f (.vecs)

xdc.meta   0    00000000    000000fb     COPY SECTION
                  00000000    000000fb     gpiointerrupt_pem4f.oem4f (xdc.meta)

MODULE SUMMARY

       Module                       code    ro data   rw data
       ------                       ----    -------   -------
    .\
       EK_TM4C123GXL.obj            156     68        264    
       gpiointerrupt.obj            272     0         4      
    +--+----------------------------+-------+---------+---------+
       Total:                       428     68        268    
                                                             
    C:\Users\zachr\workspace_v9\gpiointerrupt_EK_TM4C123GXL_TI\Debug\configPkg\package\cfg\
       gpiointerrupt_pem4f.oem4f    1790    7566      5476   
    +--+----------------------------+-------+---------+---------+
       Total:                       1790    7566      5476   
                                                             
    C:/ti/tirtos_tivac_2_16_00_08/products/TivaWare_C_Series-2.1.1.71b/driverlib/ccs/Debug/driverlib.lib
       gpio.obj                     584     144       0      
       uart.obj                     226     0         0      
       sysctl.obj                   52      0         0      
    +--+----------------------------+-------+---------+---------+
       Total:                       862     144       0      
                                                             
    C:/ti/tirtos_tivac_2_16_00_08/products/tidrivers_tivac_2_16_00_08/packages/ti/drivers/lib/drivers_tivaware.aem4f
       UARTTiva.oem4f               2262    116       0      
       GPIOTiva.oem4f               892     156       153    
       UART.oem4f                   148     36        4      
       RingBuf.oem4f                164     0         0      
    +--+----------------------------+-------+---------+---------+
       Total:                       3466    308       157    
                                                             
    C:\Users\zachr\workspace_v9\gpiointerrupt_EK_TM4C123GXL_TI\src\sysbios\sysbios.aem4f
       BIOS.obj                     8572    0         0      
       m3_Hwi_asm.obj               314     0         0      
       m3_TaskSupport_asm.obj       180     0         0      
       m3_Hwi_asm_switch.obj        118     0         0      
    +--+----------------------------+-------+---------+---------+
       Total:                       9184    0         0      
                                                             
    C:\ti\ccs930\ccs\tools\compiler\ti-cgt-arm_18.12.4.LTS\lib\rtsv7M4_T_le_v4SPD16_eabi.lib
       trgmsg.c.obj                 108     0         288    
       memcpy_t2.asm.obj            156     0         0      
       memset_t2.asm.obj            122     0         0      
       copy_decompress_lzss.c.obj   104     0         0      
       hostwrite.c.obj              88      0         0      
       cpy_tbl.c.obj                76      0         0      
       u_divt2.asm.obj              64      0         0      
       _lock.c.obj                  26      0         8      
       args_main.c.obj              24      0         0      
       strlen.c.obj                 20      0         0      
       copy_decompress_none.c.obj   14      0         0      
       copy_zero_init.c.obj         12      0         0      
       hostopen.c.obj               0       0         8      
       exit.c.obj                   4       0         0      
       stkdepth_vars.c.obj          0       0         4      
       div0.asm.obj                 2       0         0      
    +--+----------------------------+-------+---------+---------+
       Total:                       820     0         308    
                                                             
    C:\ti\tirtos_tivac_2_16_00_08\packages\ti\tirtos\utils\lib\release\ti.tirtos.utils.aem4f
       UARTMon.oem4f                186     0         0      
    +--+----------------------------+-------+---------+---------+
       Total:                       186     0         0      
                                                             
    C:\ti\tirtos_tivac_2_16_00_08\products\bios_6_45_01_29\packages\ti\catalog\arm\cortexm4\tiva\ce\lib\Boot.aem4f
       Boot_sysctl.oem4f            262     0         0      
       Boot.oem4f                   152     0         0      
    +--+----------------------------+-------+---------+---------+
       Total:                       414     0         0      
                                                             
    C:\ti\tirtos_tivac_2_16_00_08\products\bios_6_45_01_29\packages\ti\targets\arm\rtsarm\lib\auto_init.aem4f
       auto_init.oem4f              160     0         0      
    +--+----------------------------+-------+---------+---------+
       Total:                       160     0         0      
                                                             
    C:\ti\tirtos_tivac_2_16_00_08\products\bios_6_45_01_29\packages\ti\targets\arm\rtsarm\lib\boot.aem4f
       boot.oem4f                   88      0         0      
    +--+----------------------------+-------+---------+---------+
       Total:                       88      0         0      
                                                             
    C:\ti\tirtos_tivac_2_16_00_08\products\bios_6_45_01_29\packages\ti\targets\arm\rtsarm\lib\ti.targets.arm.rtsarm.aem4f
       System.oem4f                 1255    0         0      
       Text.oem4f                   672     0         0      
       Error.oem4f                  524     0         0      
       Core-mem.oem4f               358     0         0      
       Startup.oem4f                328     0         0      
       SysMin.oem4f                 248     0         0      
       Core-smem.oem4f              204     0         0      
       Memory.oem4f                 176     0         0      
       Assert.oem4f                 84      0         0      
       Core-params.oem4f            70      0         0      
       Core-label.oem4f             52      0         0      
       Registry.oem4f               32      0         0      
       Gate.oem4f                   28      0         0      
    +--+----------------------------+-------+---------+---------+
       Total:                       4031    0         0      
                                                             
       Stack:                       0       0         768    
       Linker Generated:            0       549       0      
    +--+----------------------------+-------+---------+---------+
       Grand Total:                 21429   8635      6977   


LINKER GENERATED COPY TABLES

__TI_cinit_table @ 000075f0 records: 3, size/record: 8, table size: 24
	.data: load addr=000073e0, load size=000001f1 bytes, run addr=200013e8, run size=0000045a bytes, compression=lzss
	.bss: load addr=000075e0, load size=00000008 bytes, run addr=20000360, run size=00001088 bytes, compression=zero_init
	.vecs: load addr=000075e8, load size=00000008 bytes, run addr=20000000, run size=00000360 bytes, compression=zero_init


LINKER GENERATED HANDLER TABLE

__TI_handler_table @ 000075d4 records: 3, size/record: 4, table size: 12
	index: 0, handler: __TI_decompress_lzss
	index: 1, handler: __TI_decompress_none
	index: 2, handler: __TI_zero_init


GLOBAL SYMBOLS: SORTED ALPHABETICALLY BY Name 

address   name                                                              
-------   ----                                                              
00000d35  C$$EXIT                                                           
0000424b  C$$IO$$                                                           
0000454d  EK_TM4C123GXL_initGPIO                                            
00003fa9  EK_TM4C123GXL_initGeneral                                         
00004821  EK_TM4C123GXL_initUART                                            
00004901  GPIODirModeSet                                                    
000029a3  GPIOIntClear                                                      
0000529d  GPIOIntEnable                                                     
00005239  GPIOIntStatus                                                     
000035e9  GPIOIntTypeSet                                                    
00001291  GPIOPadConfigSet                                                  
00003b45  GPIOPinConfigure                                                  
00003693  GPIOPinRead                                                       
000050e5  GPIOPinTypeGPIOInput                                              
000050f7  GPIOPinTypeUART                                                   
0000511b  GPIOPinWrite                                                      
00007240  GPIOTiva_config                                                   
0000457d  GPIO_enableInt                                                    
00002ff1  GPIO_hwiIntFxn                                                    
00002775  GPIO_init                                                         
00003741  GPIO_setCallback                                                  
00000ff5  GPIO_setConfig                                                    
00003791  GPIO_toggle                                                       
000037e1  GPIO_write                                                        
000034e1  HOSTwrite                                                         
00005109  RingBuf_construct                                                 
00003fe9  RingBuf_get                                                       
000052a9  RingBuf_peek                                                      
00003cb1  RingBuf_put                                                       
UNDEFED   SHT$$INIT_ARRAY$$Base                                             
UNDEFED   SHT$$INIT_ARRAY$$Limit                                            
00004371  SysCtlPeripheralEnable                                            
00005389  UARTCharGet                                                       
00005247  UARTCharGetNonBlocking                                            
00005393  UARTCharPut                                                       
00005255  UARTCharPutNonBlocking                                            
00003ee1  UARTConfigSetExpClk                                               
00004d31  UARTDisable                                                       
00005067  UARTEnable                                                        
00005411  UARTFIFOLevelSet                                                  
000052b5  UARTFlowControlSet                                                
00000bbd  UARTIntClear                                                      
0000539d  UARTIntDisable                                                    
000053d9  UARTIntEnable                                                     
000053a7  UARTIntStatus                                                     
00001ead  UARTMon_taskFxn                                                   
00005417  UARTRxErrorClear                                                  
000053e1  UARTRxErrorGet                                                    
000039c1  UARTTiva_close                                                    
00002801  UARTTiva_control                                                  
00006fa0  UARTTiva_fxnTable                                                 
000052c1  UARTTiva_init                                                     
000007bd  UARTTiva_open                                                     
00004029  UARTTiva_read                                                     
00004339  UARTTiva_readCancel                                               
000023eb  UARTTiva_readPolling                                              
0000251d  UARTTiva_write                                                    
00003831  UARTTiva_writeCancel                                              
00003f65  UARTTiva_writePolling                                             
00004f5d  UART_Params_init                                                  
000071c8  UART_config                                                       
00006ff0  UART_defaultParams                                                
000041e5  UART_init                                                         
000045ad  UART_open                                                         
000053b1  UART_read                                                         
000053bb  UART_write                                                        
00000000  __ASM__                                                           
200010c0  __CIOBUF_                                                         
00000079  __ISA__                                                           
0000008c  __PLAT__                                                          
20001b48  __STACK_END                                                       
00000300  __STACK_SIZE                                                      
000000ad  __TARG__                                                          
000075f0  __TI_CINIT_Base                                                   
00007608  __TI_CINIT_Limit                                                  
000075d4  __TI_Handler_Table_Base                                           
000075e0  __TI_Handler_Table_Limit                                          
00002175  __TI_auto_init                                                    
00002f21  __TI_decompress_lzss                                              
00005263  __TI_decompress_none                                              
ffffffff  __TI_pprof_out_hndl                                               
ffffffff  __TI_prof_data_size                                               
ffffffff  __TI_prof_data_start                                              
000043a5  __TI_readmsg                                                      
000073e0  __TI_static_base__                                                
0000421d  __TI_writemsg                                                     
000052e5  __TI_zero_init                                                    
000000d3  __TRDR__                                                          
00002483  __aeabi_idiv0                                                     
00002483  __aeabi_ldiv0                                                     
00002ba7  __aeabi_memclr                                                    
00002ba7  __aeabi_memclr4                                                   
00002ba7  __aeabi_memclr8                                                   
000022b5  __aeabi_memcpy                                                    
000022b5  __aeabi_memcpy4                                                   
000022b5  __aeabi_memcpy8                                                   
00002ba9  __aeabi_memset                                                    
00002ba9  __aeabi_memset4                                                   
00002ba9  __aeabi_memset8                                                   
00004069  __aeabi_uidiv                                                     
00004069  __aeabi_uidivmod                                                  
ffffffff  __binit__                                                         
ffffffff  __c_args__                                                        
20001848  __stack                                                           
00004f75  _args_main                                                        
00003489  _c_int00                                                          
200017b0  _lock                                                             
00001f67  _nop                                                              
000052cd  _register_lock                                                    
000052d9  _register_unlock                                                  
200017b4  _unlock                                                           
00000d35  abort                                                             
ffffffff  binit                                                             
00003a0d  copy_in                                                           
20001824  count                                                             
000049cd  gpioButtonFxn0                                                    
000049f1  gpioButtonFxn1                                                    
200017b8  gpioCallbackFunctions                                             
20001784  gpioPinConfigs                                                    
00001c69  main                                                              
20001828  main_func_sp                                                      
000022b5  memcpy                                                            
00002baf  memset                                                            
000051d9  osi_TaskDisable                                                   
00005179  osi_start                                                         
200013dc  parmbuf                                                           
0000507b  strlen                                                            
00007298  ti_catalog_arm_cortexm4_tiva_ce_Boot_A_mustUseEnhancedClockMode__C
0000729c  ti_catalog_arm_cortexm4_tiva_ce_Boot_Module__diagsEnabled__C      
000072a0  ti_catalog_arm_cortexm4_tiva_ce_Boot_Module__diagsIncluded__C     
000072a4  ti_catalog_arm_cortexm4_tiva_ce_Boot_Module__diagsMask__C         
00006dae  ti_catalog_arm_cortexm4_tiva_ce_Boot_Module__id__C                
00005291  ti_catalog_arm_cortexm4_tiva_ce_Boot_init__I                      
000015e1  ti_catalog_arm_cortexm4_tiva_ce_Boot_sysCtlClockSetI__I           
00002485  ti_catalog_arm_cortexm4_tiva_ce_Boot_sysCtlClockSet__E            
0000541d  ti_catalog_arm_cortexm4_tiva_ce_Boot_sysCtlDelayI__I              
200016fc  ti_sysbios_BIOS_Module__state__V                                  
[...]
000051e9  xdc_runtime_Gate_leaveSystem__E                                   
000051f9  xdc_runtime_Memory_free__E                                        
00005209  xdc_runtime_SysMin_ready__E                                       
00005209  xdc_runtime_System_SupportProxy_ready__E                          
00005219  xdc_runtime_System_vsnprintf__E                                   
00005229  xdc_runtime_Text_visitRope__I                                     
00005239  GPIOIntStatus                                                     
00005247  UARTCharGetNonBlocking                                            
00005255  UARTCharPutNonBlocking                                            
00005263  __TI_decompress_none                                              
00005271  ti_sysbios_knl_Idle_loop__E                                       
00005281  ti_sysbios_knl_Queue_empty__E                                     
00005291  ti_catalog_arm_cortexm4_tiva_ce_Boot_init__I                      
0000529d  GPIOIntEnable                                                     
000052a9  RingBuf_peek                                                      
000052b5  UARTFlowControlSet                                                
000052c1  UARTTiva_init                                                     
000052cd  _register_lock                                                    
000052d9  _register_unlock                                                  
000052e5  __TI_zero_init                                                    
000052f1  ti_sysbios_family_arm_lm4_Timer_getMaxTicks__E                    
000052fd  ti_sysbios_family_arm_m3_Hwi_Params__init__S                      
000052fd  ti_sysbios_hal_Hwi_HwiProxy_Params__init__S                       
00005309  ti_sysbios_family_arm_m3_Hwi_disableFxn__E                        
00005309  ti_sysbios_hal_Hwi_HwiProxy_disable__E                            
00005319  ti_sysbios_family_arm_m3_TaskSupport_checkStack__E                
00005319  ti_sysbios_knl_Task_SupportProxy_checkStack__E                    
00005329  ti_sysbios_gates_GateHwi_enter__E                                 
00005335  ti_sysbios_knl_Clock_Params__init__S                              
00005341  ti_sysbios_knl_Queue_Object__get__S                               
0000534d  ti_sysbios_knl_Semaphore_Params__init__S                          
00005359  xdc_runtime_Error_init__E                                         
00005365  xdc_runtime_Gate_enterSystem__E                                   
00005371  xdc_runtime_Memory_calloc__E                                      
0000537d  xdc_runtime_Memory_getMaxDefaultTypeAlign__E                      
00005389  UARTCharGet                                                       
00005393  UARTCharPut                                                       
0000539d  UARTIntDisable                                                    
000053a7  UARTIntStatus                                                     
000053b1  UART_read                                                         
000053bb  UART_write                                                        
000053c5  xdc_runtime_Memory_HeapProxy_alloc__E                             
000053cf  xdc_runtime_Memory_HeapProxy_free__E                              
000053d9  UARTIntEnable                                                     
000053e1  UARTRxErrorGet                                                    
000053f1  ti_sysbios_family_arm_lm4_Timer_masterDisable__I                  
000053f9  ti_sysbios_family_arm_m3_Hwi_doSwiRestore__I                      
00005401  ti_sysbios_family_arm_m3_Hwi_startup__E                           
00005401  ti_sysbios_hal_Hwi_HwiProxy_startup__E                            
00005401  ti_sysbios_hal_Hwi_startup__E                                     
00005411  UARTFIFOLevelSet                                                  
00005417  UARTRxErrorClear                                                  
0000541d  ti_catalog_arm_cortexm4_tiva_ce_Boot_sysCtlDelayI__I              
00005423  xdc_runtime_System_Module_startup__E                              
00005429  ti_sysbios_family_arm_m3_Hwi_doTaskRestore__I                     
00005431  ti_sysbios_family_arm_m3_Hwi_restoreFxn__E                        
00005431  ti_sysbios_hal_Hwi_HwiProxy_restore__E                            
00005439  ti_sysbios_gates_GateHwi_leave__E                                 
00005441  ti_sysbios_heaps_HeapMem_isBlocking__E                            
00005449  ti_sysbios_knl_Clock_stop__E                                      
00005451  ti_sysbios_knl_Queue_Instance_init__E                             
00005459  ti_sysbios_knl_Swi_startup__E                                     
00005461  ti_sysbios_gates_GateHwi_query__E                                 
00005461  xdc_runtime_Main_Module_GateProxy_query__E                        
00005461  xdc_runtime_System_Module_GateProxy_query__E                      
00005469  ti_sysbios_BIOS_RtsGateProxy_query__E                             
00005469  ti_sysbios_gates_GateMutex_query__E                               
00005469  ti_sysbios_heaps_HeapMem_Module_GateProxy_query__E                
00005471  ti_sysbios_knl_Task_startup__E                                    
00005479  ti_sysbios_gates_GateHwi_Instance_init__E                         
00005481  ti_sysbios_knl_Clock_logTick__E                                   
00005484  xdc_runtime_Text_charTab__A                                       
00006cf1  xdc_runtime_Error_policy__C                                       
00006cf2  xdc_runtime_Text_nodeTab__A                                       
00006dae  ti_catalog_arm_cortexm4_tiva_ce_Boot_Module__id__C                
00006f70  ti_sysbios_family_arm_m3_Hwi_Object__PARAMS__C                    
00006fa0  UARTTiva_fxnTable                                                 
00006fc8  ti_sysbios_heaps_HeapMem_Module__FXNS__C                          
00006ff0  UART_defaultParams                                                
00007014  ti_sysbios_gates_GateHwi_Module__FXNS__C                          
00007038  ti_sysbios_gates_GateMutex_Module__FXNS__C                        
0000705c  ti_sysbios_heaps_HeapMem_Object__PARAMS__C                        
00007080  ti_sysbios_knl_Clock_Object__PARAMS__C                            
000070a4  ti_sysbios_knl_Semaphore_Object__PARAMS__C                        
000070c8  ti_sysbios_family_arm_m3_Hwi_Object__DESC__C                      
000070e8  ti_sysbios_gates_GateHwi_Object__DESC__C                          
00007108  ti_sysbios_gates_GateMutex_Object__DESC__C                        
00007128  ti_sysbios_heaps_HeapMem_Object__DESC__C                          
00007148  ti_sysbios_knl_Clock_Object__DESC__C                              
00007168  ti_sysbios_knl_Queue_Object__DESC__C                              
00007188  ti_sysbios_knl_Semaphore_Object__DESC__C                          
000071a8  xdc_runtime_Startup_sfxnTab__A                                    
000071c8  UART_config                                                       
000071e0  ti_sysbios_gates_GateHwi_Object__PARAMS__C                        
000071f8  ti_sysbios_gates_GateMutex_Object__PARAMS__C                      
00007210  ti_sysbios_knl_Queue_Object__PARAMS__C                            
00007228  uartTivaHWAttrs                                                   
00007240  GPIOTiva_config                                                   
00007254  xdc_runtime_Startup_firstFxns__A                                  
00007268  xdc_runtime_Startup_sfxnRts__A                                    
00007278  ti_sysbios_family_arm_m3_Hwi_excHookFuncs__A                      
00007280  ti_sysbios_knl_Idle_funcList__C                                   
00007288  xdc_runtime_Startup_firstFxns__C                                  
00007290  xdc_runtime_Startup_lastFxns__C                                   
00007298  ti_catalog_arm_cortexm4_tiva_ce_Boot_A_mustUseEnhancedClockMode__C
0000729c  ti_catalog_arm_cortexm4_tiva_ce_Boot_Module__diagsEnabled__C      
000072a0  ti_catalog_arm_cortexm4_tiva_ce_Boot_Module__diagsIncluded__C     
000072a4  ti_catalog_arm_cortexm4_tiva_ce_Boot_Module__diagsMask__C         
000072a8  ti_sysbios_family_arm_lm4_Timer_enableFunc__C                     
000072ac  ti_sysbios_family_arm_lm4_Timer_numTimerDevices__C                
000072b0  ti_sysbios_family_arm_lm4_Timer_startupNeeded__C                  
000072b4  ti_sysbios_family_arm_m3_Hwi_E_NMI__C                             
000072b8  ti_sysbios_family_arm_m3_Hwi_E_alreadyDefined__C                  
000072bc  ti_sysbios_family_arm_m3_Hwi_E_busFault__C                        
000072c0  ti_sysbios_family_arm_m3_Hwi_E_debugMon__C                        
000072c4  ti_sysbios_family_arm_m3_Hwi_E_hardFault__C                       
000072c8  ti_sysbios_family_arm_m3_Hwi_E_memFault__C                        
000072cc  ti_sysbios_family_arm_m3_Hwi_E_noIsr__C                           
000072d0  ti_sysbios_family_arm_m3_Hwi_E_reserved__C                        
000072d4  ti_sysbios_family_arm_m3_Hwi_E_svCall__C                          
000072d8  ti_sysbios_family_arm_m3_Hwi_E_usageFault__C                      
000072dc  ti_sysbios_family_arm_m3_Hwi_NUM_INTERRUPTS__C                    
000072e0  ti_sysbios_family_arm_m3_Hwi_Object__count__C                     
000072e4  ti_sysbios_family_arm_m3_Hwi_ccr__C                               
000072e8  ti_sysbios_family_arm_m3_Hwi_excHandlerFunc__C                    
000072ec  ti_sysbios_family_arm_m3_Hwi_excHookFuncs__C                      
000072f0  ti_sysbios_family_arm_m3_Hwi_nullIsrFunc__C                       
000072f4  ti_sysbios_family_arm_m3_Hwi_priGroup__C                          
000072f8  ti_sysbios_gates_GateMutex_Instance_State_sem__O                  
000072fc  ti_sysbios_hal_Hwi_E_stackOverflow__C                             
00007300  ti_sysbios_heaps_HeapMem_E_memory__C                              
00007304  ti_sysbios_heaps_HeapMem_Module__gateObj__C                       
00007308  ti_sysbios_heaps_HeapMem_Object__count__C                         
0000730c  ti_sysbios_heaps_HeapMem_reqAlign__C                              
00007310  ti_sysbios_knl_Clock_Module_State_clockQ__O                       
00007314  ti_sysbios_knl_Idle_funcList__A                                   
00007318  ti_sysbios_knl_Semaphore_Instance_State_pendQ__O                  
0000731c  ti_sysbios_knl_Swi_Object__count__C                               
00007320  ti_sysbios_knl_Task_E_spOutOfBounds__C                            
00007324  ti_sysbios_knl_Task_E_stackOverflow__C                            
00007328  ti_sysbios_knl_Task_Module_State_inactiveQ__O                     
0000732c  ti_sysbios_knl_Task_Object__count__C                              
00007330  ti_sysbios_knl_Task_allBlockedFunc__C                             
00007334  ti_sysbios_knl_Task_numConstructedTasks__C                        
00007338  xdc_runtime_Assert_E_assertFailed__C                              
0000733c  xdc_runtime_Core_A_initializedParams__C                           
00007340  xdc_runtime_Core_Module__diagsEnabled__C                          
00007344  xdc_runtime_Core_Module__diagsIncluded__C                         
00007348  xdc_runtime_Core_Module__diagsMask__C                             
0000734c  xdc_runtime_Error_E_memory__C                                     
00007350  xdc_runtime_Error_Module__diagsEnabled__C                         
00007354  xdc_runtime_Error_Module__diagsIncluded__C                        
00007358  xdc_runtime_Error_Module__diagsMask__C                            
0000735c  xdc_runtime_Error_Module__loggerFxn8__C                           
00007360  xdc_runtime_Error_Module__loggerObj__C                            
00007364  xdc_runtime_Error_policyFxn__C                                    
00007368  xdc_runtime_Error_raiseHook__C                                    
0000736c  xdc_runtime_IGateProvider_Interface__BASE__C                      
00007370  xdc_runtime_IHeap_Interface__BASE__C                              
00007374  xdc_runtime_IModule_Interface__BASE__C                            
00007378  xdc_runtime_Log_L_error__C                                        
0000737c  xdc_runtime_Memory_defaultHeapInstance__C                         
00007380  xdc_runtime_Startup_execImpl__C                                   
00007384  xdc_runtime_Startup_maxPasses__C                                  
00007388  xdc_runtime_Startup_sfxnRts__C                                    
0000738c  xdc_runtime_Startup_sfxnTab__C                                    
00007390  xdc_runtime_SysMin_bufSize__C                                     
00007394  xdc_runtime_SysMin_outputFunc__C                                  
00007398  xdc_runtime_System_Module__gateObj__C                             
0000739c  xdc_runtime_System_abortFxn__C                                    
000073a0  xdc_runtime_System_exitFxn__C                                     
000073a4  xdc_runtime_System_extendFxn__C                                   
000073a8  xdc_runtime_System_maxAtexitHandlers__C                           
000073ac  xdc_runtime_Text_charTab__C                                       
000073b0  xdc_runtime_Text_nameEmpty__C                                     
000073b4  xdc_runtime_Text_nameStatic__C                                    
000073b8  xdc_runtime_Text_nameUnknown__C                                   
000073bc  xdc_runtime_Text_nodeTab__C                                       
000073c0  xdc_runtime_Text_visitRopeFxn__C                                  
000073c4  ti_sysbios_family_arm_m3_Hwi_Module__id__C                        
000073c6  ti_sysbios_hal_Hwi_Module__id__C                                  
000073c8  ti_sysbios_heaps_HeapMem_Module__id__C                            
000073ca  ti_sysbios_knl_Task_Module__id__C                                 
000073cc  xdc_runtime_Core_Module__id__C                                    
000073ce  xdc_runtime_Error_Module__loggerDefined__C                        
000073d0  xdc_runtime_Error_maxDepth__C                                     
000073d2  xdc_runtime_Memory_Module__id__C                                  
000073d4  xdc_runtime_SysMin_flushAtExit__C                                 
000073d6  xdc_runtime_Text_charCnt__C                                       
000073d8  xdc_runtime_Text_isLoaded__C                                      
000073da  xdc_runtime_Text_registryModsLastId__C                            
000073dc  xdc_runtime_Text_unnamedModsLastId__C                             
000073e0  __TI_static_base__                                                
000075d4  __TI_Handler_Table_Base                                           
000075e0  __TI_Handler_Table_Limit                                          
000075f0  __TI_CINIT_Base                                                   
00007608  __TI_CINIT_Limit                                                  
20000000  ti_sysbios_family_arm_m3_Hwi_ramVectors                           
20000360  ti_sysbios_knl_Task_Instance_State_0_stack__A                     
20000760  ti_sysbios_knl_Task_Instance_State_1_stack__A                     
20000960  ti_sysbios_heaps_HeapMem_Instance_State_0_buf__A                  
20000d60  ti_sysbios_family_arm_m3_Hwi_dispatchTable                        
200010c0  __CIOBUF_                                                         
200011e0  uartTivaObjects                                                   
2000133c  xdc_runtime_SysMin_Module_State_0_outbuf__A                       
200013bc  uartTivaRingBuffer                                                
200013dc  parmbuf                                                           
200013e8  ti_sysbios_knl_Task_Object__table__V                              
20001480  ti_sysbios_knl_Swi_Module_State_0_readyQ__A                       
20001500  ti_sysbios_knl_Task_Module_State_0_readyQ__A                      
20001580  ti_sysbios_knl_Task_Module__state__V                              
200015c4  ti_sysbios_family_arm_lm4_Timer_Object__table__V                  
20001604  ti_sysbios_gates_GateMutex_Object__table__V                       
2000163c  ti_sysbios_family_arm_m3_Hwi_Module__state__V                     
20001670  ti_sysbios_family_arm_lm4_Timer_Module_State_0_device__A          
200016a0  ti_sysbios_knl_Swi_Object__table__V                               
200016d0  ti_sysbios_knl_Clock_Module__state__V                             
200016fc  ti_sysbios_BIOS_Module__state__V                                  
20001720  ti_sysbios_knl_Swi_Module__state__V                               
2000173c  ti_sysbios_family_arm_lm4_Timer_Module_State_0_handles__A         
20001754  ti_sysbios_family_arm_m3_Hwi_Object__table__V                     
2000176c  ti_sysbios_heaps_HeapMem_Object__table__V                         
20001784  gpioPinConfigs                                                    
20001798  ti_sysbios_family_arm_lm4_Timer_Module__state__V                  
200017a4  xdc_runtime_SysMin_Module__state__V                               
200017b0  _lock                                                             
200017b4  _unlock                                                           
200017b8  gpioCallbackFunctions                                             
200017c0  ti_sysbios_family_arm_m3_Hwi_Module__root__V                      
200017c8  ti_sysbios_gates_GateHwi_Module__root__V                          
200017d0  ti_sysbios_gates_GateMutex_Module__root__V                        
200017d8  ti_sysbios_heaps_HeapMem_Module__root__V                          
200017e0  ti_sysbios_knl_Clock_Module__root__V                              
200017e8  ti_sysbios_knl_Queue_Module__root__V                              
200017f0  ti_sysbios_knl_Semaphore_Module__root__V                          
200017f8  xdc_runtime_Registry_Module__state__V                             
20001800  xdc_runtime_Startup_Module__state__V                              
20001808  xdc_runtime_System_Module_State_0_atexitHandlers__A               
20001810  xdc_runtime_System_Module__state__V                               
2000181e  ti_sysbios_family_arm_m3_Hwi_Module_State_0_excActive__A          
20001824  count                                                             
20001828  main_func_sp                                                      
2000182c  ti_sysbios_family_arm_m3_Hwi_Module_State_0_excContext__A         
20001830  ti_sysbios_family_arm_m3_Hwi_Module_State_0_excStack__A           
20001834  ti_sysbios_gates_GateHwi_Object__table__V                         
20001838  ti_sysbios_knl_Task_Module_State_0_idleTask__A                    
2000183c  xdc_runtime_Memory_Module__state__V                               
20001840  xdc_runtime_Error_Module__state__V                                
20001848  __stack                                                           
20001b48  __STACK_END                                                       
e000e000  ti_sysbios_family_arm_m3_Hwi_nvic                                 
ffffffff  __TI_pprof_out_hndl                                               
ffffffff  __TI_prof_data_size                                               
ffffffff  __TI_prof_data_start                                              
ffffffff  __binit__                                                         
ffffffff  __c_args__                                                        
ffffffff  binit                                                             
UNDEFED   SHT$$INIT_ARRAY$$Base                                             
UNDEFED   SHT$$INIT_ARRAY$$Limit                                            

[564 symbols]
