******************************************************************************
                  TI ARM Linker PC v18.12.4                    
******************************************************************************
>> Linked Sat Oct  3 20:26:30 2020

OUTPUT FILE NAME:   <mm.out>
ENTRY POINT SYMBOL: "_c_int00"  address: 00005a39


MEMORY CONFIGURATION

         name            origin    length      used     unused   attr    fill
----------------------  --------  ---------  --------  --------  ----  --------
  FLASH                 00000000   00040000  0000a52d  00035ad3  R  X
  SRAM                  20000000   00008000  0000223a  00005dc6  RW X


SEGMENT ALLOCATION MAP

run origin  load origin   length   init length attrs members
----------  ----------- ---------- ----------- ----- -------
00000000    00000000    0000a538   0000a538    r-x
  00000000    00000000    0000003c   0000003c    r-- .resetVecs
  00000040    00000040    0000815a   0000815a    r-x .text
  0000819c    0000819c    0000211f   0000211f    r-- .const
  0000a2c0    0000a2c0    00000278   00000278    r-- .cinit
20000000    20000000    00002240   00000000    rw-
  20000000    20000000    00000360   00000000    rw- .vecs
  20000360    20000360    00001588   00000000    rw- .bss
  200018e8    200018e8    00000652   00000000    rw- .data
  20001f40    20001f40    00000300   00000000    rw- .stack


SECTION ALLOCATION MAP

 output                                  attributes/
section   page    origin      length       input sections
--------  ----  ----------  ----------   ----------------
.text      0    00000040    0000815a     
                  00000040    00000a4e     rtsv7M4_T_le_v4SPD16_eabi.lib : _printfi.c.obj (.text:__TI_printfi)
                  00000a8e    00000002                                   : _lock.c.obj (.text:_nop)
                  00000a90    00000430     BIOS.obj (.text:ti_sysbios_family_arm_m3_Hwi_excDumpRegs__I)
                  00000ec0    0000034c     ti.targets.arm.rtsarm.aem4f : System.oem4f (.text:xdc_runtime_System_doPrint__I)
                  0000120c    00000270     rtsv7M4_T_le_v4SPD16_eabi.lib : _printfi.c.obj (.text:_pconv_a)
                  0000147c    0000020c     drivers_tivaware.aem4f : UARTTiva.oem4f (.text:UARTTiva_open)
                  00001688    000001f4     BIOS.obj (.text:ti_sysbios_family_arm_m3_Hwi_excHandlerMax__I)
                  0000187c    000001d0     rtsv7M4_T_le_v4SPD16_eabi.lib : _printfi.c.obj (.text:_pconv_g)
                  00001a4c    000001b6                                   : fd_add_t2.asm.obj (.text)
                  00001c02    00000006     driverlib.lib : gpio.obj (.text:GPIOIntClear)
                  00001c08    00000174     BIOS.obj (.text:ti_sysbios_family_arm_m3_Hwi_excBusFault__I)
                  00001d7c    00000170     drivers_tivaware.aem4f : PWMTiva.oem4f (.text:PWMTiva_open)
                  00001eec    00000004     driverlib.lib : uart.obj (.text:UARTIntClear)
                  00001ef0    00000164     BIOS.obj (.text:ti_sysbios_family_arm_m3_Hwi_excUsageFault__I)
                  00002054    00000004     rtsv7M4_T_le_v4SPD16_eabi.lib : printf.c.obj (.text:_outc)
                  00002058    00000154     BIOS.obj (.text:ti_sysbios_knl_Semaphore_pend__E)
                  000021ac    00000150     drivers_tivaware.aem4f : GPIOTiva.oem4f (.text:GPIO_setConfig)
                  000022fc    00000004     rtsv7M4_T_le_v4SPD16_eabi.lib : printf.c.obj (.text:_outs)
                  00002300    00000148     BIOS.obj (.text:ti_sysbios_family_arm_m3_Hwi_excMemFault__I)
                  00002448    0000013c     rtsv7M4_T_le_v4SPD16_eabi.lib : _printfi.c.obj (.text:_pconv_e)
                  00002584    00000136                                   : fd_div_t2.asm.obj (.text)
                  000026ba    00000130     driverlib.lib : gpio.obj (.text:GPIOPadConfigSet)
                  000027ea    00000002     rtsv7M4_T_le_v4SPD16_eabi.lib : div0.asm.obj (.text)
                  000027ec    00000124                                   : _printfi.c.obj (.text:fcvt)
                  00002910    00000118     ti.targets.arm.rtsarm.aem4f : Error.oem4f (.text:xdc_runtime_Error_policyDefault__E)
                  00002a28    00000114     rtsv7M4_T_le_v4SPD16_eabi.lib : fputs.c.obj (.text:fputs)
                  00002b3c    00000110                                   : s_scalbn.c.obj (.text:scalbn)
                  00002c4c    00000004                                   : exit.c.obj (.text:abort:abort)
                  00002c50    00000108     BIOS.obj (.text:ti_sysbios_family_arm_lm4_Timer_start__E)
                  00002d58    00000100     Boot.aem4f : Boot_sysctl.oem4f (.text:ti_catalog_arm_cortexm4_tiva_ce_Boot_sysCtlClockSetI__I)
                  00002e58    00000100     ti.targets.arm.rtsarm.aem4f : Core-mem.oem4f (.text:xdc_runtime_Core_createObject__I)
                  00002f58    000000fc     rtsv7M4_T_le_v4SPD16_eabi.lib : fd_mul_t2.asm.obj (.text)
                  00003054    000000f8     ti.targets.arm.rtsarm.aem4f : Startup.oem4f (.text:xdc_runtime_Startup_startMods__I)
                  0000314c    000000f8     gpiointerrupt_pem4f.oem4f (.text:xdc_runtime_System_printfExtend__I)
                  00003244    000000f4     launchpad.obj (.text:launchpad_init)
                  00003338    000000f4     m3_Hwi_asm.obj (.text:ti_sysbios_family_arm_m3_Hwi_dispatch__I)
                  0000342c    000000f0     drivers_tivaware.aem4f : PWMTiva.oem4f (.text:PWMTiva_setDuty)
                  0000351c    000000dc     rtsv7M4_T_le_v4SPD16_eabi.lib : setvbuf.c.obj (.text:setvbuf)
                  000035f8    000000dc     BIOS.obj (.text:ti_sysbios_knl_Task_sleep__E)
                  000036d4    00000004     gpiointerrupt_pem4f.oem4f (.text:ti_sysbios_BIOS_RtsGateProxy_enter__E)
                  000036d8    000000d4     BIOS.obj (.text:ti_sysbios_heaps_HeapMem_alloc__E)
                  000037ac    00000004     gpiointerrupt_pem4f.oem4f (.text:ti_sysbios_BIOS_RtsGateProxy_leave__E)
                  000037b0    000000cc     BIOS.obj (.text:ti_sysbios_knl_Task_Instance_init__E)
                  0000387c    000000cc     ti.targets.arm.rtsarm.aem4f : Core-smem.oem4f (.text:xdc_runtime_Core_constructObject__I)
                  00003948    000000bc     BIOS.obj (.text:ti_sysbios_family_arm_m3_Hwi_excDebugMon__I)
                  00003a04    00000004     BIOS.obj (.text:ti_sysbios_family_arm_lm4_Timer_masterEnable__I)
                  00003a08    000000bc     BIOS.obj (.text:ti_sysbios_family_arm_m3_Hwi_excHardFault__I)
                  00003ac4    00000004     gpiointerrupt_pem4f.oem4f (.text:ti_sysbios_family_arm_m3_Hwi_destruct)
                  00003ac8    000000bc     BIOS.obj (.text:ti_sysbios_knl_Task_Instance_finalize__E)
                  00003b84    000000ba     ti.tirtos.utils.aem4f : UARTMon.oem4f (.text:UARTMon_taskFxn)
                  00003c3e    00000002     gpiointerrupt_pem4f.oem4f (.text:ti_sysbios_BIOS_nullFunc__I)
                  00003c40    000000b4     BIOS.obj (.text:ti_sysbios_knl_Task_checkStacks__E)
                  00003cf4    000000b1     rtsv7M4_T_le_v4SPD16_eabi.lib : _printfi.c.obj (.text:_ltostr)
                  00003da5    00000001     --HOLE-- [fill = 0]
                  00003da6    000000ac     drivers_tivaware.aem4f : UARTTiva.oem4f (.text:readTaskBlocking)
                  00003e52    00000006     driverlib.lib : gpio.obj (.text:GPIOPinWrite)
                  00003e58    000000ac     BIOS.obj (.text:ti_sysbios_family_arm_lm4_Timer_enableTiva__I)
                  00003f04    000000a0     auto_init.aem4f : auto_init.oem4f (.text)
                  00003fa4    000000a0     ti.targets.arm.rtsarm.aem4f : Text.oem4f (.text:xdc_runtime_Text_putMod__E)
                  00004044    0000009c     rtsv7M4_T_le_v4SPD16_eabi.lib : memcpy_t2.asm.obj (.text)
                  000040e0    0000009a     ti.targets.arm.rtsarm.aem4f : Text.oem4f (.text:xdc_runtime_Text_putSite__E)
                  0000417a    00000098     drivers_tivaware.aem4f : UARTTiva.oem4f (.text:UARTTiva_readPolling)
                  00004212    00000002     gpiointerrupt_pem4f.oem4f (.text:xdc_runtime_Startup_reset__I)
                  00004214    00000098     Boot.aem4f : Boot.oem4f (.text:ti_catalog_arm_cortexm4_tiva_ce_Boot_sysCtlClockSet__E)
                  000042ac    00000096     rtsv7M4_T_le_v4SPD16_eabi.lib : ull_div_t2.asm.obj (.text)
                  00004342    00000094     drivers_tivaware.aem4f : UARTTiva.oem4f (.text:UARTTiva_write)
                  000043d6    00000002     --HOLE-- [fill = 0]
                  000043d8    00000094     BIOS.obj (.text:ti_sysbios_family_arm_m3_Hwi_Instance_init__E)
                  0000446c    00000004     gpiointerrupt_pem4f.oem4f (.text:ti_sysbios_family_arm_m3_TaskSupport_Module__startupDone__S)
                  00004470    00000094     BIOS.obj (.text:ti_sysbios_family_arm_m3_Hwi_initNVIC__E)
                  00004504    00000004     gpiointerrupt_pem4f.oem4f (.text:ti_sysbios_heaps_HeapMem_Module_GateProxy_enter__E)
                  00004508    00000094     BIOS.obj (.text:ti_sysbios_knl_Task_postInit__I)
                  0000459c    0000008c     drivers_tivaware.aem4f : GPIOTiva.oem4f (.text:GPIO_init)
                  00004628    0000008c                            : UARTTiva.oem4f (.text:UARTTiva_control)
                  000046b4    0000008c     rtsv7M4_T_le_v4SPD16_eabi.lib : fputc.c.obj (.text:fputc)
                  00004740    0000008c     m3_TaskSupport_asm.obj (.text:ti_sysbios_family_arm_m3_TaskSupport_buildTaskStack)
                  000047cc    0000008a     drivers_tivaware.aem4f : UARTTiva.oem4f (.text:readIsrTextBlocking)
                  00004856    00000002     --HOLE-- [fill = 0]
                  00004858    00000088                            : PWMTiva.oem4f (.text:PWMTiva_control)
                  000048e0    00000086     rtsv7M4_T_le_v4SPD16_eabi.lib : fd_cmp_t2.asm.obj (.text:__aeabi_cdcmple)
                  00004966    00000086                                   : fd_cmp_t2.asm.obj (.text:__aeabi_cdrcmple)
                  000049ec    00000084     main.obj (.text:main)
                  00004a70    00000084     BIOS.obj (.text:ti_sysbios_family_arm_m3_Hwi_postInit__I)
                  00004af4    00000082     drivers_tivaware.aem4f : UARTTiva.oem4f (.text:readIsrTextCallback)
                  00004b76    00000002     --HOLE-- [fill = 0]
                  00004b78    0000007c     BIOS.obj (.text:ti_sysbios_heaps_HeapMem_free__E)
                  00004bf4    0000007a     drivers_tivaware.aem4f : UARTTiva.oem4f (.text:readTaskCallback)
                  00004c6e    0000007a     rtsv7M4_T_le_v4SPD16_eabi.lib : memset_t2.asm.obj (.text)
                  00004ce8    00000074                                   : fclose.c.obj (.text:__TI_closefile)
                  00004d5c    00000004     gpiointerrupt_pem4f.oem4f (.text:ti_sysbios_heaps_HeapMem_Module_GateProxy_leave__E)
                  00004d60    00000070     BIOS.obj (.text:ti_sysbios_knl_Clock_workFunc__E)
                  00004dd0    00000070     BIOS.obj (.text:ti_sysbios_knl_Task_exit__E)
                  00004e40    00000070     main.obj (.text:timer0_init)
                  00004eb0    0000006e     rtsv7M4_T_le_v4SPD16_eabi.lib : _printfi.c.obj (.text:_mcpy)
                  00004f1e    00000002     --HOLE-- [fill = 0]
                  00004f20    0000006d     ti.targets.arm.rtsarm.aem4f : System.oem4f (.text:xdc_runtime_System_formatNum__I)
                  00004f8d    00000003     --HOLE-- [fill = 0]
                  00004f90    0000006c     rtsv7M4_T_le_v4SPD16_eabi.lib : hostrename.c.obj (.text:HOSTrename)
                  00004ffc    00000004     gpiointerrupt_pem4f.oem4f (.text:ti_sysbios_knl_Clock_TimerProxy_getMaxTicks__E)
                  00005000    0000006c     BIOS.obj (.text:ti_sysbios_knl_Swi_restoreHwi__E)
                  0000506c    0000006c     drivers_tivaware.aem4f : UARTTiva.oem4f (.text:writeData)
                  000050d8    0000006c     ti.targets.arm.rtsarm.aem4f : Error.oem4f (.text:xdc_runtime_Error_print__E)
                  00005144    0000006c                                 : Memory.oem4f (.text:xdc_runtime_Memory_alloc__E)
                  000051b0    0000006a     drivers_tivaware.aem4f : PWMTiva.oem4f (.text:PWMTiva_close)
                  0000521a    00000002     --HOLE-- [fill = 0]
                  0000521c    00000068     rtsv7M4_T_le_v4SPD16_eabi.lib : hostlseek.c.obj (.text:HOSTlseek)
                  00005284    00000068                                   : copy_decompress_lzss.c.obj (.text:decompress:lzss:__TI_decompress_lzss)
                  000052ec    00000068                                   : printf.c.obj (.text:printf)
                  00005354    00000066     ti.targets.arm.rtsarm.aem4f : Core-mem.oem4f (.text:xdc_runtime_Core_deleteObject__I)
                  000053ba    00000002     --HOLE-- [fill = 0]
                  000053bc    00000064     drivers_tivaware.aem4f : GPIOTiva.oem4f (.text:GPIO_hwiIntFxn)
                  00005420    00000064     rtsv7M4_T_le_v4SPD16_eabi.lib : s_frexp.c.obj (.text:frexp)
                  00005484    00000064                                   : fseek.c.obj (.text:fseek)
                  000054e8    00000064     BIOS.obj (.text:ti_sysbios_family_arm_lm4_Timer_Module_startup__E)
                  0000554c    00000064     gpiointerrupt_pem4f.oem4f (.text:ti_sysbios_family_arm_m3_Hwi_create)
                  000055b0    00000064     BIOS.obj (.text:ti_sysbios_family_arm_m3_Hwi_dispatchC__I)
                  00005614    00000004     gpiointerrupt_pem4f.oem4f (.text:ti_sysbios_knl_Clock_destruct)
                  00005618    00000064     BIOS.obj (.text:ti_sysbios_knl_Semaphore_post__E)
                  0000567c    00000062     rtsv7M4_T_le_v4SPD16_eabi.lib : _io_perm.c.obj (.text:__TI_wrt_ok)
                  000056de    00000002     --HOLE-- [fill = 0]
                  000056e0    00000060                                   : hostopen.c.obj (.text:HOSTopen)
                  00005740    00000060     BIOS.obj (.text:ti_sysbios_knl_Task_schedule__I)
                  000057a0    0000005e     drivers_tivaware.aem4f : UARTTiva.oem4f (.text:readIsrBinaryBlocking)
                  000057fe    00000002     --HOLE-- [fill = 0]
                  00005800    0000005c     rtsv7M4_T_le_v4SPD16_eabi.lib : close.c.obj (.text:close)
                  0000585c    00000004     gpiointerrupt_pem4f.oem4f (.text:ti_sysbios_knl_Queue_destruct)
                  00005860    0000005c     BIOS.obj (.text:ti_sysbios_knl_Swi_run__I)
                  000058bc    00000004     gpiointerrupt_pem4f.oem4f (.text:ti_sysbios_knl_Semaphore_destruct)
                  000058c0    0000005c     BIOS.obj (.text:ti_sysbios_knl_Swi_schedule__I)
                  0000591c    00000004     ti.targets.arm.rtsarm.aem4f : Error.oem4f (.text:xdc_runtime_Error_getSite__E)
                  00005920    0000005c     BIOS.obj (.text:ti_sysbios_knl_Task_Module_startup__E)
                  0000597c    00000004     gpiointerrupt_pem4f.oem4f (.text:xdc_runtime_System_Module_GateProxy_enter__E)
                  00005980    0000005c     BIOS.obj (.text:ti_sysbios_knl_Task_startCore__E)
                  000059dc    0000005b     ti.targets.arm.rtsarm.aem4f : Text.oem4f (.text:xdc_runtime_Text_putLab__E)
                  00005a37    00000001     --HOLE-- [fill = 0]
                  00005a38    00000058     boot.aem4f : boot.oem4f (.text)
                  00005a90    00000058     rtsv7M4_T_le_v4SPD16_eabi.lib : hostread.c.obj (.text:HOSTread)
                  00005ae8    00000058                                   : hostwrite.c.obj (.text:HOSTwrite)
                  00005b40    00000058     gpiointerrupt_pem4f.oem4f (.text:ti_sysbios_family_arm_m3_Hwi_construct)
                  00005b98    00000058     m3_Hwi_asm_switch.obj (.text:ti_sysbios_family_arm_m3_Hwi_initStacks__E)
                  00005bf0    00000056     driverlib.lib : gpio.obj (.text:GPIOIntTypeSet)
                  00005c46    00000056     rtsv7M4_T_le_v4SPD16_eabi.lib : _printfi.c.obj (.text:_pconv_f)
                  00005c9c    00000054                                   : ltoa.c.obj (.text:ltoa)
                  00005cf0    00000054     drivers_tivaware.aem4f : UARTTiva.oem4f (.text:readIsrBinaryCallback)
                  00005d44    00000004     gpiointerrupt_pem4f.oem4f (.text:xdc_runtime_System_Module_GateProxy_leave__E)
                  00005d48    00000054     BIOS.obj (.text:ti_sysbios_family_arm_lm4_Timer_initDevice__I)
                  00005d9c    00000054     gpiointerrupt_pem4f.oem4f (.text:ti_sysbios_knl_Task_construct)
                  00005df0    00000054     ti.targets.arm.rtsarm.aem4f : Assert.oem4f (.text:xdc_runtime_Assert_raise__I)
                  00005e44    00000052     rtsv7M4_T_le_v4SPD16_eabi.lib : _printfi.c.obj (.text:_ecpy)
                  00005e96    00000002     --HOLE-- [fill = 0]
                  00005e98    00000050     drivers_tivaware.aem4f : GPIOTiva.oem4f (.text:GPIO_setCallback)
                  00005ee8    00000050                            : UARTTiva.oem4f (.text:UARTTiva_writeCancel)
                  00005f38    00000050     BIOS.obj (.text:ti_sysbios_family_arm_m3_Hwi_Module_startup__E)
                  00005f88    00000050     BIOS.obj (.text:ti_sysbios_knl_Clock_Instance_init__E)
                  00005fd8    00000050     ti.targets.arm.rtsarm.aem4f : Startup.oem4f (.text:xdc_runtime_Startup_exec__E)
                  00006028    00000050                                 : Text.oem4f (.text:xdc_runtime_Text_visitRope2__I)
                  00006078    0000004c     drivers_tivaware.aem4f : UARTTiva.oem4f (.text:UARTTiva_close)
                  000060c4    0000004c     rtsv7M4_T_le_v4SPD16_eabi.lib : fflush.c.obj (.text:__TI_doflush)
                  00006110    0000004c                                   : atoi.c.obj (.text:atoi)
                  0000615c    0000004c                                   : cpy_tbl.c.obj (.text:copy_in)
                  000061a8    0000004c     BIOS.obj (.text:ti_sysbios_heaps_HeapMem_getStats__E)
                  000061f4    00000004     ti.targets.arm.rtsarm.aem4f : System.oem4f (.text:xdc_runtime_System_aprintf_va__F)
                  000061f8    0000004c     BIOS.obj (.text:ti_sysbios_knl_Swi_runLoop__I)
                  00006244    00000004     ti.targets.arm.rtsarm.aem4f : System.oem4f (.text:xdc_runtime_System_printf_va__F)
                  00006248    0000004c     BIOS.obj (.text:ti_sysbios_knl_Task_allBlockedFunction__I)
                  00006294    00000048     driverlib.lib : gpio.obj (.text:GPIOPinConfigure)
                  000062dc    00000048     rtsv7M4_T_le_v4SPD16_eabi.lib : exit.c.obj (.text:exit)
                  00006324    00000048                                   : fd_toi_t2.asm.obj (.text)
                  0000636c    00000004     --HOLE-- [fill = 0]
                  00006370    00000048     BIOS.obj (.text:ti_sysbios_family_arm_lm4_Timer_enableTimers__I)
                  000063b8    00000048     BIOS.obj (.text:ti_sysbios_family_arm_m3_Hwi_disableInterrupt__E)
                  00006400    00000048     BIOS.obj (.text:ti_sysbios_family_arm_m3_Hwi_enableInterrupt__E)
                  00006448    00000048     BIOS.obj (.text:ti_sysbios_family_arm_m3_Hwi_excReserved__I)
                  00006490    00000046     drivers_tivaware.aem4f : RingBuf.oem4f (.text:RingBuf_put)
                  000064d6    00000046     ti.targets.arm.rtsarm.aem4f : Core-params.oem4f (.text:xdc_runtime_Core_assignParams__I)
                  0000651c    00000044     rtsv7M4_T_le_v4SPD16_eabi.lib : hostclose.c.obj (.text:HOSTclose)
                  00006560    00000044                                   : hostunlink.c.obj (.text:HOSTunlink)
                  000065a4    00000044                                   : getdevice.c.obj (.text:getdevice)
                  000065e8    00000044     BIOS.obj (.text:ti_sysbios_family_arm_lm4_Timer_isrStub__E)
                  0000662c    00000004     --HOLE-- [fill = 0]
                  00006630    00000044     BIOS.obj (.text:ti_sysbios_family_arm_m3_Hwi_getStackInfo__E)
                  00006674    00000004     --HOLE-- [fill = 0]
                  00006678    00000044     BIOS.obj (.text:ti_sysbios_knl_Swi_post__E)
                  000066bc    00000044     ti.targets.arm.rtsarm.aem4f : Error.oem4f (.text:xdc_runtime_Error_setX__E)
                  00006700    00000044                                 : SysMin.oem4f (.text:xdc_runtime_SysMin_flush__E)
                  00006744    00000044                                 : Text.oem4f (.text:xdc_runtime_Text_xprintf__I)
                  00006788    00000042     driverlib.lib : uart.obj (.text:UARTConfigSetExpClk)
                  000067ca    00000042     drivers_tivaware.aem4f : UARTTiva.oem4f (.text:UARTTiva_hwiIntFxn)
                  0000680c    00000042                            : UARTTiva.oem4f (.text:UARTTiva_writePolling)
                  0000684e    00000002     --HOLE-- [fill = 0]
                  00006850    00000040     EK_TM4C123GXL.obj (.text:EK_TM4C123GXL_initGeneral)
                  00006890    00000040     drivers_tivaware.aem4f : RingBuf.oem4f (.text:RingBuf_get)
                  000068d0    00000040                            : UARTTiva.oem4f (.text:UARTTiva_read)
                  00006910    00000040     rtsv7M4_T_le_v4SPD16_eabi.lib : u_divt2.asm.obj (.text)
                  00006950    00000040     BIOS.obj (.text:ti_sysbios_family_arm_lm4_Timer_startup__E)
                  00006990    00000040     BIOS.obj (.text:ti_sysbios_heaps_HeapMem_Instance_init__E)
                  000069d0    0000003e     rtsv7M4_T_le_v4SPD16_eabi.lib : _printfi.c.obj (.text:_fcpy)
                  00006a0e    00000002     --HOLE-- [fill = 0]
                  00006a10    0000003d     main.obj (.text:LEDtask)
                  00006a4d    00000003     --HOLE-- [fill = 0]
                  00006a50    0000003c     BIOS.obj (.text:ti_sysbios_family_arm_m3_Hwi_excSvCall__I)
                  00006a8c    00000004     --HOLE-- [fill = 0]
                  00006a90    0000003c     BIOS.obj (.text:ti_sysbios_heaps_HeapMem_init__I)
                  00006acc    00000004     --HOLE-- [fill = 0]
                  00006ad0    0000003c     BIOS.obj (.text:ti_sysbios_knl_Swi_restore__E)
                  00006b0c    00000038     drivers_tivaware.aem4f : PWM.oem4f (.text:PWM_init)
                  00006b44    00000038     rtsv7M4_T_le_v4SPD16_eabi.lib : trgmsg.c.obj (.text:__TI_writemsg)
                  00006b7c    00000004     --HOLE-- [fill = 0]
                  00006b80    00000038     BIOS.obj (.text:ti_sysbios_family_arm_m3_Hwi_excNoIsr__I)
                  00006bb8    00000038     BIOS.obj (.text:ti_sysbios_knl_Task_processVitalTaskFlag__I)
                  00006bf0    00000038     ti.targets.arm.rtsarm.aem4f : SysMin.oem4f (.text:xdc_runtime_SysMin_putch__E)
                  00006c28    00000038                                 : System.oem4f (.text:xdc_runtime_System_atexit__E)
                  00006c60    00000036     drivers_tivaware.aem4f : UARTTiva.oem4f (.text:UARTTiva_readCancel)
                  00006c96    00000036     rtsv7M4_T_le_v4SPD16_eabi.lib : strncpy.c.obj (.text:strncpy)
                  00006ccc    00000034     EK_TM4C123GXL.obj (.text:EK_TM4C123GXL_initPWM)
                  00006d00    00000034     driverlib.lib : sysctl.obj (.text:SysCtlPeripheralEnable)
                  00006d34    00000034     rtsv7M4_T_le_v4SPD16_eabi.lib : fopen.c.obj (.text:__TI_cleanup)
                  00006d68    00000034                                   : trgmsg.c.obj (.text:__TI_readmsg)
                  00006d9c    00000004     --HOLE-- [fill = 0]
                  00006da0    00000034     BIOS.obj (.text:ti_sysbios_family_arm_m3_Hwi_Instance_finalize__E)
                  00006dd4    00000004     --HOLE-- [fill = 0]
                  00006dd8    00000034     BIOS.obj (.text:ti_sysbios_family_arm_m3_Hwi_excNmi__I)
                  00006e0c    00000004     --HOLE-- [fill = 0]
                  00006e10    00000034     BIOS.obj (.text:ti_sysbios_hal_Hwi_checkStack)
                  00006e44    00000034     gpiointerrupt_pem4f.oem4f (.text:ti_sysbios_knl_Clock_construct)
                  00006e78    00000034     ti.targets.arm.rtsarm.aem4f : Core-label.oem4f (.text:xdc_runtime_Core_assignLabel__I)
                  00006eac    00000033                                 : Text.oem4f (.text:xdc_runtime_Text_printVisFxn__I)
                  00006edf    00000001     --HOLE-- [fill = 0]
                  00006ee0    00000032     BIOS.obj (.text:ti_sysbios_hal_Hwi_initStack)
                  00006f12    00000002     --HOLE-- [fill = 0]
                  00006f14    00000030     EK_TM4C123GXL.obj (.text:EK_TM4C123GXL_initGPIO)
                  00006f44    00000030     drivers_tivaware.aem4f : PWMTiva.oem4f (.text:PWMTiva_init)
                  00006f74    00000030                            : UART.oem4f (.text:UART_open)
                  00006fa4    00000030     rtsv7M4_T_le_v4SPD16_eabi.lib : getdevice.c.obj (.text:finddevice)
                  00006fd4    00000030     launchpad.obj (.text:led_write)
                  00007004    00000030     launchpad.obj (.text:left_switch)
                  00007034    00000030     launchpad.obj (.text:right_switch)
                  00007064    00000030     gpiointerrupt_pem4f.oem4f (.text:ti_sysbios_BIOS_atExitFunc__I)
                  00007094    00000004     --HOLE-- [fill = 0]
                  00007098    00000030     BIOS.obj (.text:ti_sysbios_family_arm_lm4_Timer_stop__E)
                  000070c8    00000030     BIOS.obj (.text:ti_sysbios_family_arm_m3_TaskSupport_start__E)
                  000070f8    00000030     gpiointerrupt_pem4f.oem4f (.text:ti_sysbios_gates_GateHwi_Object__create__S)
                  00007128    00000030     gpiointerrupt_pem4f.oem4f (.text:ti_sysbios_gates_GateMutex_Object__create__S)
                  00007158    00000030     BIOS.obj (.text:ti_sysbios_gates_GateMutex_enter__E)
                  00007188    00000030     gpiointerrupt_pem4f.oem4f (.text:ti_sysbios_heaps_HeapMem_Object__create__S)
                  000071b8    00000030     gpiointerrupt_pem4f.oem4f (.text:ti_sysbios_knl_Semaphore_construct)
                  000071e8    00000030     BIOS.obj (.text:ti_sysbios_knl_Semaphore_pendTimeout__I)
                  00007218    00000030     BIOS.obj (.text:ti_sysbios_knl_Task_unblockI__E)
                  00007248    00000030     ti.targets.arm.rtsarm.aem4f : SysMin.oem4f (.text:xdc_runtime_SysMin_abort__E)
                  00007278    00000030                                 : System.oem4f (.text:xdc_runtime_System_processAtExit__E)
                  000072a8    0000002e     gpiointerrupt_pem4f.oem4f (.text:malloc)
                  000072d6    0000002e     rtsv7M4_T_le_v4SPD16_eabi.lib : i_tofd_t2.asm.obj (.text)
                  00007304    0000002c     gpiointerrupt_pem4f.oem4f (.text:ti_sysbios_knl_Clock_doTick__I)
                  00007330    0000002c     gpiointerrupt_pem4f.oem4f (.text:ti_sysbios_knl_Queue_construct)
                  0000735c    00000004     --HOLE-- [fill = 0]
                  00007360    0000002c     BIOS.obj (.text:ti_sysbios_knl_Task_restore__E)
                  0000738c    0000002c     rtsv7M4_T_le_v4SPD16_eabi.lib : unlink.c.obj (.text:unlink)
                  000073b8    0000002c     ti.targets.arm.rtsarm.aem4f : Text.oem4f (.text:xdc_runtime_Text_cordText__E)
                  000073e4    0000002a     driverlib.lib : gpio.obj (.text:GPIODirModeSet)
                  0000740e    0000002a     ti.targets.arm.rtsarm.aem4f : System.oem4f (.text:xdc_runtime_System_putchar__I)
                  00007438    00000028     rtsv7M4_T_le_v4SPD16_eabi.lib : lseek.c.obj (.text:lseek)
                  00007460    00000028     BIOS.obj (.text:ti_sysbios_knl_Swi_Module_startup__E)
                  00007488    00000028     rtsv7M4_T_le_v4SPD16_eabi.lib : write.c.obj (.text:write)
                  000074b0    00000026     m3_Hwi_asm.obj (.text:ti_sysbios_family_arm_m3_Hwi_pendSV__I)
                  000074d6    00000026     ti.targets.arm.rtsarm.aem4f : System.oem4f (.text:xdc_runtime_System_avprintf__E)
                  000074fc    00000024     gpiointerrupt_pem4f.oem4f (.text:ti_sysbios_BIOS_errorRaiseHook__I)
                  00007520    00000024     gpiointerrupt_pem4f.oem4f (.text:ti_sysbios_BIOS_registerRTSLock__I)
                  00007544    00000024     gpiointerrupt_pem4f.oem4f (.text:ti_sysbios_BIOS_removeRTSLock__I)
                  00007568    00000024     gpiointerrupt_pem4f.oem4f (.text:ti_sysbios_BIOS_startFunc__I)
                  0000758c    00000024     gpiointerrupt_pem4f.oem4f (.text:ti_sysbios_gates_GateMutex_Object__delete__S)
                  000075b0    00000024     BIOS.obj (.text:ti_sysbios_knl_Clock_Module_startup__E)
                  000075d4    00000004     --HOLE-- [fill = 0]
                  000075d8    00000024     BIOS.obj (.text:ti_sysbios_knl_Clock_start__E)
                  000075fc    00000004     --HOLE-- [fill = 0]
                  00007600    00000024     BIOS.obj (.text:ti_sysbios_knl_Semaphore_Instance_init__E)
                  00007624    00000004     --HOLE-- [fill = 0]
                  00007628    00000024     BIOS.obj (.text:ti_sysbios_knl_Task_restoreHwi__E)
                  0000764c    00000024     ti.targets.arm.rtsarm.aem4f : System.oem4f (.text:xdc_runtime_System_vprintf__E)
                  00007670    00000022     driverlib.lib : pwm.obj (.text:PWMGenConfigure)
                  00007692    00000022     drivers_tivaware.aem4f : PWMTiva.oem4f (.text:PWMTiva_getPeriodCounts)
                  000076b4    00000004     --HOLE-- [fill = 0]
                  000076b8    00000022     BIOS.obj (.text:ti_sysbios_family_arm_lm4_Timer_write__I)
                  000076da    00000022     gpiointerrupt_pem4f.oem4f (.text:xdc_runtime_SysMin_output__I)
                  000076fc    00000020     rtsv7M4_T_le_v4SPD16_eabi.lib : memchr.c.obj (.text:memchr)
                  0000771c    00000020     gpiointerrupt_pem4f.oem4f (.text:ti_sysbios_BIOS_rtsLock__I)
                  0000773c    00000020     m3_Hwi_asm.obj (.text:ti_sysbios_family_arm_m3_Hwi_excHandlerAsm__I)
                  0000775c    00000004     --HOLE-- [fill = 0]
                  00007760    00000020     BIOS.obj (.text:ti_sysbios_family_arm_m3_Hwi_excHandler__I)
                  00007780    00000020     gpiointerrupt_pem4f.oem4f (.text:ti_sysbios_gates_GateHwi_Object__delete__S)
                  000077a0    00000020     gpiointerrupt_pem4f.oem4f (.text:ti_sysbios_heaps_HeapMem_Object__delete__S)
                  000077c0    00000020     gpiointerrupt_pem4f.oem4f (.text:ti_sysbios_knl_Clock_Object__destruct__S)
                  000077e0    00000020     BIOS.obj (.text:ti_sysbios_knl_Idle_run__E)
                  00007800    00000020     gpiointerrupt_pem4f.oem4f (.text:ti_sysbios_knl_Semaphore_Object__destruct__S)
                  00007820    00000020     ti.targets.arm.rtsarm.aem4f : Registry.oem4f (.text:xdc_runtime_Registry_findById__E)
                  00007840    00000020                                 : SysMin.oem4f (.text:xdc_runtime_SysMin_Module_startup__E)
                  00007860    0000001e     driverlib.lib : pwm.obj (.text:PWMPulseWidthSet)
                  0000787e    0000001e     drivers_tivaware.aem4f : PWMTiva.oem4f (.text:PWMTiva_getPeriodMicroSecs)
                  0000789c    0000001e     m3_Hwi_asm_switch.obj (.text:ti_sysbios_family_xxx_Hwi_switchAndRunFunc)
                  000078ba    00000002     --HOLE-- [fill = 0]
                  000078bc    0000001c     driverlib.lib : uart.obj (.text:UARTDisable)
                  000078d8    0000001c     drivers_tivaware.aem4f : GPIOTiva.oem4f (.text:getGpioIntIndex)
                  000078f4    0000001c     rtsv7M4_T_le_v4SPD16_eabi.lib : memccpy.c.obj (.text:memccpy)
                  00007910    0000001c     gpiointerrupt_pem4f.oem4f (.text:ti_sysbios_family_arm_m3_Hwi_Object__destruct__S)
                  0000792c    00000004     --HOLE-- [fill = 0]
                  00007930    0000001c     BIOS.obj (.text:ti_sysbios_gates_GateMutex_Instance_init__E)
                  0000794c    00000004     --HOLE-- [fill = 0]
                  00007950    0000001c     BIOS.obj (.text:ti_sysbios_knl_Clock_Instance_finalize__E)
                  0000796c    0000001c     gpiointerrupt_pem4f.oem4f (.text:ti_sysbios_knl_Queue_Object__destruct__S)
                  00007988    0000001c     BIOS.obj (.text:ti_sysbios_knl_Queue_put__E)
                  000079a4    00000004     --HOLE-- [fill = 0]
                  000079a8    0000001c     BIOS.obj (.text:ti_sysbios_knl_Task_enter__I)
                  000079c4    0000001c     ti.targets.arm.rtsarm.aem4f : Error.oem4f (.text:xdc_runtime_Error_raiseX__E)
                  000079e0    0000001c                                 : Memory.oem4f (.text:xdc_runtime_Memory_valloc__E)
                  000079fc    0000001c                                 : SysMin.oem4f (.text:xdc_runtime_SysMin_exit__E)
                  00007a18    0000001c                                 : System.oem4f (.text:xdc_runtime_System_abort__E)
                  00007a34    0000001a     main.obj (.text:blink_success)
                  00007a4e    0000001a     rtsv7M4_T_le_v4SPD16_eabi.lib : s_copysign.c.obj (.text:copysign)
                  00007a68    0000001a     gpiointerrupt_pem4f.oem4f (.text:free)
                  00007a82    0000001a     gpiointerrupt_pem4f.oem4f (.text:ti_sysbios_family_arm_m3_Hwi_Handle__label__S)
                  00007a9c    0000001a     gpiointerrupt_pem4f.oem4f (.text:ti_sysbios_gates_GateHwi_Handle__label__S)
                  00007ab6    0000001a     gpiointerrupt_pem4f.oem4f (.text:ti_sysbios_gates_GateMutex_Handle__label__S)
                  00007ad0    0000001a     gpiointerrupt_pem4f.oem4f (.text:ti_sysbios_heaps_HeapMem_Handle__label__S)
                  00007aea    0000001a     gpiointerrupt_pem4f.oem4f (.text:ti_sysbios_knl_Swi_Handle__label__S)
                  00007b04    0000001a     gpiointerrupt_pem4f.oem4f (.text:ti_sysbios_knl_Task_Handle__label__S)
                  00007b1e    0000001a     gpiointerrupt_pem4f.oem4f (.text:xdc_runtime_System_aprintf__E)
                  00007b38    0000001a     gpiointerrupt_pem4f.oem4f (.text:xdc_runtime_System_printf__E)
                  00007b52    00000002     --HOLE-- [fill = 0]
                  00007b54    00000018     drivers_tivaware.aem4f : UART.oem4f (.text:UART_Params_init)
                  00007b6c    00000018     rtsv7M4_T_le_v4SPD16_eabi.lib : args_main.c.obj (.text:_args_main)
                  00007b84    00000018                                   : strcmp.c.obj (.text:strcmp)
                  00007b9c    00000018     gpiointerrupt_pem4f.oem4f (.text:ti_sysbios_BIOS_rtsUnlock__I)
                  00007bb4    00000018     gpiointerrupt_pem4f.oem4f (.text:ti_sysbios_family_arm_lm4_Timer_Module__startupDone__F)
                  00007bcc    00000018     gpiointerrupt_pem4f.oem4f (.text:ti_sysbios_family_arm_m3_Hwi_Module__startupDone__F)
                  00007be4    00000018     m3_TaskSupport_asm.obj (.text:ti_sysbios_family_arm_m3_TaskSupport_swap__E)
                  00007bfc    00000004     --HOLE-- [fill = 0]
                  00007c00    00000018     BIOS.obj (.text:ti_sysbios_gates_GateMutex_leave__E)
                  00007c18    00000018     BIOS.obj (.text:ti_sysbios_knl_Task_sleepTimeout__I)
                  00007c30    00000018     ti.targets.arm.rtsarm.aem4f : Error.oem4f (.text:xdc_runtime_Error_check__E)
                  00007c48    00000018                                 : System.oem4f (.text:xdc_runtime_System_exit__E)
                  00007c60    00000018                                 : Text.oem4f (.text:xdc_runtime_Text_ropeText__E)
                  00007c78    00000016     rtsv7M4_T_le_v4SPD16_eabi.lib : strchr.c.obj (.text:strchr)
                  00007c8e    00000016     gpiointerrupt_pem4f.oem4f (.text:ti_sysbios_BIOS_exitFunc__I)
                  00007ca4    00000016     main.obj (.text:ti_sysbios_knl_Task_Params_init)
                  00007cba    00000002     --HOLE-- [fill = 0]
                  00007cbc    00000014     driverlib.lib : pwm.obj (.text:PWMClockSet)
                  00007cd0    00000014                   : sysctl.obj (.text:SysCtlPWMClockSet)
                  00007ce4    00000014                   : uart.obj (.text:UARTEnable)
                  00007cf8    00000014     rtsv7M4_T_le_v4SPD16_eabi.lib : strcpy.c.obj (.text:strcpy)
                  00007d0c    00000014                                   : strlen.c.obj (.text:strlen)
                  00007d20    00000014     gpiointerrupt_pem4f.oem4f (.text:ti_sysbios_family_arm_m3_Hwi_Object__get__S)
                  00007d34    00000004     --HOLE-- [fill = 0]
                  00007d38    00000014     BIOS.obj (.text:ti_sysbios_family_arm_m3_Hwi_switchFromBootStack__E)
                  00007d4c    00000014     gpiointerrupt_pem4f.oem4f (.text:ti_sysbios_heaps_HeapMem_Object__get__S)
                  00007d60    00000014     gpiointerrupt_pem4f.oem4f (.text:ti_sysbios_knl_Swi_Object__get__S)
                  00007d74    00000012     driverlib.lib : gpio.obj (.text:GPIOPinTypeGPIOInput)
                  00007d86    00000012                   : gpio.obj (.text:GPIOPinTypePWM)
                  00007d98    00000012                   : pwm.obj (.text:PWMGenPeriodGet)
                  00007daa    00000012                   : pwm.obj (.text:PWMOutputInvert)
                  00007dbc    00000012                   : pwm.obj (.text:PWMOutputState)
                  00007dce    00000012     drivers_tivaware.aem4f : RingBuf.oem4f (.text:RingBuf_construct)
                  00007de0    00000012     BIOS.obj (.text:ti_sysbios_hal_Hwi_Module_startup__E)
                  00007df2    00000012     rtsv7M4_T_le_v4SPD16_eabi.lib : wcslen.c.obj (.text:wcslen)
                  00007e04    00000012     gpiointerrupt_pem4f.oem4f (.text:xdc_runtime_Startup_exec__I)
                  00007e16    00000010     driverlib.lib : pwm.obj (.text:PWMGenPeriodSet)
                  00007e26    00000010     drivers_tivaware.aem4f : UARTTiva.oem4f (.text:readBlockingTimeout)
                  00007e36    00000002     --HOLE-- [fill = 0]
                  00007e38    00000010     BIOS.obj (.text:ti_sysbios_BIOS_getCpuFreq__E)
                  00007e48    00000010     BIOS.obj (.text:ti_sysbios_BIOS_setThreadType__E)
                  00007e58    00000010     BIOS.obj (.text:ti_sysbios_BIOS_start__E)
                  00007e68    00000010     m3_TaskSupport_asm.obj (.text:ti_sysbios_family_arm_m3_TaskSupport_glue)
                  00007e78    00000010     BIOS.obj (.text:ti_sysbios_gates_GateMutex_Instance_finalize__E)
                  00007e88    00000010     BIOS.obj (.text:ti_sysbios_knl_Semaphore_Instance_finalize__E)
                  00007e98    00000010     BIOS.obj (.text:ti_sysbios_knl_Swi_disable__E)
                  00007ea8    00000010     gpiointerrupt_pem4f.oem4f (.text:ti_sysbios_knl_Task_Object__get__S)
                  00007eb8    00000010     BIOS.obj (.text:ti_sysbios_knl_Task_disable__E)
                  00007ec8    00000010     ti.targets.arm.rtsarm.aem4f : Gate.oem4f (.text:xdc_runtime_Gate_leaveSystem__E)
                  00007ed8    00000010                                 : Memory.oem4f (.text:xdc_runtime_Memory_free__E)
                  00007ee8    00000010                                 : SysMin.oem4f (.text:xdc_runtime_SysMin_ready__E)
                  00007ef8    00000010                                 : System.oem4f (.text:xdc_runtime_System_vsnprintf__E)
                  00007f08    00000010     gpiointerrupt_pem4f.oem4f (.text:xdc_runtime_Text_visitRope__I)
                  00007f18    0000000e     driverlib.lib : gpio.obj (.text:GPIOIntStatus)
                  00007f26    0000000e                   : uart.obj (.text:UARTCharGetNonBlocking)
                  00007f34    0000000e                   : uart.obj (.text:UARTCharPutNonBlocking)
                  00007f42    0000000e     rtsv7M4_T_le_v4SPD16_eabi.lib : copy_decompress_none.c.obj (.text:decompress:none:__TI_decompress_none)
                  00007f50    0000000e     BIOS.obj (.text:ti_sysbios_knl_Idle_loop__E)
                  00007f5e    00000002     --HOLE-- [fill = 0]
                  00007f60    0000000e     BIOS.obj (.text:ti_sysbios_knl_Queue_empty__E)
                  00007f6e    00000002     --HOLE-- [fill = 0]
                  00007f70    0000000c     gpiointerrupt_pem4f.oem4f (.text:.bootCodeSection:ti_catalog_arm_cortexm4_tiva_ce_Boot_init__I)
                  00007f7c    0000000c     driverlib.lib : pwm.obj (.text:PWMGenDisable)
                  00007f88    0000000c                   : pwm.obj (.text:PWMGenEnable)
                  00007f94    0000000c     drivers_tivaware.aem4f : RingBuf.oem4f (.text:RingBuf_peek)
                  00007fa0    0000000c     driverlib.lib : uart.obj (.text:UARTFlowControlSet)
                  00007fac    0000000c     drivers_tivaware.aem4f : UARTTiva.oem4f (.text:UARTTiva_init)
                  00007fb8    0000000c     rtsv7M4_T_le_v4SPD16_eabi.lib : _lock.c.obj (.text:_register_lock)
                  00007fc4    0000000c                                   : _lock.c.obj (.text:_register_unlock)
                  00007fd0    0000000c                                   : copy_zero_init.c.obj (.text:decompress:ZI:__TI_zero_init)
                  00007fdc    00000004     --HOLE-- [fill = 0]
                  00007fe0    0000000c     BIOS.obj (.text:ti_sysbios_family_arm_lm4_Timer_getMaxTicks__E)
                  00007fec    0000000c     gpiointerrupt_pem4f.oem4f (.text:ti_sysbios_family_arm_m3_Hwi_Params__init__S)
                  00007ff8    0000000c     BIOS.obj (.text:ti_sysbios_family_arm_m3_Hwi_disableFxn__E)
                  00008004    00000004     --HOLE-- [fill = 0]
                  00008008    0000000c     BIOS.obj (.text:ti_sysbios_family_arm_m3_TaskSupport_checkStack__E)
                  00008014    00000004     --HOLE-- [fill = 0]
                  00008018    0000000c     BIOS.obj (.text:ti_sysbios_family_arm_m3_TaskSupport_getStackAlignment__E)
                  00008024    00000004     --HOLE-- [fill = 0]
                  00008028    0000000c     BIOS.obj (.text:ti_sysbios_gates_GateHwi_enter__E)
                  00008034    0000000c     gpiointerrupt_pem4f.oem4f (.text:ti_sysbios_knl_Clock_Params__init__S)
                  00008040    0000000c     gpiointerrupt_pem4f.oem4f (.text:ti_sysbios_knl_Queue_Object__get__S)
                  0000804c    0000000c     gpiointerrupt_pem4f.oem4f (.text:ti_sysbios_knl_Semaphore_Params__init__S)
                  00008058    0000000c     gpiointerrupt_pem4f.oem4f (.text:ti_sysbios_knl_Task_Params__init__S)
                  00008064    0000000c     ti.targets.arm.rtsarm.aem4f : Error.oem4f (.text:xdc_runtime_Error_init__E)
                  00008070    0000000c                                 : Gate.oem4f (.text:xdc_runtime_Gate_enterSystem__E)
                  0000807c    0000000c                                 : Memory.oem4f (.text:xdc_runtime_Memory_calloc__E)
                  00008088    0000000c                                 : Memory.oem4f (.text:xdc_runtime_Memory_getMaxDefaultTypeAlign__E)
                  00008094    0000000a     driverlib.lib : uart.obj (.text:UARTCharGet)
                  0000809e    0000000a                   : uart.obj (.text:UARTCharPut)
                  000080a8    0000000a                   : uart.obj (.text:UARTIntDisable)
                  000080b2    0000000a                   : uart.obj (.text:UARTIntStatus)
                  000080bc    0000000a     drivers_tivaware.aem4f : UART.oem4f (.text:UART_read)
                  000080c6    0000000a                            : UART.oem4f (.text:UART_write)
                  000080d0    0000000a     gpiointerrupt_pem4f.oem4f (.text:xdc_runtime_IHeap_alloc)
                  000080da    0000000a     gpiointerrupt_pem4f.oem4f (.text:xdc_runtime_IHeap_free)
                  000080e4    00000008     driverlib.lib : uart.obj (.text:UARTIntEnable)
                  000080ec    00000008                   : uart.obj (.text:UARTRxErrorGet)
                  000080f4    00000008     rtsv7M4_T_le_v4SPD16_eabi.lib : errno.c.obj (.text:__aeabi_errno_addr)
                  000080fc    00000008     drivers_tivaware.aem4f : UARTTiva.oem4f (.text:readSemCallback)
                  00008104    00000008     BIOS.obj (.text:ti_sysbios_family_arm_lm4_Timer_masterDisable__I)
                  0000810c    00000004     --HOLE-- [fill = 0]
                  00008110    00000008     BIOS.obj (.text:ti_sysbios_family_arm_m3_Hwi_doSwiRestore__I)
                  00008118    00000008     BIOS.obj (.text:ti_sysbios_family_arm_m3_Hwi_startup__E)
                  00008120    00000008     drivers_tivaware.aem4f : UARTTiva.oem4f (.text:writeSemCallback)
                  00008128    00000006     driverlib.lib : uart.obj (.text:UARTFIFOLevelSet)
                  0000812e    00000006                   : uart.obj (.text:UARTRxErrorClear)
                  00008134    00000006     Boot.aem4f : Boot_sysctl.oem4f (.text:ti_catalog_arm_cortexm4_tiva_ce_Boot_sysCtlDelayI__I)
                  0000813a    00000006     ti.targets.arm.rtsarm.aem4f : System.oem4f (.text:xdc_runtime_System_Module_startup__E)
                  00008140    00000006     BIOS.obj (.text:ti_sysbios_family_arm_m3_Hwi_doTaskRestore__I)
                  00008146    00000002     --HOLE-- [fill = 0]
                  00008148    00000006     BIOS.obj (.text:ti_sysbios_family_arm_m3_Hwi_restoreFxn__E)
                  0000814e    00000002     --HOLE-- [fill = 0]
                  00008150    00000006     BIOS.obj (.text:ti_sysbios_gates_GateHwi_leave__E)
                  00008156    00000002     --HOLE-- [fill = 0]
                  00008158    00000006     BIOS.obj (.text:ti_sysbios_heaps_HeapMem_isBlocking__E)
                  0000815e    00000002     --HOLE-- [fill = 0]
                  00008160    00000006     BIOS.obj (.text:ti_sysbios_knl_Clock_stop__E)
                  00008166    00000002     --HOLE-- [fill = 0]
                  00008168    00000006     BIOS.obj (.text:ti_sysbios_knl_Queue_Instance_init__E)
                  0000816e    00000002     --HOLE-- [fill = 0]
                  00008170    00000006     BIOS.obj (.text:ti_sysbios_knl_Swi_startup__E)
                  00008176    00000002     --HOLE-- [fill = 0]
                  00008178    00000004     BIOS.obj (.text:ti_sysbios_gates_GateHwi_query__E)
                  0000817c    00000004     --HOLE-- [fill = 0]
                  00008180    00000004     BIOS.obj (.text:ti_sysbios_gates_GateMutex_query__E)
                  00008184    00000004     --HOLE-- [fill = 0]
                  00008188    00000004     BIOS.obj (.text:ti_sysbios_knl_Task_startup__E)
                  0000818c    00000004     --HOLE-- [fill = 0]
                  00008190    00000002     BIOS.obj (.text:ti_sysbios_gates_GateHwi_Instance_init__E)
                  00008192    00000006     --HOLE-- [fill = 0]
                  00008198    00000002     BIOS.obj (.text:ti_sysbios_knl_Clock_logTick__E)

.const     0    0000819c    0000211f     
                  0000819c    0000186d     gpiointerrupt_pem4f.oem4f (.const:xdc_runtime_Text_charTab__A)
                  00009a09    00000101     rtsv7M4_T_le_v4SPD16_eabi.lib : ctype.c.obj (.const:.string:_ctypes_)
                  00009b0a    000000bc     gpiointerrupt_pem4f.oem4f (.const:xdc_runtime_Text_nodeTab__A)
                  00009bc6    00000002     gpiointerrupt_pem4f.oem4f (.const:ti_catalog_arm_cortexm4_tiva_ce_Boot_Module__id__C)
                  00009bc8    00000090     driverlib.lib : gpio.obj (.const:g_pui32GPIOBaseAddrs)
                  00009c58    00000054     drivers_tivaware.aem4f : GPIOTiva.oem4f (.const:.string)
                  00009cac    0000004c                            : UARTTiva.oem4f (.const)
                  00009cf8    00000048     gpiointerrupt_pem4f.oem4f (.const:.string)
                  00009d40    00000048     drivers_tivaware.aem4f : GPIOTiva.oem4f (.const:gpioBaseAddresses)
                  00009d88    0000003c     gpiointerrupt_pem4f.oem4f (.const:ti_sysbios_knl_Task_Object__PARAMS__C)
                  00009dc4    00000030     gpiointerrupt_pem4f.oem4f (.const:ti_sysbios_family_arm_m3_Hwi_Object__PARAMS__C)
                  00009df4    00000028     drivers_tivaware.aem4f : UARTTiva.oem4f (.const:UARTTiva_fxnTable)
                  00009e1c    00000028     gpiointerrupt_pem4f.oem4f (.const:ti_sysbios_heaps_HeapMem_Module__FXNS__C)
                  00009e44    00000024     EK_TM4C123GXL.obj (.const:PWM_config)
                  00009e68    00000024     drivers_tivaware.aem4f : UART.oem4f (.const:UART_defaultParams)
                  00009e8c    00000024     gpiointerrupt_pem4f.oem4f (.const:ti_sysbios_gates_GateHwi_Module__FXNS__C)
                  00009eb0    00000024     gpiointerrupt_pem4f.oem4f (.const:ti_sysbios_gates_GateMutex_Module__FXNS__C)
                  00009ed4    00000024     gpiointerrupt_pem4f.oem4f (.const:ti_sysbios_heaps_HeapMem_Object__PARAMS__C)
                  00009ef8    00000024     gpiointerrupt_pem4f.oem4f (.const:ti_sysbios_knl_Clock_Object__PARAMS__C)
                  00009f1c    00000024     gpiointerrupt_pem4f.oem4f (.const:ti_sysbios_knl_Semaphore_Object__PARAMS__C)
                  00009f40    00000020     drivers_tivaware.aem4f : PWMTiva.oem4f (.const)
                  00009f60    00000020     gpiointerrupt_pem4f.oem4f (.const:ti_sysbios_family_arm_m3_Hwi_Object__DESC__C)
                  00009f80    00000020     gpiointerrupt_pem4f.oem4f (.const:ti_sysbios_gates_GateHwi_Object__DESC__C)
                  00009fa0    00000020     gpiointerrupt_pem4f.oem4f (.const:ti_sysbios_gates_GateMutex_Object__DESC__C)
                  00009fc0    00000020     gpiointerrupt_pem4f.oem4f (.const:ti_sysbios_heaps_HeapMem_Object__DESC__C)
                  00009fe0    00000020     gpiointerrupt_pem4f.oem4f (.const:ti_sysbios_knl_Clock_Object__DESC__C)
                  0000a000    00000020     gpiointerrupt_pem4f.oem4f (.const:ti_sysbios_knl_Queue_Object__DESC__C)
                  0000a020    00000020     gpiointerrupt_pem4f.oem4f (.const:ti_sysbios_knl_Semaphore_Object__DESC__C)
                  0000a040    00000020     gpiointerrupt_pem4f.oem4f (.const:ti_sysbios_knl_Task_Object__DESC__C)
                  0000a060    00000020     gpiointerrupt_pem4f.oem4f (.const:xdc_runtime_Startup_sfxnTab__A)
                  0000a080    00000018     EK_TM4C123GXL.obj (.const:UART_config)
                  0000a098    00000018     EK_TM4C123GXL.obj (.const:pwmTivaHWAttrs)
                  0000a0b0    00000018     gpiointerrupt_pem4f.oem4f (.const:ti_sysbios_gates_GateHwi_Object__PARAMS__C)
                  0000a0c8    00000018     gpiointerrupt_pem4f.oem4f (.const:ti_sysbios_gates_GateMutex_Object__PARAMS__C)
                  0000a0e0    00000018     gpiointerrupt_pem4f.oem4f (.const:ti_sysbios_knl_Queue_Object__PARAMS__C)
                  0000a0f8    00000018     EK_TM4C123GXL.obj (.const:uartTivaHWAttrs)
                  0000a110    00000014     EK_TM4C123GXL.obj (.const:GPIOTiva_config)
                  0000a124    00000014     gpiointerrupt_pem4f.oem4f (.const:xdc_runtime_Startup_firstFxns__A)
                  0000a138    00000010     gpiointerrupt_pem4f.oem4f (.const:xdc_runtime_Startup_sfxnRts__A)
                  0000a148    00000008     gpiointerrupt_pem4f.oem4f (.const:ti_sysbios_family_arm_m3_Hwi_excHookFuncs__A)
                  0000a150    00000008     gpiointerrupt_pem4f.oem4f (.const:ti_sysbios_knl_Idle_funcList__C)
                  0000a158    00000008     gpiointerrupt_pem4f.oem4f (.const:xdc_runtime_Startup_firstFxns__C)
                  0000a160    00000008     gpiointerrupt_pem4f.oem4f (.const:xdc_runtime_Startup_lastFxns__C)
                  0000a168    00000004     gpiointerrupt_pem4f.oem4f (.const:ti_catalog_arm_cortexm4_tiva_ce_Boot_A_mustUseEnhancedClockMode__C)
                  0000a16c    00000004     gpiointerrupt_pem4f.oem4f (.const:ti_catalog_arm_cortexm4_tiva_ce_Boot_Module__diagsEnabled__C)
                  0000a170    00000004     gpiointerrupt_pem4f.oem4f (.const:ti_catalog_arm_cortexm4_tiva_ce_Boot_Module__diagsIncluded__C)
                  0000a174    00000004     gpiointerrupt_pem4f.oem4f (.const:ti_catalog_arm_cortexm4_tiva_ce_Boot_Module__diagsMask__C)
                  0000a178    00000004     gpiointerrupt_pem4f.oem4f (.const:ti_sysbios_family_arm_lm4_Timer_enableFunc__C)
                  0000a17c    00000004     gpiointerrupt_pem4f.oem4f (.const:ti_sysbios_family_arm_lm4_Timer_numTimerDevices__C)
                  0000a180    00000004     gpiointerrupt_pem4f.oem4f (.const:ti_sysbios_family_arm_lm4_Timer_startupNeeded__C)
                  0000a184    00000004     gpiointerrupt_pem4f.oem4f (.const:ti_sysbios_family_arm_m3_Hwi_E_NMI__C)
                  0000a188    00000004     gpiointerrupt_pem4f.oem4f (.const:ti_sysbios_family_arm_m3_Hwi_E_alreadyDefined__C)
                  0000a18c    00000004     gpiointerrupt_pem4f.oem4f (.const:ti_sysbios_family_arm_m3_Hwi_E_busFault__C)
                  0000a190    00000004     gpiointerrupt_pem4f.oem4f (.const:ti_sysbios_family_arm_m3_Hwi_E_debugMon__C)
                  0000a194    00000004     gpiointerrupt_pem4f.oem4f (.const:ti_sysbios_family_arm_m3_Hwi_E_hardFault__C)
                  0000a198    00000004     gpiointerrupt_pem4f.oem4f (.const:ti_sysbios_family_arm_m3_Hwi_E_memFault__C)
                  0000a19c    00000004     gpiointerrupt_pem4f.oem4f (.const:ti_sysbios_family_arm_m3_Hwi_E_noIsr__C)
                  0000a1a0    00000004     gpiointerrupt_pem4f.oem4f (.const:ti_sysbios_family_arm_m3_Hwi_E_reserved__C)
                  0000a1a4    00000004     gpiointerrupt_pem4f.oem4f (.const:ti_sysbios_family_arm_m3_Hwi_E_svCall__C)
                  0000a1a8    00000004     gpiointerrupt_pem4f.oem4f (.const:ti_sysbios_family_arm_m3_Hwi_E_usageFault__C)
                  0000a1ac    00000004     gpiointerrupt_pem4f.oem4f (.const:ti_sysbios_family_arm_m3_Hwi_NUM_INTERRUPTS__C)
                  0000a1b0    00000004     gpiointerrupt_pem4f.oem4f (.const:ti_sysbios_family_arm_m3_Hwi_Object__count__C)
                  0000a1b4    00000004     gpiointerrupt_pem4f.oem4f (.const:ti_sysbios_family_arm_m3_Hwi_ccr__C)
                  0000a1b8    00000004     gpiointerrupt_pem4f.oem4f (.const:ti_sysbios_family_arm_m3_Hwi_excHandlerFunc__C)
                  0000a1bc    00000004     gpiointerrupt_pem4f.oem4f (.const:ti_sysbios_family_arm_m3_Hwi_excHookFuncs__C)
                  0000a1c0    00000004     gpiointerrupt_pem4f.oem4f (.const:ti_sysbios_family_arm_m3_Hwi_nullIsrFunc__C)
                  0000a1c4    00000004     gpiointerrupt_pem4f.oem4f (.const:ti_sysbios_family_arm_m3_Hwi_priGroup__C)
                  0000a1c8    00000004     gpiointerrupt_pem4f.oem4f (.const:ti_sysbios_family_arm_m3_TaskSupport_stackAlignment__C)
                  0000a1cc    00000004     gpiointerrupt_pem4f.oem4f (.const:ti_sysbios_gates_GateMutex_Instance_State_sem__O)
                  0000a1d0    00000004     gpiointerrupt_pem4f.oem4f (.const:ti_sysbios_hal_Hwi_E_stackOverflow__C)
                  0000a1d4    00000004     gpiointerrupt_pem4f.oem4f (.const:ti_sysbios_heaps_HeapMem_E_memory__C)
                  0000a1d8    00000004     gpiointerrupt_pem4f.oem4f (.const:ti_sysbios_heaps_HeapMem_Module__gateObj__C)
                  0000a1dc    00000004     gpiointerrupt_pem4f.oem4f (.const:ti_sysbios_heaps_HeapMem_Object__count__C)
                  0000a1e0    00000004     gpiointerrupt_pem4f.oem4f (.const:ti_sysbios_heaps_HeapMem_reqAlign__C)
                  0000a1e4    00000004     gpiointerrupt_pem4f.oem4f (.const:ti_sysbios_knl_Clock_Module_State_clockQ__O)
                  0000a1e8    00000004     gpiointerrupt_pem4f.oem4f (.const:ti_sysbios_knl_Idle_funcList__A)
                  0000a1ec    00000004     gpiointerrupt_pem4f.oem4f (.const:ti_sysbios_knl_Semaphore_Instance_State_pendQ__O)
                  0000a1f0    00000004     gpiointerrupt_pem4f.oem4f (.const:ti_sysbios_knl_Swi_Object__count__C)
                  0000a1f4    00000004     gpiointerrupt_pem4f.oem4f (.const:ti_sysbios_knl_Task_E_spOutOfBounds__C)
                  0000a1f8    00000004     gpiointerrupt_pem4f.oem4f (.const:ti_sysbios_knl_Task_E_stackOverflow__C)
                  0000a1fc    00000004     gpiointerrupt_pem4f.oem4f (.const:ti_sysbios_knl_Task_Module_State_inactiveQ__O)
                  0000a200    00000004     gpiointerrupt_pem4f.oem4f (.const:ti_sysbios_knl_Task_Object__count__C)
                  0000a204    00000004     gpiointerrupt_pem4f.oem4f (.const:ti_sysbios_knl_Task_allBlockedFunc__C)
                  0000a208    00000004     gpiointerrupt_pem4f.oem4f (.const:ti_sysbios_knl_Task_defaultStackHeap__C)
                  0000a20c    00000004     gpiointerrupt_pem4f.oem4f (.const:ti_sysbios_knl_Task_defaultStackSize__C)
                  0000a210    00000004     gpiointerrupt_pem4f.oem4f (.const:ti_sysbios_knl_Task_numConstructedTasks__C)
                  0000a214    00000004     gpiointerrupt_pem4f.oem4f (.const:xdc_runtime_Assert_E_assertFailed__C)
                  0000a218    00000004     gpiointerrupt_pem4f.oem4f (.const:xdc_runtime_Core_A_initializedParams__C)
                  0000a21c    00000004     gpiointerrupt_pem4f.oem4f (.const:xdc_runtime_Core_Module__diagsEnabled__C)
                  0000a220    00000004     gpiointerrupt_pem4f.oem4f (.const:xdc_runtime_Core_Module__diagsIncluded__C)
                  0000a224    00000004     gpiointerrupt_pem4f.oem4f (.const:xdc_runtime_Core_Module__diagsMask__C)
                  0000a228    00000004     gpiointerrupt_pem4f.oem4f (.const:xdc_runtime_Error_E_memory__C)
                  0000a22c    00000004     gpiointerrupt_pem4f.oem4f (.const:xdc_runtime_Error_Module__diagsEnabled__C)
                  0000a230    00000004     gpiointerrupt_pem4f.oem4f (.const:xdc_runtime_Error_Module__diagsIncluded__C)
                  0000a234    00000004     gpiointerrupt_pem4f.oem4f (.const:xdc_runtime_Error_Module__diagsMask__C)
                  0000a238    00000004     gpiointerrupt_pem4f.oem4f (.const:xdc_runtime_Error_Module__loggerFxn8__C)
                  0000a23c    00000004     gpiointerrupt_pem4f.oem4f (.const:xdc_runtime_Error_Module__loggerObj__C)
                  0000a240    00000004     gpiointerrupt_pem4f.oem4f (.const:xdc_runtime_Error_policyFxn__C)
                  0000a244    00000004     gpiointerrupt_pem4f.oem4f (.const:xdc_runtime_Error_raiseHook__C)
                  0000a248    00000004     gpiointerrupt_pem4f.oem4f (.const:xdc_runtime_IGateProvider_Interface__BASE__C)
                  0000a24c    00000004     gpiointerrupt_pem4f.oem4f (.const:xdc_runtime_IHeap_Interface__BASE__C)
                  0000a250    00000004     gpiointerrupt_pem4f.oem4f (.const:xdc_runtime_IModule_Interface__BASE__C)
                  0000a254    00000004     gpiointerrupt_pem4f.oem4f (.const:xdc_runtime_Log_L_error__C)
                  0000a258    00000004     gpiointerrupt_pem4f.oem4f (.const:xdc_runtime_Memory_defaultHeapInstance__C)
                  0000a25c    00000004     gpiointerrupt_pem4f.oem4f (.const:xdc_runtime_Startup_execImpl__C)
                  0000a260    00000004     gpiointerrupt_pem4f.oem4f (.const:xdc_runtime_Startup_maxPasses__C)
                  0000a264    00000004     gpiointerrupt_pem4f.oem4f (.const:xdc_runtime_Startup_sfxnRts__C)
                  0000a268    00000004     gpiointerrupt_pem4f.oem4f (.const:xdc_runtime_Startup_sfxnTab__C)
                  0000a26c    00000004     gpiointerrupt_pem4f.oem4f (.const:xdc_runtime_SysMin_bufSize__C)
                  0000a270    00000004     gpiointerrupt_pem4f.oem4f (.const:xdc_runtime_SysMin_outputFunc__C)
                  0000a274    00000004     gpiointerrupt_pem4f.oem4f (.const:xdc_runtime_System_Module__gateObj__C)
                  0000a278    00000004     gpiointerrupt_pem4f.oem4f (.const:xdc_runtime_System_abortFxn__C)
                  0000a27c    00000004     gpiointerrupt_pem4f.oem4f (.const:xdc_runtime_System_exitFxn__C)
                  0000a280    00000004     gpiointerrupt_pem4f.oem4f (.const:xdc_runtime_System_extendFxn__C)
                  0000a284    00000004     gpiointerrupt_pem4f.oem4f (.const:xdc_runtime_System_maxAtexitHandlers__C)
                  0000a288    00000004     gpiointerrupt_pem4f.oem4f (.const:xdc_runtime_Text_charTab__C)
                  0000a28c    00000004     gpiointerrupt_pem4f.oem4f (.const:xdc_runtime_Text_nameEmpty__C)
                  0000a290    00000004     gpiointerrupt_pem4f.oem4f (.const:xdc_runtime_Text_nameStatic__C)
                  0000a294    00000004     gpiointerrupt_pem4f.oem4f (.const:xdc_runtime_Text_nameUnknown__C)
                  0000a298    00000004     gpiointerrupt_pem4f.oem4f (.const:xdc_runtime_Text_nodeTab__C)
                  0000a29c    00000004     gpiointerrupt_pem4f.oem4f (.const:xdc_runtime_Text_visitRopeFxn__C)
                  0000a2a0    00000002     gpiointerrupt_pem4f.oem4f (.const:ti_sysbios_family_arm_m3_Hwi_Module__id__C)
                  0000a2a2    00000002     gpiointerrupt_pem4f.oem4f (.const:ti_sysbios_hal_Hwi_Module__id__C)
                  0000a2a4    00000002     gpiointerrupt_pem4f.oem4f (.const:ti_sysbios_heaps_HeapMem_Module__id__C)
                  0000a2a6    00000002     gpiointerrupt_pem4f.oem4f (.const:ti_sysbios_knl_Task_Module__id__C)
                  0000a2a8    00000002     gpiointerrupt_pem4f.oem4f (.const:xdc_runtime_Core_Module__id__C)
                  0000a2aa    00000002     gpiointerrupt_pem4f.oem4f (.const:xdc_runtime_Error_Module__loggerDefined__C)
                  0000a2ac    00000002     gpiointerrupt_pem4f.oem4f (.const:xdc_runtime_Error_maxDepth__C)
                  0000a2ae    00000002     gpiointerrupt_pem4f.oem4f (.const:xdc_runtime_Memory_Module__id__C)
                  0000a2b0    00000002     gpiointerrupt_pem4f.oem4f (.const:xdc_runtime_SysMin_flushAtExit__C)
                  0000a2b2    00000002     gpiointerrupt_pem4f.oem4f (.const:xdc_runtime_Text_charCnt__C)
                  0000a2b4    00000002     gpiointerrupt_pem4f.oem4f (.const:xdc_runtime_Text_isLoaded__C)
                  0000a2b6    00000002     gpiointerrupt_pem4f.oem4f (.const:xdc_runtime_Text_registryModsLastId__C)
                  0000a2b8    00000002     gpiointerrupt_pem4f.oem4f (.const:xdc_runtime_Text_unnamedModsLastId__C)
                  0000a2ba    00000001     gpiointerrupt_pem4f.oem4f (.const:xdc_runtime_Error_policy__C)

.cinit     0    0000a2c0    00000278     
                  0000a2c0    0000023f     (.cinit..data.load) [load image, compression = lzss]
                  0000a4ff    00000001     --HOLE-- [fill = 0]
                  0000a500    0000000c     (__TI_handler_table)
                  0000a50c    00000004     --HOLE-- [fill = 0]
                  0000a510    00000008     (.cinit..bss.load) [load image, compression = zero_init]
                  0000a518    00000008     (.cinit..vecs.load) [load image, compression = zero_init]
                  0000a520    00000018     (__TI_cinit_table)

.init_array 
*          0    00000000    00000000     UNINITIALIZED

.resetVecs 
*          0    00000000    0000003c     
                  00000000    0000003c     gpiointerrupt_pem4f.oem4f (.resetVecs)

.bss       0    20000360    00001588     UNINITIALIZED
                  20000360    00000600     gpiointerrupt_pem4f.oem4f (.bss:taskStackSection)
                  20000960    00000400     (.common:ti_sysbios_heaps_HeapMem_Instance_State_0_buf__A)
                  20000d60    00000400     (.common:tsk0Stack)
                  20001160    00000360     (.common:ti_sysbios_family_arm_m3_Hwi_dispatchTable)
                  200014c0    00000120     rtsv7M4_T_le_v4SPD16_eabi.lib : trgmsg.c.obj (.bss:_CIOBUF_)
                  200015e0    000000cc     (.common:uartTivaObjects)
                  200016ac    000000a0     (.common:__TI_tmpnams)
                  2000174c    00000090     drivers_tivaware.aem4f : GPIOTiva.oem4f (.bss:gpioCallbackInfo)
                  200017dc    00000080     (.common:xdc_runtime_SysMin_Module_State_0_outbuf__A)
                  2000185c    00000050     (.common:tsk0Struct)
                  200018ac    00000020     (.common:uartTivaRingBuffer)
                  200018cc    00000010     (.common:pwmTivaObjects)
                  200018dc    00000008     (.common:parmbuf)
                  200018e4    00000004     (.common:gpioInterruptVectors)

.data      0    200018e8    00000652     UNINITIALIZED
                  200018e8    000000f0     rtsv7M4_T_le_v4SPD16_eabi.lib : defs.c.obj (.data:_ftable)
                  200019d8    00000098     gpiointerrupt_pem4f.oem4f (.data:ti_sysbios_knl_Task_Object__table__V)
                  20001a70    00000080     gpiointerrupt_pem4f.oem4f (.data:ti_sysbios_knl_Swi_Module_State_0_readyQ__A)
                  20001af0    00000080     gpiointerrupt_pem4f.oem4f (.data:ti_sysbios_knl_Task_Module_State_0_readyQ__A)
                  20001b70    00000078     rtsv7M4_T_le_v4SPD16_eabi.lib : host_device.c.obj (.data:_device)
                  20001be8    00000050                                   : host_device.c.obj (.data:_stream)
                  20001c38    00000044     gpiointerrupt_pem4f.oem4f (.data:ti_sysbios_knl_Task_Module__state__V)
                  20001c7c    00000040     gpiointerrupt_pem4f.oem4f (.data:ti_sysbios_family_arm_lm4_Timer_Object__table__V)
                  20001cbc    00000038     gpiointerrupt_pem4f.oem4f (.data:ti_sysbios_gates_GateMutex_Object__table__V)
                  20001cf4    00000034     gpiointerrupt_pem4f.oem4f (.data:ti_sysbios_family_arm_m3_Hwi_Module__state__V)
                  20001d28    00000030     gpiointerrupt_pem4f.oem4f (.data:ti_sysbios_family_arm_lm4_Timer_Module_State_0_device__A)
                  20001d58    00000030     gpiointerrupt_pem4f.oem4f (.data:ti_sysbios_knl_Swi_Object__table__V)
                  20001d88    0000002c     gpiointerrupt_pem4f.oem4f (.data:ti_sysbios_knl_Clock_Module__state__V)
                  20001db4    00000024     gpiointerrupt_pem4f.oem4f (.data:ti_sysbios_BIOS_Module__state__V)
                  20001dd8    0000001c     gpiointerrupt_pem4f.oem4f (.data:ti_sysbios_knl_Swi_Module__state__V)
                  20001df4    00000018     drivers_tivaware.aem4f : PWMTiva.oem4f (.data)
                  20001e0c    00000018     gpiointerrupt_pem4f.oem4f (.data:ti_sysbios_family_arm_lm4_Timer_Module_State_0_handles__A)
                  20001e24    00000018     gpiointerrupt_pem4f.oem4f (.data:ti_sysbios_family_arm_m3_Hwi_Object__table__V)
                  20001e3c    00000018     gpiointerrupt_pem4f.oem4f (.data:ti_sysbios_heaps_HeapMem_Object__table__V)
                  20001e54    00000014     EK_TM4C123GXL.obj (.data:gpioPinConfigs)
                  20001e68    00000010     rtsv7M4_T_le_v4SPD16_eabi.lib : defs.c.obj (.data)
                  20001e78    0000000c                                   : exit.c.obj (.data:$O1$$)
                  20001e84    0000000c     gpiointerrupt_pem4f.oem4f (.data:ti_sysbios_family_arm_lm4_Timer_Module__state__V)
                  20001e90    0000000c     gpiointerrupt_pem4f.oem4f (.data:xdc_runtime_SysMin_Module__state__V)
                  20001e9c    00000008     rtsv7M4_T_le_v4SPD16_eabi.lib : _lock.c.obj (.data:$O1$$)
                  20001ea4    00000008     EK_TM4C123GXL.obj (.data:gpioCallbackFunctions)
                  20001eac    00000008     gpiointerrupt_pem4f.oem4f (.data:ti_sysbios_family_arm_m3_Hwi_Module__root__V)
                  20001eb4    00000008     gpiointerrupt_pem4f.oem4f (.data:ti_sysbios_gates_GateHwi_Module__root__V)
                  20001ebc    00000008     gpiointerrupt_pem4f.oem4f (.data:ti_sysbios_gates_GateMutex_Module__root__V)
                  20001ec4    00000008     gpiointerrupt_pem4f.oem4f (.data:ti_sysbios_heaps_HeapMem_Module__root__V)
                  20001ecc    00000008     gpiointerrupt_pem4f.oem4f (.data:ti_sysbios_knl_Clock_Module__root__V)
                  20001ed4    00000008     gpiointerrupt_pem4f.oem4f (.data:ti_sysbios_knl_Queue_Module__root__V)
                  20001edc    00000008     gpiointerrupt_pem4f.oem4f (.data:ti_sysbios_knl_Semaphore_Module__root__V)
                  20001ee4    00000008     gpiointerrupt_pem4f.oem4f (.data:ti_sysbios_knl_Task_Module__root__V)
                  20001eec    00000008     gpiointerrupt_pem4f.oem4f (.data:xdc_runtime_Registry_Module__state__V)
                  20001ef4    00000008     gpiointerrupt_pem4f.oem4f (.data:xdc_runtime_Startup_Module__state__V)
                  20001efc    00000008     gpiointerrupt_pem4f.oem4f (.data:xdc_runtime_System_Module_State_0_atexitHandlers__A)
                  20001f04    00000008     gpiointerrupt_pem4f.oem4f (.data:xdc_runtime_System_Module__state__V)
                  20001f0c    00000005     drivers_tivaware.aem4f : GPIOTiva.oem4f (.data)
                  20001f11    00000001     --HOLE--
                  20001f12    00000002     gpiointerrupt_pem4f.oem4f (.data:ti_sysbios_family_arm_m3_Hwi_Module_State_0_excActive__A)
                  20001f14    00000004     drivers_tivaware.aem4f : PWM.oem4f (.data)
                  20001f18    00000004                            : UART.oem4f (.data)
                  20001f1c    00000004     rtsv7M4_T_le_v4SPD16_eabi.lib : errno.c.obj (.data)
                  20001f20    00000004                                   : stkdepth_vars.c.obj (.data)
                  20001f24    00000004     gpiointerrupt_pem4f.oem4f (.data:ti_sysbios_family_arm_m3_Hwi_Module_State_0_excContext__A)
                  20001f28    00000004     gpiointerrupt_pem4f.oem4f (.data:ti_sysbios_family_arm_m3_Hwi_Module_State_0_excStack__A)
                  20001f2c    00000004     gpiointerrupt_pem4f.oem4f (.data:ti_sysbios_gates_GateHwi_Object__table__V)
                  20001f30    00000004     gpiointerrupt_pem4f.oem4f (.data:ti_sysbios_knl_Task_Module_State_0_idleTask__A)
                  20001f34    00000004     gpiointerrupt_pem4f.oem4f (.data:xdc_runtime_Memory_Module__state__V)
                  20001f38    00000002     gpiointerrupt_pem4f.oem4f (.data:xdc_runtime_Error_Module__state__V)

.stack     0    20001f40    00000300     UNINITIALIZED
                  20001f40    00000300     --HOLE--

.bootVecs 
*          0    00000000    00000008     DSECT
                  00000000    00000008     boot.aem4f : boot.oem4f (.bootVecs)

.vecs      0    20000000    00000360     UNINITIALIZED
                  20000000    00000360     gpiointerrupt_pem4f.oem4f (.vecs)

xdc.meta   0    00000000    000000e8     COPY SECTION
                  00000000    000000e8     gpiointerrupt_pem4f.oem4f (xdc.meta)

MODULE SUMMARY

       Module                       code    ro data   rw data
       ------                       ----    -------   -------
    ..\src\sysbios\
       BIOS.obj                     9220    0         0      
       m3_Hwi_asm.obj               314     0         0      
       m3_TaskSupport_asm.obj       180     0         0      
       m3_Hwi_asm_switch.obj        118     0         0      
    +--+----------------------------+-------+---------+---------+
       Total:                       9832    0         0      
                                                             
    .\
       EK_TM4C123GXL.obj            164     128       280    
    +--+----------------------------+-------+---------+---------+
       Total:                       164     128       280    
                                                             
    .\lib\
       main.obj                     353     0         1104   
       launchpad.obj                388     0         0      
    +--+----------------------------+-------+---------+---------+
       Total:                       741     0         1104   
                                                             
    C:\Users\zachr\MM20Firmware\mm20\CCS\mm\Debug\configPkg\package\cfg\
       gpiointerrupt_pem4f.oem4f    1958    7670      5484   
    +--+----------------------------+-------+---------+---------+
       Total:                       1958    7670      5484   
                                                             
    C:/ti/tirtos_tivac_2_16_00_08/products/TivaWare_C_Series-2.1.1.71b/driverlib/ccs/Debug/driverlib.lib
       gpio.obj                     566     144       0      
       uart.obj                     226     0         0      
       pwm.obj                      178     0         0      
       sysctl.obj                   72      0         0      
    +--+----------------------------+-------+---------+---------+
       Total:                       1042    144       0      
                                                             
    C:/ti/tirtos_tivac_2_16_00_08/products/tidrivers_tivac_2_16_00_08/packages/ti/drivers/lib/drivers_tivaware.aem4f
       UARTTiva.oem4f               2262    116       0      
       PWMTiva.oem4f                962     32        24     
       GPIOTiva.oem4f               684     156       153    
       RingBuf.oem4f                164     0         0      
       UART.oem4f                   92      36        4      
       PWM.oem4f                    56      0         4      
    +--+----------------------------+-------+---------+---------+
       Total:                       4220    340       185    
                                                             
    C:\ti\ccs930\ccs\tools\compiler\ti-cgt-arm_18.12.4.LTS\lib\rtsv7M4_T_le_v4SPD16_eabi.lib
       _printfi.c.obj               4851    0         0      
       fd_add_t2.asm.obj            438     0         0      
       defs.c.obj                   0       0         416    
       trgmsg.c.obj                 108     0         288    
       fd_div_t2.asm.obj            310     0         0      
       fputs.c.obj                  276     0         0      
       s_scalbn.c.obj               272     0         0      
       fd_cmp_t2.asm.obj            268     0         0      
       ctype.c.obj                  0       257       0      
       fd_mul_t2.asm.obj            252     0         0      
       setvbuf.c.obj                220     0         0      
       host_device.c.obj            0       0         200    
       memcpy_t2.asm.obj            156     0         0      
       ull_div_t2.asm.obj           150     0         0      
       fputc.c.obj                  140     0         0      
       memset_t2.asm.obj            122     0         0      
       fclose.c.obj                 116     0         0      
       getdevice.c.obj              116     0         0      
       printf.c.obj                 112     0         0      
       hostrename.c.obj             108     0         0      
       copy_decompress_lzss.c.obj   104     0         0      
       hostlseek.c.obj              104     0         0      
       hostopen.c.obj               96      0         8      
       fseek.c.obj                  100     0         0      
       s_frexp.c.obj                100     0         0      
       _io_perm.c.obj               98      0         0      
       close.c.obj                  92      0         0      
       exit.c.obj                   76      0         12     
       hostread.c.obj               88      0         0      
       hostwrite.c.obj              88      0         0      
       ltoa.c.obj                   84      0         0      
       atoi.c.obj                   76      0         0      
       cpy_tbl.c.obj                76      0         0      
       fflush.c.obj                 76      0         0      
       fd_toi_t2.asm.obj            72      0         0      
       hostclose.c.obj              68      0         0      
       hostunlink.c.obj             68      0         0      
       u_divt2.asm.obj              64      0         0      
       strncpy.c.obj                54      0         0      
       fopen.c.obj                  52      0         0      
       i_tofd_t2.asm.obj            46      0         0      
       unlink.c.obj                 44      0         0      
       lseek.c.obj                  40      0         0      
       write.c.obj                  40      0         0      
       _lock.c.obj                  26      0         8      
       memchr.c.obj                 32      0         0      
       memccpy.c.obj                28      0         0      
       s_copysign.c.obj             26      0         0      
       args_main.c.obj              24      0         0      
       strcmp.c.obj                 24      0         0      
       strchr.c.obj                 22      0         0      
       strcpy.c.obj                 20      0         0      
       strlen.c.obj                 20      0         0      
       wcslen.c.obj                 18      0         0      
       copy_decompress_none.c.obj   14      0         0      
       copy_zero_init.c.obj         12      0         0      
       errno.c.obj                  8       0         4      
       stkdepth_vars.c.obj          0       0         4      
       div0.asm.obj                 2       0         0      
    +--+----------------------------+-------+---------+---------+
       Total:                       10097   257       940    
                                                             
    C:\ti\tirtos_tivac_2_16_00_08\packages\ti\tirtos\utils\lib\release\ti.tirtos.utils.aem4f
       UARTMon.oem4f                186     0         0      
    +--+----------------------------+-------+---------+---------+
       Total:                       186     0         0      
                                                             
    C:\ti\tirtos_tivac_2_16_00_08\products\bios_6_45_01_29\packages\ti\catalog\arm\cortexm4\tiva\ce\lib\Boot.aem4f
       Boot_sysctl.oem4f            262     0         0      
       Boot.oem4f                   152     0         0      
    +--+----------------------------+-------+---------+---------+
       Total:                       414     0         0      
                                                             
    C:\ti\tirtos_tivac_2_16_00_08\products\bios_6_45_01_29\packages\ti\targets\arm\rtsarm\lib\auto_init.aem4f
       auto_init.oem4f              160     0         0      
    +--+----------------------------+-------+---------+---------+
       Total:                       160     0         0      
                                                             
    C:\ti\tirtos_tivac_2_16_00_08\products\bios_6_45_01_29\packages\ti\targets\arm\rtsarm\lib\boot.aem4f
       boot.oem4f                   88      0         0      
    +--+----------------------------+-------+---------+---------+
       Total:                       88      0         0      
                                                             
    C:\ti\tirtos_tivac_2_16_00_08\products\bios_6_45_01_29\packages\ti\targets\arm\rtsarm\lib\ti.targets.arm.rtsarm.aem4f
       System.oem4f                 1255    0         0      
       Text.oem4f                   672     0         0      
[...]
00008035  ti_sysbios_knl_Clock_Params__init__S                              
00008041  ti_sysbios_knl_Queue_Object__get__S                               
0000804d  ti_sysbios_knl_Semaphore_Params__init__S                          
00008059  ti_sysbios_knl_Task_Params__init__S                               
00008065  xdc_runtime_Error_init__E                                         
00008071  xdc_runtime_Gate_enterSystem__E                                   
0000807d  xdc_runtime_Memory_calloc__E                                      
00008089  xdc_runtime_Memory_getMaxDefaultTypeAlign__E                      
00008095  UARTCharGet                                                       
0000809f  UARTCharPut                                                       
000080a9  UARTIntDisable                                                    
000080b3  UARTIntStatus                                                     
000080bd  UART_read                                                         
000080c7  UART_write                                                        
000080d1  xdc_runtime_Memory_HeapProxy_alloc__E                             
000080db  xdc_runtime_Memory_HeapProxy_free__E                              
000080e5  UARTIntEnable                                                     
000080ed  UARTRxErrorGet                                                    
000080f5  __aeabi_errno_addr                                                
00008105  ti_sysbios_family_arm_lm4_Timer_masterDisable__I                  
00008111  ti_sysbios_family_arm_m3_Hwi_doSwiRestore__I                      
00008119  ti_sysbios_family_arm_m3_Hwi_startup__E                           
00008119  ti_sysbios_hal_Hwi_HwiProxy_startup__E                            
00008119  ti_sysbios_hal_Hwi_startup__E                                     
00008129  UARTFIFOLevelSet                                                  
0000812f  UARTRxErrorClear                                                  
00008135  ti_catalog_arm_cortexm4_tiva_ce_Boot_sysCtlDelayI__I              
0000813b  xdc_runtime_System_Module_startup__E                              
00008141  ti_sysbios_family_arm_m3_Hwi_doTaskRestore__I                     
00008149  ti_sysbios_family_arm_m3_Hwi_restoreFxn__E                        
00008149  ti_sysbios_hal_Hwi_HwiProxy_restore__E                            
00008151  ti_sysbios_gates_GateHwi_leave__E                                 
00008159  ti_sysbios_heaps_HeapMem_isBlocking__E                            
00008161  ti_sysbios_knl_Clock_stop__E                                      
00008169  ti_sysbios_knl_Queue_Instance_init__E                             
00008171  ti_sysbios_knl_Swi_startup__E                                     
00008179  ti_sysbios_gates_GateHwi_query__E                                 
00008179  xdc_runtime_Main_Module_GateProxy_query__E                        
00008179  xdc_runtime_System_Module_GateProxy_query__E                      
00008181  ti_sysbios_BIOS_RtsGateProxy_query__E                             
00008181  ti_sysbios_gates_GateMutex_query__E                               
00008181  ti_sysbios_heaps_HeapMem_Module_GateProxy_query__E                
00008189  ti_sysbios_knl_Task_startup__E                                    
00008191  ti_sysbios_gates_GateHwi_Instance_init__E                         
00008199  ti_sysbios_knl_Clock_logTick__E                                   
0000819c  xdc_runtime_Text_charTab__A                                       
00009a09  _ctypes_                                                          
00009b0a  xdc_runtime_Text_nodeTab__A                                       
00009bc6  ti_catalog_arm_cortexm4_tiva_ce_Boot_Module__id__C                
00009d88  ti_sysbios_knl_Task_Object__PARAMS__C                             
00009dc4  ti_sysbios_family_arm_m3_Hwi_Object__PARAMS__C                    
00009df4  UARTTiva_fxnTable                                                 
00009e1c  ti_sysbios_heaps_HeapMem_Module__FXNS__C                          
00009e44  PWM_config                                                        
00009e68  UART_defaultParams                                                
00009e8c  ti_sysbios_gates_GateHwi_Module__FXNS__C                          
00009eb0  ti_sysbios_gates_GateMutex_Module__FXNS__C                        
00009ed4  ti_sysbios_heaps_HeapMem_Object__PARAMS__C                        
00009ef8  ti_sysbios_knl_Clock_Object__PARAMS__C                            
00009f1c  ti_sysbios_knl_Semaphore_Object__PARAMS__C                        
00009f40  PWMTiva_fxnTable                                                  
00009f5c  PWMTiva_MAX_PRESCALAR                                             
00009f5e  PWMTiva_MAX_MATCH_VALUE                                           
00009f60  ti_sysbios_family_arm_m3_Hwi_Object__DESC__C                      
00009f80  ti_sysbios_gates_GateHwi_Object__DESC__C                          
00009fa0  ti_sysbios_gates_GateMutex_Object__DESC__C                        
00009fc0  ti_sysbios_heaps_HeapMem_Object__DESC__C                          
00009fe0  ti_sysbios_knl_Clock_Object__DESC__C                              
0000a000  ti_sysbios_knl_Queue_Object__DESC__C                              
0000a020  ti_sysbios_knl_Semaphore_Object__DESC__C                          
0000a040  ti_sysbios_knl_Task_Object__DESC__C                               
0000a060  xdc_runtime_Startup_sfxnTab__A                                    
0000a080  UART_config                                                       
0000a098  pwmTivaHWAttrs                                                    
0000a0b0  ti_sysbios_gates_GateHwi_Object__PARAMS__C                        
0000a0c8  ti_sysbios_gates_GateMutex_Object__PARAMS__C                      
0000a0e0  ti_sysbios_knl_Queue_Object__PARAMS__C                            
0000a0f8  uartTivaHWAttrs                                                   
0000a110  GPIOTiva_config                                                   
0000a124  xdc_runtime_Startup_firstFxns__A                                  
0000a138  xdc_runtime_Startup_sfxnRts__A                                    
0000a148  ti_sysbios_family_arm_m3_Hwi_excHookFuncs__A                      
0000a150  ti_sysbios_knl_Idle_funcList__C                                   
0000a158  xdc_runtime_Startup_firstFxns__C                                  
0000a160  xdc_runtime_Startup_lastFxns__C                                   
0000a168  ti_catalog_arm_cortexm4_tiva_ce_Boot_A_mustUseEnhancedClockMode__C
0000a16c  ti_catalog_arm_cortexm4_tiva_ce_Boot_Module__diagsEnabled__C      
0000a170  ti_catalog_arm_cortexm4_tiva_ce_Boot_Module__diagsIncluded__C     
0000a174  ti_catalog_arm_cortexm4_tiva_ce_Boot_Module__diagsMask__C         
0000a178  ti_sysbios_family_arm_lm4_Timer_enableFunc__C                     
0000a17c  ti_sysbios_family_arm_lm4_Timer_numTimerDevices__C                
0000a180  ti_sysbios_family_arm_lm4_Timer_startupNeeded__C                  
0000a184  ti_sysbios_family_arm_m3_Hwi_E_NMI__C                             
0000a188  ti_sysbios_family_arm_m3_Hwi_E_alreadyDefined__C                  
0000a18c  ti_sysbios_family_arm_m3_Hwi_E_busFault__C                        
0000a190  ti_sysbios_family_arm_m3_Hwi_E_debugMon__C                        
0000a194  ti_sysbios_family_arm_m3_Hwi_E_hardFault__C                       
0000a198  ti_sysbios_family_arm_m3_Hwi_E_memFault__C                        
0000a19c  ti_sysbios_family_arm_m3_Hwi_E_noIsr__C                           
0000a1a0  ti_sysbios_family_arm_m3_Hwi_E_reserved__C                        
0000a1a4  ti_sysbios_family_arm_m3_Hwi_E_svCall__C                          
0000a1a8  ti_sysbios_family_arm_m3_Hwi_E_usageFault__C                      
0000a1ac  ti_sysbios_family_arm_m3_Hwi_NUM_INTERRUPTS__C                    
0000a1b0  ti_sysbios_family_arm_m3_Hwi_Object__count__C                     
0000a1b4  ti_sysbios_family_arm_m3_Hwi_ccr__C                               
0000a1b8  ti_sysbios_family_arm_m3_Hwi_excHandlerFunc__C                    
0000a1bc  ti_sysbios_family_arm_m3_Hwi_excHookFuncs__C                      
0000a1c0  ti_sysbios_family_arm_m3_Hwi_nullIsrFunc__C                       
0000a1c4  ti_sysbios_family_arm_m3_Hwi_priGroup__C                          
0000a1c8  ti_sysbios_family_arm_m3_TaskSupport_stackAlignment__C            
0000a1cc  ti_sysbios_gates_GateMutex_Instance_State_sem__O                  
0000a1d0  ti_sysbios_hal_Hwi_E_stackOverflow__C                             
0000a1d4  ti_sysbios_heaps_HeapMem_E_memory__C                              
0000a1d8  ti_sysbios_heaps_HeapMem_Module__gateObj__C                       
0000a1dc  ti_sysbios_heaps_HeapMem_Object__count__C                         
0000a1e0  ti_sysbios_heaps_HeapMem_reqAlign__C                              
0000a1e4  ti_sysbios_knl_Clock_Module_State_clockQ__O                       
0000a1e8  ti_sysbios_knl_Idle_funcList__A                                   
0000a1ec  ti_sysbios_knl_Semaphore_Instance_State_pendQ__O                  
0000a1f0  ti_sysbios_knl_Swi_Object__count__C                               
0000a1f4  ti_sysbios_knl_Task_E_spOutOfBounds__C                            
0000a1f8  ti_sysbios_knl_Task_E_stackOverflow__C                            
0000a1fc  ti_sysbios_knl_Task_Module_State_inactiveQ__O                     
0000a200  ti_sysbios_knl_Task_Object__count__C                              
0000a204  ti_sysbios_knl_Task_allBlockedFunc__C                             
0000a208  ti_sysbios_knl_Task_defaultStackHeap__C                           
0000a20c  ti_sysbios_knl_Task_defaultStackSize__C                           
0000a210  ti_sysbios_knl_Task_numConstructedTasks__C                        
0000a214  xdc_runtime_Assert_E_assertFailed__C                              
0000a218  xdc_runtime_Core_A_initializedParams__C                           
0000a21c  xdc_runtime_Core_Module__diagsEnabled__C                          
0000a220  xdc_runtime_Core_Module__diagsIncluded__C                         
0000a224  xdc_runtime_Core_Module__diagsMask__C                             
0000a228  xdc_runtime_Error_E_memory__C                                     
0000a22c  xdc_runtime_Error_Module__diagsEnabled__C                         
0000a230  xdc_runtime_Error_Module__diagsIncluded__C                        
0000a234  xdc_runtime_Error_Module__diagsMask__C                            
0000a238  xdc_runtime_Error_Module__loggerFxn8__C                           
0000a23c  xdc_runtime_Error_Module__loggerObj__C                            
0000a240  xdc_runtime_Error_policyFxn__C                                    
0000a244  xdc_runtime_Error_raiseHook__C                                    
0000a248  xdc_runtime_IGateProvider_Interface__BASE__C                      
0000a24c  xdc_runtime_IHeap_Interface__BASE__C                              
0000a250  xdc_runtime_IModule_Interface__BASE__C                            
0000a254  xdc_runtime_Log_L_error__C                                        
0000a258  xdc_runtime_Memory_defaultHeapInstance__C                         
0000a25c  xdc_runtime_Startup_execImpl__C                                   
0000a260  xdc_runtime_Startup_maxPasses__C                                  
0000a264  xdc_runtime_Startup_sfxnRts__C                                    
0000a268  xdc_runtime_Startup_sfxnTab__C                                    
0000a26c  xdc_runtime_SysMin_bufSize__C                                     
0000a270  xdc_runtime_SysMin_outputFunc__C                                  
0000a274  xdc_runtime_System_Module__gateObj__C                             
0000a278  xdc_runtime_System_abortFxn__C                                    
0000a27c  xdc_runtime_System_exitFxn__C                                     
0000a280  xdc_runtime_System_extendFxn__C                                   
0000a284  xdc_runtime_System_maxAtexitHandlers__C                           
0000a288  xdc_runtime_Text_charTab__C                                       
0000a28c  xdc_runtime_Text_nameEmpty__C                                     
0000a290  xdc_runtime_Text_nameStatic__C                                    
0000a294  xdc_runtime_Text_nameUnknown__C                                   
0000a298  xdc_runtime_Text_nodeTab__C                                       
0000a29c  xdc_runtime_Text_visitRopeFxn__C                                  
0000a2a0  ti_sysbios_family_arm_m3_Hwi_Module__id__C                        
0000a2a2  ti_sysbios_hal_Hwi_Module__id__C                                  
0000a2a4  ti_sysbios_heaps_HeapMem_Module__id__C                            
0000a2a6  ti_sysbios_knl_Task_Module__id__C                                 
0000a2a8  xdc_runtime_Core_Module__id__C                                    
0000a2aa  xdc_runtime_Error_Module__loggerDefined__C                        
0000a2ac  xdc_runtime_Error_maxDepth__C                                     
0000a2ae  xdc_runtime_Memory_Module__id__C                                  
0000a2b0  xdc_runtime_SysMin_flushAtExit__C                                 
0000a2b2  xdc_runtime_Text_charCnt__C                                       
0000a2b4  xdc_runtime_Text_isLoaded__C                                      
0000a2b6  xdc_runtime_Text_registryModsLastId__C                            
0000a2b8  xdc_runtime_Text_unnamedModsLastId__C                             
0000a2ba  xdc_runtime_Error_policy__C                                       
0000a2c0  __TI_static_base__                                                
0000a500  __TI_Handler_Table_Base                                           
0000a50c  __TI_Handler_Table_Limit                                          
0000a520  __TI_CINIT_Base                                                   
0000a538  __TI_CINIT_Limit                                                  
20000000  ti_sysbios_family_arm_m3_Hwi_ramVectors                           
20000360  ti_sysbios_knl_Task_Instance_State_0_stack__A                     
20000760  ti_sysbios_knl_Task_Instance_State_1_stack__A                     
20000960  ti_sysbios_heaps_HeapMem_Instance_State_0_buf__A                  
20000d60  tsk0Stack                                                         
20001160  ti_sysbios_family_arm_m3_Hwi_dispatchTable                        
200014c0  __CIOBUF_                                                         
200015e0  uartTivaObjects                                                   
200016ac  __TI_tmpnams                                                      
200017dc  xdc_runtime_SysMin_Module_State_0_outbuf__A                       
2000185c  tsk0Struct                                                        
200018ac  uartTivaRingBuffer                                                
200018cc  pwmTivaObjects                                                    
200018dc  parmbuf                                                           
200018e8  _ftable                                                           
200019d8  ti_sysbios_knl_Task_Object__table__V                              
20001a70  ti_sysbios_knl_Swi_Module_State_0_readyQ__A                       
20001af0  ti_sysbios_knl_Task_Module_State_0_readyQ__A                      
20001b70  _device                                                           
20001be8  _stream                                                           
20001c38  ti_sysbios_knl_Task_Module__state__V                              
20001c7c  ti_sysbios_family_arm_lm4_Timer_Object__table__V                  
20001cbc  ti_sysbios_gates_GateMutex_Object__table__V                       
20001cf4  ti_sysbios_family_arm_m3_Hwi_Module__state__V                     
20001d28  ti_sysbios_family_arm_lm4_Timer_Module_State_0_device__A          
20001d58  ti_sysbios_knl_Swi_Object__table__V                               
20001d88  ti_sysbios_knl_Clock_Module__state__V                             
20001db4  ti_sysbios_BIOS_Module__state__V                                  
20001dd8  ti_sysbios_knl_Swi_Module__state__V                               
20001e0c  ti_sysbios_family_arm_lm4_Timer_Module_State_0_handles__A         
20001e24  ti_sysbios_family_arm_m3_Hwi_Object__table__V                     
20001e3c  ti_sysbios_heaps_HeapMem_Object__table__V                         
20001e54  gpioPinConfigs                                                    
20001e68  __TI_ft_end                                                       
20001e6c  __aeabi_stdin                                                     
20001e70  __aeabi_stdout                                                    
20001e74  __aeabi_stderr                                                    
20001e78  __TI_cleanup_ptr                                                  
20001e7c  __TI_dtors_ptr                                                    
20001e80  __TI_enable_exit_profile_output                                   
20001e84  ti_sysbios_family_arm_lm4_Timer_Module__state__V                  
20001e90  xdc_runtime_SysMin_Module__state__V                               
20001e9c  _lock                                                             
20001ea0  _unlock                                                           
20001ea4  gpioCallbackFunctions                                             
20001eac  ti_sysbios_family_arm_m3_Hwi_Module__root__V                      
20001eb4  ti_sysbios_gates_GateHwi_Module__root__V                          
20001ebc  ti_sysbios_gates_GateMutex_Module__root__V                        
20001ec4  ti_sysbios_heaps_HeapMem_Module__root__V                          
20001ecc  ti_sysbios_knl_Clock_Module__root__V                              
20001ed4  ti_sysbios_knl_Queue_Module__root__V                              
20001edc  ti_sysbios_knl_Semaphore_Module__root__V                          
20001ee4  ti_sysbios_knl_Task_Module__root__V                               
20001eec  xdc_runtime_Registry_Module__state__V                             
20001ef4  xdc_runtime_Startup_Module__state__V                              
20001efc  xdc_runtime_System_Module_State_0_atexitHandlers__A               
20001f04  xdc_runtime_System_Module__state__V                               
20001f12  ti_sysbios_family_arm_m3_Hwi_Module_State_0_excActive__A          
20001f1c  errno                                                             
20001f20  main_func_sp                                                      
20001f24  ti_sysbios_family_arm_m3_Hwi_Module_State_0_excContext__A         
20001f28  ti_sysbios_family_arm_m3_Hwi_Module_State_0_excStack__A           
20001f2c  ti_sysbios_gates_GateHwi_Object__table__V                         
20001f30  ti_sysbios_knl_Task_Module_State_0_idleTask__A                    
20001f34  xdc_runtime_Memory_Module__state__V                               
20001f38  xdc_runtime_Error_Module__state__V                                
20001f40  __stack                                                           
20002240  __STACK_END                                                       
e000e000  ti_sysbios_family_arm_m3_Hwi_nvic                                 
ffffffff  __TI_pprof_out_hndl                                               
ffffffff  __TI_prof_data_size                                               
ffffffff  __TI_prof_data_start                                              
ffffffff  __binit__                                                         
ffffffff  __c_args__                                                        
ffffffff  binit                                                             
UNDEFED   SHT$$INIT_ARRAY$$Base                                             
UNDEFED   SHT$$INIT_ARRAY$$Limit                                            

[673 symbols]
