******************************************************************************
                  TI ARM Linker PC v18.12.4                    
******************************************************************************
>> Linked Sat Oct 24 20:51:20 2020

OUTPUT FILE NAME:   <mm.out>
ENTRY POINT SYMBOL: "_c_int00"  address: 00003f59


MEMORY CONFIGURATION

         name            origin    length      used     unused   attr    fill
----------------------  --------  ---------  --------  --------  ----  --------
  FLASH                 00000000   00040000  000085dc  00037a24  R  X
  SRAM                  20000000   00008000  00002236  00005dca  RW X


SEGMENT ALLOCATION MAP

run origin  load origin   length   init length attrs members
----------  ----------- ---------- ----------- ----- -------
00000000    00000000    000085e8   000085e8    r-x
  00000000    00000000    0000003c   0000003c    r-- .resetVecs
  00000040    00000040    00006302   00006302    r-x .text
  00006344    00006344    0000201e   0000201e    r-- .const
  00008368    00008368    00000280   00000280    r-- .cinit
20000000    20000000    00002238   00000000    rw-
  20000000    20000000    00000360   00000000    rw- .vecs
  20000360    20000360    00001588   00000000    rw- .bss
  200018e8    200018e8    0000064e   00000000    rw- .data
  20001f38    20001f38    00000300   00000000    rw- .stack


SECTION ALLOCATION MAP

 output                                  attributes/
section   page    origin      length       input sections
--------  ----  ----------  ----------   ----------------
.text      0    00000040    00006302     
                  00000040    00000430     BIOS.obj (.text:ti_sysbios_family_arm_m3_Hwi_excDumpRegs__I)
                  00000470    0000034c     ti.targets.arm.rtsarm.aem4f : System.oem4f (.text:xdc_runtime_System_doPrint__I)
                  000007bc    0000020c     drivers_tivaware.aem4f : UARTTiva.oem4f (.text:UARTTiva_open)
                  000009c8    000001f4     BIOS.obj (.text:ti_sysbios_family_arm_m3_Hwi_excHandlerMax__I)
                  00000bbc    00000198     launchpad.obj (.text:launchpad_init)
                  00000d54    00000004     driverlib.lib : uart.obj (.text:UARTIntClear)
                  00000d58    00000174     BIOS.obj (.text:ti_sysbios_family_arm_m3_Hwi_excBusFault__I)
                  00000ecc    00000170     drivers_tivaware.aem4f : PWMTiva.oem4f (.text:PWMTiva_open)
                  0000103c    00000004     rtsv7M4_T_le_v4SPD16_eabi.lib : exit.c.obj (.text:abort:abort)
                  00001040    00000164     BIOS.obj (.text:ti_sysbios_family_arm_m3_Hwi_excUsageFault__I)
                  000011a4    00000004     gpiointerrupt_pem4f.oem4f (.text:ti_sysbios_BIOS_RtsGateProxy_enter__E)
                  000011a8    00000154     BIOS.obj (.text:ti_sysbios_knl_Semaphore_pend__E)
                  000012fc    00000150     drivers_tivaware.aem4f : GPIOTiva.oem4f (.text:GPIO_setConfig)
                  0000144c    00000004     gpiointerrupt_pem4f.oem4f (.text:ti_sysbios_BIOS_RtsGateProxy_leave__E)
                  00001450    00000148     BIOS.obj (.text:ti_sysbios_family_arm_m3_Hwi_excMemFault__I)
                  00001598    00000130     driverlib.lib : gpio.obj (.text:GPIOPadConfigSet)
                  000016c8    00000118     ti.targets.arm.rtsarm.aem4f : Error.oem4f (.text:xdc_runtime_Error_policyDefault__E)
                  000017e0    00000108     BIOS.obj (.text:ti_sysbios_family_arm_lm4_Timer_start__E)
                  000018e8    00000100     Boot.aem4f : Boot_sysctl.oem4f (.text:ti_catalog_arm_cortexm4_tiva_ce_Boot_sysCtlClockSetI__I)
                  000019e8    00000100     ti.targets.arm.rtsarm.aem4f : Core-mem.oem4f (.text:xdc_runtime_Core_createObject__I)
                  00001ae8    000000f8                                 : Startup.oem4f (.text:xdc_runtime_Startup_startMods__I)
                  00001be0    000000f8     gpiointerrupt_pem4f.oem4f (.text:xdc_runtime_System_printfExtend__I)
                  00001cd8    000000f4     m3_Hwi_asm.obj (.text:ti_sysbios_family_arm_m3_Hwi_dispatch__I)
                  00001dcc    000000f0     drivers_tivaware.aem4f : PWMTiva.oem4f (.text:PWMTiva_setDuty)
                  00001ebc    000000dc     rtsv7M4_T_le_v4SPD16_eabi.lib : setvbuf.c.obj (.text:setvbuf)
                  00001f98    000000dc     BIOS.obj (.text:ti_sysbios_knl_Task_sleep__E)
                  00002074    00000004     BIOS.obj (.text:ti_sysbios_family_arm_lm4_Timer_masterEnable__I)
                  00002078    000000d4     BIOS.obj (.text:ti_sysbios_heaps_HeapMem_alloc__E)
                  0000214c    00000004     gpiointerrupt_pem4f.oem4f (.text:ti_sysbios_family_arm_m3_Hwi_destruct)
                  00002150    000000cc     BIOS.obj (.text:ti_sysbios_knl_Task_Instance_init__E)
                  0000221c    000000cc     ti.targets.arm.rtsarm.aem4f : Core-smem.oem4f (.text:xdc_runtime_Core_constructObject__I)
                  000022e8    000000bc     BIOS.obj (.text:ti_sysbios_family_arm_m3_Hwi_excDebugMon__I)
                  000023a4    00000004     gpiointerrupt_pem4f.oem4f (.text:ti_sysbios_family_arm_m3_TaskSupport_Module__startupDone__S)
                  000023a8    000000bc     BIOS.obj (.text:ti_sysbios_family_arm_m3_Hwi_excHardFault__I)
                  00002464    00000004     gpiointerrupt_pem4f.oem4f (.text:ti_sysbios_heaps_HeapMem_Module_GateProxy_enter__E)
                  00002468    000000bc     BIOS.obj (.text:ti_sysbios_knl_Task_Instance_finalize__E)
                  00002524    000000ba     ti.tirtos.utils.aem4f : UARTMon.oem4f (.text:UARTMon_taskFxn)
                  000025de    00000002     rtsv7M4_T_le_v4SPD16_eabi.lib : _lock.c.obj (.text:_nop)
                  000025e0    000000b4     BIOS.obj (.text:ti_sysbios_knl_Task_checkStacks__E)
                  00002694    000000ac     drivers_tivaware.aem4f : UARTTiva.oem4f (.text:readTaskBlocking)
                  00002740    000000ac     BIOS.obj (.text:ti_sysbios_family_arm_lm4_Timer_enableTiva__I)
                  000027ec    000000a0     auto_init.aem4f : auto_init.oem4f (.text)
                  0000288c    000000a0     ti.targets.arm.rtsarm.aem4f : Text.oem4f (.text:xdc_runtime_Text_putMod__E)
                  0000292c    0000009c     rtsv7M4_T_le_v4SPD16_eabi.lib : memcpy_t2.asm.obj (.text)
                  000029c8    0000009a     ti.targets.arm.rtsarm.aem4f : Text.oem4f (.text:xdc_runtime_Text_putSite__E)
                  00002a62    00000098     drivers_tivaware.aem4f : UARTTiva.oem4f (.text:UARTTiva_readPolling)
                  00002afa    00000002     rtsv7M4_T_le_v4SPD16_eabi.lib : div0.asm.obj (.text)
                  00002afc    00000098     Boot.aem4f : Boot.oem4f (.text:ti_catalog_arm_cortexm4_tiva_ce_Boot_sysCtlClockSet__E)
                  00002b94    00000094     drivers_tivaware.aem4f : UARTTiva.oem4f (.text:UARTTiva_write)
                  00002c28    00000094     BIOS.obj (.text:ti_sysbios_family_arm_m3_Hwi_Instance_init__E)
                  00002cbc    00000004     gpiointerrupt_pem4f.oem4f (.text:ti_sysbios_heaps_HeapMem_Module_GateProxy_leave__E)
                  00002cc0    00000094     BIOS.obj (.text:ti_sysbios_family_arm_m3_Hwi_initNVIC__E)
                  00002d54    00000004     gpiointerrupt_pem4f.oem4f (.text:ti_sysbios_knl_Clock_TimerProxy_getMaxTicks__E)
                  00002d58    00000094     BIOS.obj (.text:ti_sysbios_knl_Task_postInit__I)
                  00002dec    0000008c     drivers_tivaware.aem4f : GPIOTiva.oem4f (.text:GPIO_init)
                  00002e78    0000008c                            : UARTTiva.oem4f (.text:UARTTiva_control)
                  00002f04    0000008c     m3_TaskSupport_asm.obj (.text:ti_sysbios_family_arm_m3_TaskSupport_buildTaskStack)
                  00002f90    0000008a     drivers_tivaware.aem4f : UARTTiva.oem4f (.text:readIsrTextBlocking)
                  0000301a    00000002     gpiointerrupt_pem4f.oem4f (.text:ti_sysbios_BIOS_nullFunc__I)
                  0000301c    00000088     drivers_tivaware.aem4f : PWMTiva.oem4f (.text:PWMTiva_control)
                  000030a4    00000004     gpiointerrupt_pem4f.oem4f (.text:ti_sysbios_knl_Clock_destruct)
                  000030a8    00000084     BIOS.obj (.text:ti_sysbios_family_arm_m3_Hwi_postInit__I)
                  0000312c    00000082     drivers_tivaware.aem4f : UARTTiva.oem4f (.text:readIsrTextCallback)
                  000031ae    00000002     gpiointerrupt_pem4f.oem4f (.text:xdc_runtime_Startup_reset__I)
                  000031b0    0000007c     BIOS.obj (.text:ti_sysbios_heaps_HeapMem_free__E)
                  0000322c    0000007a     drivers_tivaware.aem4f : UARTTiva.oem4f (.text:readTaskCallback)
                  000032a6    0000007a     rtsv7M4_T_le_v4SPD16_eabi.lib : memset_t2.asm.obj (.text)
                  00003320    00000078     main.obj (.text:Task_WallDetector)
                  00003398    00000074     rtsv7M4_T_le_v4SPD16_eabi.lib : fclose.c.obj (.text:__TI_closefile)
                  0000340c    00000070     main.obj (.text:main)
                  0000347c    00000004     gpiointerrupt_pem4f.oem4f (.text:ti_sysbios_knl_Queue_destruct)
                  00003480    00000070     BIOS.obj (.text:ti_sysbios_knl_Clock_workFunc__E)
                  000034f0    00000070     BIOS.obj (.text:ti_sysbios_knl_Task_exit__E)
                  00003560    00000070     main.obj (.text:timer0_init)
                  000035d0    0000006d     ti.targets.arm.rtsarm.aem4f : System.oem4f (.text:xdc_runtime_System_formatNum__I)
                  0000363d    00000003     --HOLE-- [fill = 0]
                  00003640    0000006c     rtsv7M4_T_le_v4SPD16_eabi.lib : hostrename.c.obj (.text:HOSTrename)
                  000036ac    00000004     gpiointerrupt_pem4f.oem4f (.text:ti_sysbios_knl_Semaphore_destruct)
                  000036b0    0000006c     BIOS.obj (.text:ti_sysbios_knl_Swi_restoreHwi__E)
                  0000371c    0000006c     drivers_tivaware.aem4f : UARTTiva.oem4f (.text:writeData)
                  00003788    0000006c     ti.targets.arm.rtsarm.aem4f : Error.oem4f (.text:xdc_runtime_Error_print__E)
                  000037f4    0000006c                                 : Memory.oem4f (.text:xdc_runtime_Memory_alloc__E)
                  00003860    0000006a     drivers_tivaware.aem4f : PWMTiva.oem4f (.text:PWMTiva_close)
                  000038ca    00000002     --HOLE-- [fill = 0]
                  000038cc    00000068     rtsv7M4_T_le_v4SPD16_eabi.lib : hostlseek.c.obj (.text:HOSTlseek)
                  00003934    00000068                                   : copy_decompress_lzss.c.obj (.text:decompress:lzss:__TI_decompress_lzss)
                  0000399c    00000066     ti.targets.arm.rtsarm.aem4f : Core-mem.oem4f (.text:xdc_runtime_Core_deleteObject__I)
                  00003a02    00000002     --HOLE-- [fill = 0]
                  00003a04    00000064     drivers_tivaware.aem4f : GPIOTiva.oem4f (.text:GPIO_hwiIntFxn)
                  00003a68    00000064     BIOS.obj (.text:ti_sysbios_family_arm_lm4_Timer_Module_startup__E)
                  00003acc    00000064     gpiointerrupt_pem4f.oem4f (.text:ti_sysbios_family_arm_m3_Hwi_create)
                  00003b30    00000064     BIOS.obj (.text:ti_sysbios_family_arm_m3_Hwi_dispatchC__I)
                  00003b94    00000004     ti.targets.arm.rtsarm.aem4f : Error.oem4f (.text:xdc_runtime_Error_getSite__E)
                  00003b98    00000064     BIOS.obj (.text:ti_sysbios_knl_Semaphore_post__E)
                  00003bfc    00000060     rtsv7M4_T_le_v4SPD16_eabi.lib : hostopen.c.obj (.text:HOSTopen)
                  00003c5c    00000004     gpiointerrupt_pem4f.oem4f (.text:xdc_runtime_System_Module_GateProxy_enter__E)
                  00003c60    00000060     BIOS.obj (.text:ti_sysbios_knl_Task_schedule__I)
                  00003cc0    0000005e     drivers_tivaware.aem4f : UARTTiva.oem4f (.text:readIsrBinaryBlocking)
                  00003d1e    00000002     --HOLE-- [fill = 0]
                  00003d20    0000005c     rtsv7M4_T_le_v4SPD16_eabi.lib : close.c.obj (.text:close)
                  00003d7c    00000004     gpiointerrupt_pem4f.oem4f (.text:xdc_runtime_System_Module_GateProxy_leave__E)
                  00003d80    0000005c     BIOS.obj (.text:ti_sysbios_knl_Swi_run__I)
                  00003ddc    00000004     ti.targets.arm.rtsarm.aem4f : System.oem4f (.text:xdc_runtime_System_aprintf_va__F)
                  00003de0    0000005c     BIOS.obj (.text:ti_sysbios_knl_Swi_schedule__I)
                  00003e3c    00000004     ti.targets.arm.rtsarm.aem4f : System.oem4f (.text:xdc_runtime_System_printf_va__F)
                  00003e40    0000005c     BIOS.obj (.text:ti_sysbios_knl_Task_Module_startup__E)
                  00003e9c    00000004     --HOLE-- [fill = 0]
                  00003ea0    0000005c     BIOS.obj (.text:ti_sysbios_knl_Task_startCore__E)
                  00003efc    0000005b     ti.targets.arm.rtsarm.aem4f : Text.oem4f (.text:xdc_runtime_Text_putLab__E)
                  00003f57    00000001     --HOLE-- [fill = 0]
                  00003f58    00000058     boot.aem4f : boot.oem4f (.text)
                  00003fb0    00000058     rtsv7M4_T_le_v4SPD16_eabi.lib : hostread.c.obj (.text:HOSTread)
                  00004008    00000058                                   : hostwrite.c.obj (.text:HOSTwrite)
                  00004060    00000058     gpiointerrupt_pem4f.oem4f (.text:ti_sysbios_family_arm_m3_Hwi_construct)
                  000040b8    00000058     m3_Hwi_asm_switch.obj (.text:ti_sysbios_family_arm_m3_Hwi_initStacks__E)
                  00004110    00000056     driverlib.lib : gpio.obj (.text:GPIOIntTypeSet)
                  00004166    00000054     drivers_tivaware.aem4f : UARTTiva.oem4f (.text:readIsrBinaryCallback)
                  000041ba    00000006     driverlib.lib : gpio.obj (.text:GPIOIntClear)
                  000041c0    00000054     BIOS.obj (.text:ti_sysbios_family_arm_lm4_Timer_initDevice__I)
                  00004214    00000054     gpiointerrupt_pem4f.oem4f (.text:ti_sysbios_knl_Task_construct)
                  00004268    00000054     ti.targets.arm.rtsarm.aem4f : Assert.oem4f (.text:xdc_runtime_Assert_raise__I)
                  000042bc    00000050     drivers_tivaware.aem4f : GPIOTiva.oem4f (.text:GPIO_setCallback)
                  0000430c    00000050                            : UARTTiva.oem4f (.text:UARTTiva_writeCancel)
                  0000435c    00000004     --HOLE-- [fill = 0]
                  00004360    00000050     BIOS.obj (.text:ti_sysbios_family_arm_m3_Hwi_Module_startup__E)
                  000043b0    00000050     BIOS.obj (.text:ti_sysbios_knl_Clock_Instance_init__E)
                  00004400    00000050     ti.targets.arm.rtsarm.aem4f : Startup.oem4f (.text:xdc_runtime_Startup_exec__E)
                  00004450    00000050                                 : Text.oem4f (.text:xdc_runtime_Text_visitRope2__I)
                  000044a0    0000004c     drivers_tivaware.aem4f : UARTTiva.oem4f (.text:UARTTiva_close)
                  000044ec    0000004c     rtsv7M4_T_le_v4SPD16_eabi.lib : fflush.c.obj (.text:__TI_doflush)
                  00004538    0000004c                                   : cpy_tbl.c.obj (.text:copy_in)
                  00004584    00000004     --HOLE-- [fill = 0]
                  00004588    0000004c     BIOS.obj (.text:ti_sysbios_heaps_HeapMem_getStats__E)
                  000045d4    00000004     --HOLE-- [fill = 0]
                  000045d8    0000004c     BIOS.obj (.text:ti_sysbios_knl_Swi_runLoop__I)
                  00004624    00000004     --HOLE-- [fill = 0]
                  00004628    0000004c     BIOS.obj (.text:ti_sysbios_knl_Task_allBlockedFunction__I)
                  00004674    00000048     driverlib.lib : gpio.obj (.text:GPIOPinConfigure)
                  000046bc    00000048     rtsv7M4_T_le_v4SPD16_eabi.lib : exit.c.obj (.text:exit)
                  00004704    00000004     --HOLE-- [fill = 0]
                  00004708    00000048     BIOS.obj (.text:ti_sysbios_family_arm_lm4_Timer_enableTimers__I)
                  00004750    00000048     BIOS.obj (.text:ti_sysbios_family_arm_m3_Hwi_disableInterrupt__E)
                  00004798    00000048     BIOS.obj (.text:ti_sysbios_family_arm_m3_Hwi_enableInterrupt__E)
                  000047e0    00000048     BIOS.obj (.text:ti_sysbios_family_arm_m3_Hwi_excReserved__I)
                  00004828    00000046     drivers_tivaware.aem4f : RingBuf.oem4f (.text:RingBuf_put)
                  0000486e    00000046     ti.targets.arm.rtsarm.aem4f : Core-params.oem4f (.text:xdc_runtime_Core_assignParams__I)
                  000048b4    00000044     rtsv7M4_T_le_v4SPD16_eabi.lib : hostclose.c.obj (.text:HOSTclose)
                  000048f8    00000044                                   : hostunlink.c.obj (.text:HOSTunlink)
                  0000493c    00000044                                   : getdevice.c.obj (.text:getdevice)
                  00004980    00000044     BIOS.obj (.text:ti_sysbios_family_arm_lm4_Timer_isrStub__E)
                  000049c4    00000004     --HOLE-- [fill = 0]
                  000049c8    00000044     BIOS.obj (.text:ti_sysbios_family_arm_m3_Hwi_getStackInfo__E)
                  00004a0c    00000004     --HOLE-- [fill = 0]
                  00004a10    00000044     BIOS.obj (.text:ti_sysbios_knl_Swi_post__E)
                  00004a54    00000044     ti.targets.arm.rtsarm.aem4f : Error.oem4f (.text:xdc_runtime_Error_setX__E)
                  00004a98    00000044                                 : SysMin.oem4f (.text:xdc_runtime_SysMin_flush__E)
                  00004adc    00000044                                 : Text.oem4f (.text:xdc_runtime_Text_xprintf__I)
                  00004b20    00000042     driverlib.lib : uart.obj (.text:UARTConfigSetExpClk)
                  00004b62    00000042     drivers_tivaware.aem4f : UARTTiva.oem4f (.text:UARTTiva_hwiIntFxn)
                  00004ba4    00000042                            : UARTTiva.oem4f (.text:UARTTiva_writePolling)
                  00004be6    00000002     --HOLE-- [fill = 0]
                  00004be8    00000040     EK_TM4C123GXL.obj (.text:EK_TM4C123GXL_initGeneral)
                  00004c28    00000040     drivers_tivaware.aem4f : RingBuf.oem4f (.text:RingBuf_get)
                  00004c68    00000040                            : UARTTiva.oem4f (.text:UARTTiva_read)
                  00004ca8    00000040     rtsv7M4_T_le_v4SPD16_eabi.lib : u_divt2.asm.obj (.text)
                  00004ce8    00000040     BIOS.obj (.text:ti_sysbios_family_arm_lm4_Timer_startup__E)
                  00004d28    00000040     BIOS.obj (.text:ti_sysbios_heaps_HeapMem_Instance_init__E)
                  00004d68    0000003c     BIOS.obj (.text:ti_sysbios_family_arm_m3_Hwi_excSvCall__I)
                  00004da4    00000004     --HOLE-- [fill = 0]
                  00004da8    0000003c     BIOS.obj (.text:ti_sysbios_heaps_HeapMem_init__I)
                  00004de4    00000004     --HOLE-- [fill = 0]
                  00004de8    0000003c     BIOS.obj (.text:ti_sysbios_knl_Swi_restore__E)
                  00004e24    00000038     drivers_tivaware.aem4f : PWM.oem4f (.text:PWM_init)
                  00004e5c    00000038     rtsv7M4_T_le_v4SPD16_eabi.lib : trgmsg.c.obj (.text:__TI_writemsg)
                  00004e94    00000004     --HOLE-- [fill = 0]
                  00004e98    00000038     BIOS.obj (.text:ti_sysbios_family_arm_m3_Hwi_excNoIsr__I)
                  00004ed0    00000038     BIOS.obj (.text:ti_sysbios_knl_Task_processVitalTaskFlag__I)
                  00004f08    00000038     ti.targets.arm.rtsarm.aem4f : SysMin.oem4f (.text:xdc_runtime_SysMin_putch__E)
                  00004f40    00000038                                 : System.oem4f (.text:xdc_runtime_System_atexit__E)
                  00004f78    00000036     drivers_tivaware.aem4f : UARTTiva.oem4f (.text:UARTTiva_readCancel)
                  00004fae    00000036     rtsv7M4_T_le_v4SPD16_eabi.lib : strncpy.c.obj (.text:strncpy)
                  00004fe4    00000034     EK_TM4C123GXL.obj (.text:EK_TM4C123GXL_initPWM)
                  00005018    00000034     driverlib.lib : sysctl.obj (.text:SysCtlPeripheralEnable)
                  0000504c    00000034     rtsv7M4_T_le_v4SPD16_eabi.lib : fopen.c.obj (.text:__TI_cleanup)
                  00005080    00000034                                   : trgmsg.c.obj (.text:__TI_readmsg)
                  000050b4    00000004     --HOLE-- [fill = 0]
                  000050b8    00000034     BIOS.obj (.text:ti_sysbios_family_arm_m3_Hwi_Instance_finalize__E)
                  000050ec    00000004     --HOLE-- [fill = 0]
                  000050f0    00000034     BIOS.obj (.text:ti_sysbios_family_arm_m3_Hwi_excNmi__I)
                  00005124    00000004     --HOLE-- [fill = 0]
                  00005128    00000034     BIOS.obj (.text:ti_sysbios_hal_Hwi_checkStack)
                  0000515c    00000034     gpiointerrupt_pem4f.oem4f (.text:ti_sysbios_knl_Clock_construct)
                  00005190    00000034     ti.targets.arm.rtsarm.aem4f : Core-label.oem4f (.text:xdc_runtime_Core_assignLabel__I)
                  000051c4    00000033                                 : Text.oem4f (.text:xdc_runtime_Text_printVisFxn__I)
                  000051f7    00000001     --HOLE-- [fill = 0]
                  000051f8    00000032     BIOS.obj (.text:ti_sysbios_hal_Hwi_initStack)
                  0000522a    00000002     --HOLE-- [fill = 0]
                  0000522c    00000030     EK_TM4C123GXL.obj (.text:EK_TM4C123GXL_initGPIO)
                  0000525c    00000030     drivers_tivaware.aem4f : PWMTiva.oem4f (.text:PWMTiva_init)
                  0000528c    00000030                            : UART.oem4f (.text:UART_open)
                  000052bc    00000030     rtsv7M4_T_le_v4SPD16_eabi.lib : getdevice.c.obj (.text:finddevice)
                  000052ec    00000030     gpiointerrupt_pem4f.oem4f (.text:ti_sysbios_BIOS_atExitFunc__I)
                  0000531c    00000004     --HOLE-- [fill = 0]
                  00005320    00000030     BIOS.obj (.text:ti_sysbios_family_arm_lm4_Timer_stop__E)
                  00005350    00000030     BIOS.obj (.text:ti_sysbios_family_arm_m3_TaskSupport_start__E)
                  00005380    00000030     gpiointerrupt_pem4f.oem4f (.text:ti_sysbios_gates_GateHwi_Object__create__S)
                  000053b0    00000030     gpiointerrupt_pem4f.oem4f (.text:ti_sysbios_gates_GateMutex_Object__create__S)
                  000053e0    00000030     BIOS.obj (.text:ti_sysbios_gates_GateMutex_enter__E)
                  00005410    00000030     gpiointerrupt_pem4f.oem4f (.text:ti_sysbios_heaps_HeapMem_Object__create__S)
                  00005440    00000030     gpiointerrupt_pem4f.oem4f (.text:ti_sysbios_knl_Semaphore_construct)
                  00005470    00000030     BIOS.obj (.text:ti_sysbios_knl_Semaphore_pendTimeout__I)
                  000054a0    00000030     BIOS.obj (.text:ti_sysbios_knl_Task_unblockI__E)
                  000054d0    00000030     ti.targets.arm.rtsarm.aem4f : SysMin.oem4f (.text:xdc_runtime_SysMin_abort__E)
                  00005500    00000030                                 : System.oem4f (.text:xdc_runtime_System_processAtExit__E)
                  00005530    0000002e     gpiointerrupt_pem4f.oem4f (.text:malloc)
                  0000555e    00000002     --HOLE-- [fill = 0]
                  00005560    0000002c     gpiointerrupt_pem4f.oem4f (.text:ti_sysbios_knl_Clock_doTick__I)
                  0000558c    0000002c     gpiointerrupt_pem4f.oem4f (.text:ti_sysbios_knl_Queue_construct)
                  000055b8    0000002c     BIOS.obj (.text:ti_sysbios_knl_Task_restore__E)
                  000055e4    0000002c     rtsv7M4_T_le_v4SPD16_eabi.lib : unlink.c.obj (.text:unlink)
                  00005610    0000002c     ti.targets.arm.rtsarm.aem4f : Text.oem4f (.text:xdc_runtime_Text_cordText__E)
                  0000563c    0000002a     driverlib.lib : gpio.obj (.text:GPIODirModeSet)
                  00005666    0000002a     ti.targets.arm.rtsarm.aem4f : System.oem4f (.text:xdc_runtime_System_putchar__I)
                  00005690    00000028     BIOS.obj (.text:ti_sysbios_knl_Swi_Module_startup__E)
                  000056b8    00000028     rtsv7M4_T_le_v4SPD16_eabi.lib : write.c.obj (.text:write)
                  000056e0    00000026     m3_Hwi_asm.obj (.text:ti_sysbios_family_arm_m3_Hwi_pendSV__I)
                  00005706    00000026     ti.targets.arm.rtsarm.aem4f : System.oem4f (.text:xdc_runtime_System_avprintf__E)
                  0000572c    00000024     gpiointerrupt_pem4f.oem4f (.text:ti_sysbios_BIOS_errorRaiseHook__I)
                  00005750    00000024     gpiointerrupt_pem4f.oem4f (.text:ti_sysbios_BIOS_registerRTSLock__I)
                  00005774    00000024     gpiointerrupt_pem4f.oem4f (.text:ti_sysbios_BIOS_removeRTSLock__I)
                  00005798    00000024     gpiointerrupt_pem4f.oem4f (.text:ti_sysbios_BIOS_startFunc__I)
                  000057bc    00000024     gpiointerrupt_pem4f.oem4f (.text:ti_sysbios_gates_GateMutex_Object__delete__S)
                  000057e0    00000024     BIOS.obj (.text:ti_sysbios_knl_Clock_Module_startup__E)
                  00005804    00000004     --HOLE-- [fill = 0]
                  00005808    00000024     BIOS.obj (.text:ti_sysbios_knl_Clock_start__E)
                  0000582c    00000004     --HOLE-- [fill = 0]
                  00005830    00000024     BIOS.obj (.text:ti_sysbios_knl_Semaphore_Instance_init__E)
                  00005854    00000004     --HOLE-- [fill = 0]
                  00005858    00000024     BIOS.obj (.text:ti_sysbios_knl_Task_restoreHwi__E)
                  0000587c    00000024     ti.targets.arm.rtsarm.aem4f : System.oem4f (.text:xdc_runtime_System_vprintf__E)
                  000058a0    00000022     driverlib.lib : pwm.obj (.text:PWMGenConfigure)
                  000058c2    00000022     drivers_tivaware.aem4f : PWMTiva.oem4f (.text:PWMTiva_getPeriodCounts)
                  000058e4    00000004     --HOLE-- [fill = 0]
                  000058e8    00000022     BIOS.obj (.text:ti_sysbios_family_arm_lm4_Timer_write__I)
                  0000590a    00000022     gpiointerrupt_pem4f.oem4f (.text:xdc_runtime_SysMin_output__I)
                  0000592c    00000020     gpiointerrupt_pem4f.oem4f (.text:ti_sysbios_BIOS_rtsLock__I)
                  0000594c    00000020     m3_Hwi_asm.obj (.text:ti_sysbios_family_arm_m3_Hwi_excHandlerAsm__I)
                  0000596c    00000004     --HOLE-- [fill = 0]
                  00005970    00000020     BIOS.obj (.text:ti_sysbios_family_arm_m3_Hwi_excHandler__I)
                  00005990    00000020     gpiointerrupt_pem4f.oem4f (.text:ti_sysbios_gates_GateHwi_Object__delete__S)
                  000059b0    00000020     gpiointerrupt_pem4f.oem4f (.text:ti_sysbios_heaps_HeapMem_Object__delete__S)
                  000059d0    00000020     gpiointerrupt_pem4f.oem4f (.text:ti_sysbios_knl_Clock_Object__destruct__S)
                  000059f0    00000020     BIOS.obj (.text:ti_sysbios_knl_Idle_run__E)
                  00005a10    00000020     gpiointerrupt_pem4f.oem4f (.text:ti_sysbios_knl_Semaphore_Object__destruct__S)
                  00005a30    00000020     ti.targets.arm.rtsarm.aem4f : Registry.oem4f (.text:xdc_runtime_Registry_findById__E)
                  00005a50    00000020                                 : SysMin.oem4f (.text:xdc_runtime_SysMin_Module_startup__E)
                  00005a70    0000001e     driverlib.lib : pwm.obj (.text:PWMPulseWidthSet)
                  00005a8e    0000001e     drivers_tivaware.aem4f : PWMTiva.oem4f (.text:PWMTiva_getPeriodMicroSecs)
                  00005aac    0000001e     m3_Hwi_asm_switch.obj (.text:ti_sysbios_family_xxx_Hwi_switchAndRunFunc)
                  00005aca    00000002     --HOLE-- [fill = 0]
                  00005acc    0000001c     driverlib.lib : uart.obj (.text:UARTDisable)
                  00005ae8    0000001c     drivers_tivaware.aem4f : GPIOTiva.oem4f (.text:getGpioIntIndex)
                  00005b04    0000001c     gpiointerrupt_pem4f.oem4f (.text:ti_sysbios_family_arm_m3_Hwi_Object__destruct__S)
                  00005b20    0000001c     BIOS.obj (.text:ti_sysbios_gates_GateMutex_Instance_init__E)
                  00005b3c    00000004     --HOLE-- [fill = 0]
                  00005b40    0000001c     BIOS.obj (.text:ti_sysbios_knl_Clock_Instance_finalize__E)
                  00005b5c    0000001c     gpiointerrupt_pem4f.oem4f (.text:ti_sysbios_knl_Queue_Object__destruct__S)
                  00005b78    0000001c     BIOS.obj (.text:ti_sysbios_knl_Queue_put__E)
                  00005b94    00000004     --HOLE-- [fill = 0]
                  00005b98    0000001c     BIOS.obj (.text:ti_sysbios_knl_Task_enter__I)
                  00005bb4    0000001c     ti.targets.arm.rtsarm.aem4f : Error.oem4f (.text:xdc_runtime_Error_raiseX__E)
                  00005bd0    0000001c                                 : Memory.oem4f (.text:xdc_runtime_Memory_valloc__E)
                  00005bec    0000001c                                 : SysMin.oem4f (.text:xdc_runtime_SysMin_exit__E)
                  00005c08    0000001c                                 : System.oem4f (.text:xdc_runtime_System_abort__E)
                  00005c24    0000001a     gpiointerrupt_pem4f.oem4f (.text:free)
                  00005c3e    0000001a     gpiointerrupt_pem4f.oem4f (.text:ti_sysbios_family_arm_m3_Hwi_Handle__label__S)
                  00005c58    0000001a     gpiointerrupt_pem4f.oem4f (.text:ti_sysbios_gates_GateHwi_Handle__label__S)
                  00005c72    0000001a     gpiointerrupt_pem4f.oem4f (.text:ti_sysbios_gates_GateMutex_Handle__label__S)
                  00005c8c    0000001a     gpiointerrupt_pem4f.oem4f (.text:ti_sysbios_heaps_HeapMem_Handle__label__S)
                  00005ca6    0000001a     gpiointerrupt_pem4f.oem4f (.text:ti_sysbios_knl_Swi_Handle__label__S)
                  00005cc0    0000001a     gpiointerrupt_pem4f.oem4f (.text:ti_sysbios_knl_Task_Handle__label__S)
                  00005cda    0000001a     gpiointerrupt_pem4f.oem4f (.text:xdc_runtime_System_aprintf__E)
                  00005cf4    0000001a     gpiointerrupt_pem4f.oem4f (.text:xdc_runtime_System_printf__E)
                  00005d0e    00000002     --HOLE-- [fill = 0]
                  00005d10    00000018     drivers_tivaware.aem4f : UART.oem4f (.text:UART_Params_init)
                  00005d28    00000018     rtsv7M4_T_le_v4SPD16_eabi.lib : args_main.c.obj (.text:_args_main)
                  00005d40    00000018                                   : strcmp.c.obj (.text:strcmp)
                  00005d58    00000018     gpiointerrupt_pem4f.oem4f (.text:ti_sysbios_BIOS_rtsUnlock__I)
                  00005d70    00000018     gpiointerrupt_pem4f.oem4f (.text:ti_sysbios_family_arm_lm4_Timer_Module__startupDone__F)
                  00005d88    00000018     gpiointerrupt_pem4f.oem4f (.text:ti_sysbios_family_arm_m3_Hwi_Module__startupDone__F)
                  00005da0    00000018     m3_TaskSupport_asm.obj (.text:ti_sysbios_family_arm_m3_TaskSupport_swap__E)
                  00005db8    00000018     BIOS.obj (.text:ti_sysbios_gates_GateMutex_leave__E)
                  00005dd0    00000018     BIOS.obj (.text:ti_sysbios_knl_Task_sleepTimeout__I)
                  00005de8    00000018     ti.targets.arm.rtsarm.aem4f : Error.oem4f (.text:xdc_runtime_Error_check__E)
                  00005e00    00000018                                 : System.oem4f (.text:xdc_runtime_System_exit__E)
                  00005e18    00000018                                 : Text.oem4f (.text:xdc_runtime_Text_ropeText__E)
                  00005e30    00000016     rtsv7M4_T_le_v4SPD16_eabi.lib : strchr.c.obj (.text:strchr)
                  00005e46    00000016     gpiointerrupt_pem4f.oem4f (.text:ti_sysbios_BIOS_exitFunc__I)
                  00005e5c    00000016     main.obj (.text:ti_sysbios_knl_Task_Params_init)
                  00005e72    00000002     --HOLE-- [fill = 0]
                  00005e74    00000014     driverlib.lib : pwm.obj (.text:PWMClockSet)
                  00005e88    00000014                   : sysctl.obj (.text:SysCtlPWMClockSet)
                  00005e9c    00000014                   : uart.obj (.text:UARTEnable)
                  00005eb0    00000014     rtsv7M4_T_le_v4SPD16_eabi.lib : strcpy.c.obj (.text:strcpy)
                  00005ec4    00000014                                   : strlen.c.obj (.text:strlen)
                  00005ed8    00000014     gpiointerrupt_pem4f.oem4f (.text:ti_sysbios_family_arm_m3_Hwi_Object__get__S)
                  00005eec    00000004     --HOLE-- [fill = 0]
                  00005ef0    00000014     BIOS.obj (.text:ti_sysbios_family_arm_m3_Hwi_switchFromBootStack__E)
                  00005f04    00000014     gpiointerrupt_pem4f.oem4f (.text:ti_sysbios_heaps_HeapMem_Object__get__S)
                  00005f18    00000014     gpiointerrupt_pem4f.oem4f (.text:ti_sysbios_knl_Swi_Object__get__S)
                  00005f2c    00000012     driverlib.lib : gpio.obj (.text:GPIOPinTypeGPIOInput)
                  00005f3e    00000012                   : gpio.obj (.text:GPIOPinTypePWM)
                  00005f50    00000012                   : pwm.obj (.text:PWMGenPeriodGet)
                  00005f62    00000012                   : pwm.obj (.text:PWMOutputInvert)
                  00005f74    00000012                   : pwm.obj (.text:PWMOutputState)
                  00005f86    00000012     drivers_tivaware.aem4f : RingBuf.oem4f (.text:RingBuf_construct)
                  00005f98    00000012     BIOS.obj (.text:ti_sysbios_hal_Hwi_Module_startup__E)
                  00005faa    00000012     gpiointerrupt_pem4f.oem4f (.text:xdc_runtime_Startup_exec__I)
                  00005fbc    00000010     driverlib.lib : pwm.obj (.text:PWMGenPeriodSet)
                  00005fcc    00000010     drivers_tivaware.aem4f : UARTTiva.oem4f (.text:readBlockingTimeout)
                  00005fdc    00000004     --HOLE-- [fill = 0]
                  00005fe0    00000010     BIOS.obj (.text:ti_sysbios_BIOS_getCpuFreq__E)
                  00005ff0    00000010     BIOS.obj (.text:ti_sysbios_BIOS_setThreadType__E)
                  00006000    00000010     BIOS.obj (.text:ti_sysbios_BIOS_start__E)
                  00006010    00000010     m3_TaskSupport_asm.obj (.text:ti_sysbios_family_arm_m3_TaskSupport_glue)
                  00006020    00000010     BIOS.obj (.text:ti_sysbios_gates_GateMutex_Instance_finalize__E)
                  00006030    00000010     BIOS.obj (.text:ti_sysbios_knl_Semaphore_Instance_finalize__E)
                  00006040    00000010     BIOS.obj (.text:ti_sysbios_knl_Swi_disable__E)
                  00006050    00000010     gpiointerrupt_pem4f.oem4f (.text:ti_sysbios_knl_Task_Object__get__S)
                  00006060    00000010     BIOS.obj (.text:ti_sysbios_knl_Task_disable__E)
                  00006070    00000010     ti.targets.arm.rtsarm.aem4f : Gate.oem4f (.text:xdc_runtime_Gate_leaveSystem__E)
                  00006080    00000010                                 : Memory.oem4f (.text:xdc_runtime_Memory_free__E)
                  00006090    00000010                                 : SysMin.oem4f (.text:xdc_runtime_SysMin_ready__E)
                  000060a0    00000010                                 : System.oem4f (.text:xdc_runtime_System_vsnprintf__E)
                  000060b0    00000010     gpiointerrupt_pem4f.oem4f (.text:xdc_runtime_Text_visitRope__I)
                  000060c0    0000000e     driverlib.lib : gpio.obj (.text:GPIOIntStatus)
                  000060ce    0000000e                   : uart.obj (.text:UARTCharGetNonBlocking)
                  000060dc    0000000e                   : uart.obj (.text:UARTCharPutNonBlocking)
                  000060ea    0000000e     rtsv7M4_T_le_v4SPD16_eabi.lib : copy_decompress_none.c.obj (.text:decompress:none:__TI_decompress_none)
                  000060f8    0000000e     BIOS.obj (.text:ti_sysbios_knl_Idle_loop__E)
                  00006106    00000002     --HOLE-- [fill = 0]
                  00006108    0000000e     BIOS.obj (.text:ti_sysbios_knl_Queue_empty__E)
                  00006116    00000002     --HOLE-- [fill = 0]
                  00006118    0000000c     gpiointerrupt_pem4f.oem4f (.text:.bootCodeSection:ti_catalog_arm_cortexm4_tiva_ce_Boot_init__I)
                  00006124    0000000c     driverlib.lib : pwm.obj (.text:PWMGenDisable)
                  00006130    0000000c                   : pwm.obj (.text:PWMGenEnable)
                  0000613c    0000000c     drivers_tivaware.aem4f : RingBuf.oem4f (.text:RingBuf_peek)
                  00006148    0000000c     driverlib.lib : uart.obj (.text:UARTFlowControlSet)
                  00006154    0000000c     drivers_tivaware.aem4f : UARTTiva.oem4f (.text:UARTTiva_init)
                  00006160    0000000c     rtsv7M4_T_le_v4SPD16_eabi.lib : _lock.c.obj (.text:_register_lock)
                  0000616c    0000000c                                   : _lock.c.obj (.text:_register_unlock)
                  00006178    0000000c                                   : copy_zero_init.c.obj (.text:decompress:ZI:__TI_zero_init)
                  00006184    00000004     --HOLE-- [fill = 0]
                  00006188    0000000c     BIOS.obj (.text:ti_sysbios_family_arm_lm4_Timer_getMaxTicks__E)
                  00006194    0000000c     gpiointerrupt_pem4f.oem4f (.text:ti_sysbios_family_arm_m3_Hwi_Params__init__S)
                  000061a0    0000000c     BIOS.obj (.text:ti_sysbios_family_arm_m3_Hwi_disableFxn__E)
                  000061ac    00000004     --HOLE-- [fill = 0]
                  000061b0    0000000c     BIOS.obj (.text:ti_sysbios_family_arm_m3_TaskSupport_checkStack__E)
                  000061bc    00000004     --HOLE-- [fill = 0]
                  000061c0    0000000c     BIOS.obj (.text:ti_sysbios_family_arm_m3_TaskSupport_getStackAlignment__E)
                  000061cc    00000004     --HOLE-- [fill = 0]
                  000061d0    0000000c     BIOS.obj (.text:ti_sysbios_gates_GateHwi_enter__E)
                  000061dc    0000000c     gpiointerrupt_pem4f.oem4f (.text:ti_sysbios_knl_Clock_Params__init__S)
                  000061e8    0000000c     gpiointerrupt_pem4f.oem4f (.text:ti_sysbios_knl_Queue_Object__get__S)
                  000061f4    0000000c     gpiointerrupt_pem4f.oem4f (.text:ti_sysbios_knl_Semaphore_Params__init__S)
                  00006200    0000000c     gpiointerrupt_pem4f.oem4f (.text:ti_sysbios_knl_Task_Params__init__S)
                  0000620c    0000000c     ti.targets.arm.rtsarm.aem4f : Error.oem4f (.text:xdc_runtime_Error_init__E)
                  00006218    0000000c                                 : Gate.oem4f (.text:xdc_runtime_Gate_enterSystem__E)
                  00006224    0000000c                                 : Memory.oem4f (.text:xdc_runtime_Memory_calloc__E)
                  00006230    0000000c                                 : Memory.oem4f (.text:xdc_runtime_Memory_getMaxDefaultTypeAlign__E)
                  0000623c    0000000a     driverlib.lib : uart.obj (.text:UARTCharGet)
                  00006246    0000000a                   : uart.obj (.text:UARTCharPut)
                  00006250    0000000a                   : uart.obj (.text:UARTIntDisable)
                  0000625a    0000000a                   : uart.obj (.text:UARTIntStatus)
                  00006264    0000000a     drivers_tivaware.aem4f : UART.oem4f (.text:UART_read)
                  0000626e    0000000a                            : UART.oem4f (.text:UART_write)
                  00006278    0000000a     gpiointerrupt_pem4f.oem4f (.text:xdc_runtime_IHeap_alloc)
                  00006282    0000000a     gpiointerrupt_pem4f.oem4f (.text:xdc_runtime_IHeap_free)
                  0000628c    00000008     driverlib.lib : uart.obj (.text:UARTIntEnable)
                  00006294    00000008                   : uart.obj (.text:UARTRxErrorGet)
                  0000629c    00000008     drivers_tivaware.aem4f : UARTTiva.oem4f (.text:readSemCallback)
                  000062a4    00000008     BIOS.obj (.text:ti_sysbios_family_arm_lm4_Timer_masterDisable__I)
                  000062ac    00000004     --HOLE-- [fill = 0]
                  000062b0    00000008     BIOS.obj (.text:ti_sysbios_family_arm_m3_Hwi_doSwiRestore__I)
                  000062b8    00000008     BIOS.obj (.text:ti_sysbios_family_arm_m3_Hwi_startup__E)
                  000062c0    00000008     drivers_tivaware.aem4f : UARTTiva.oem4f (.text:writeSemCallback)
                  000062c8    00000006     driverlib.lib : gpio.obj (.text:GPIOPinWrite)
                  000062ce    00000006                   : uart.obj (.text:UARTFIFOLevelSet)
                  000062d4    00000006                   : uart.obj (.text:UARTRxErrorClear)
                  000062da    00000006     Boot.aem4f : Boot_sysctl.oem4f (.text:ti_catalog_arm_cortexm4_tiva_ce_Boot_sysCtlDelayI__I)
                  000062e0    00000006     BIOS.obj (.text:ti_sysbios_family_arm_m3_Hwi_doTaskRestore__I)
                  000062e6    00000002     --HOLE-- [fill = 0]
                  000062e8    00000006     BIOS.obj (.text:ti_sysbios_family_arm_m3_Hwi_restoreFxn__E)
                  000062ee    00000002     --HOLE-- [fill = 0]
                  000062f0    00000006     BIOS.obj (.text:ti_sysbios_gates_GateHwi_leave__E)
                  000062f6    00000002     --HOLE-- [fill = 0]
                  000062f8    00000006     BIOS.obj (.text:ti_sysbios_heaps_HeapMem_isBlocking__E)
                  000062fe    00000002     --HOLE-- [fill = 0]
                  00006300    00000006     BIOS.obj (.text:ti_sysbios_knl_Clock_stop__E)
                  00006306    00000002     --HOLE-- [fill = 0]
                  00006308    00000006     BIOS.obj (.text:ti_sysbios_knl_Queue_Instance_init__E)
                  0000630e    00000002     --HOLE-- [fill = 0]
                  00006310    00000006     BIOS.obj (.text:ti_sysbios_knl_Swi_startup__E)
                  00006316    00000006     ti.targets.arm.rtsarm.aem4f : System.oem4f (.text:xdc_runtime_System_Module_startup__E)
                  0000631c    00000004     --HOLE-- [fill = 0]
                  00006320    00000004     BIOS.obj (.text:ti_sysbios_gates_GateHwi_query__E)
                  00006324    00000004     --HOLE-- [fill = 0]
                  00006328    00000004     BIOS.obj (.text:ti_sysbios_gates_GateMutex_query__E)
                  0000632c    00000004     --HOLE-- [fill = 0]
                  00006330    00000004     BIOS.obj (.text:ti_sysbios_knl_Task_startup__E)
                  00006334    00000004     --HOLE-- [fill = 0]
                  00006338    00000002     BIOS.obj (.text:ti_sysbios_gates_GateHwi_Instance_init__E)
                  0000633a    00000006     --HOLE-- [fill = 0]
                  00006340    00000002     BIOS.obj (.text:ti_sysbios_knl_Clock_logTick__E)

.const     0    00006344    0000201e     
                  00006344    0000186d     gpiointerrupt_pem4f.oem4f (.const:xdc_runtime_Text_charTab__A)
                  00007bb1    00000001     gpiointerrupt_pem4f.oem4f (.const:xdc_runtime_Error_policy__C)
                  00007bb2    000000bc     gpiointerrupt_pem4f.oem4f (.const:xdc_runtime_Text_nodeTab__A)
                  00007c6e    00000002     gpiointerrupt_pem4f.oem4f (.const:ti_catalog_arm_cortexm4_tiva_ce_Boot_Module__id__C)
                  00007c70    00000090     driverlib.lib : gpio.obj (.const:g_pui32GPIOBaseAddrs)
                  00007d00    00000054     drivers_tivaware.aem4f : GPIOTiva.oem4f (.const:.string)
                  00007d54    0000004c                            : UARTTiva.oem4f (.const)
                  00007da0    00000048     gpiointerrupt_pem4f.oem4f (.const:.string)
                  00007de8    00000048     drivers_tivaware.aem4f : GPIOTiva.oem4f (.const:gpioBaseAddresses)
                  00007e30    0000003c     gpiointerrupt_pem4f.oem4f (.const:ti_sysbios_knl_Task_Object__PARAMS__C)
                  00007e6c    00000030     gpiointerrupt_pem4f.oem4f (.const:ti_sysbios_family_arm_m3_Hwi_Object__PARAMS__C)
                  00007e9c    00000028     drivers_tivaware.aem4f : UARTTiva.oem4f (.const:UARTTiva_fxnTable)
                  00007ec4    00000028     gpiointerrupt_pem4f.oem4f (.const:ti_sysbios_heaps_HeapMem_Module__FXNS__C)
                  00007eec    00000024     EK_TM4C123GXL.obj (.const:PWM_config)
                  00007f10    00000024     drivers_tivaware.aem4f : UART.oem4f (.const:UART_defaultParams)
                  00007f34    00000024     gpiointerrupt_pem4f.oem4f (.const:ti_sysbios_gates_GateHwi_Module__FXNS__C)
                  00007f58    00000024     gpiointerrupt_pem4f.oem4f (.const:ti_sysbios_gates_GateMutex_Module__FXNS__C)
                  00007f7c    00000024     gpiointerrupt_pem4f.oem4f (.const:ti_sysbios_heaps_HeapMem_Object__PARAMS__C)
                  00007fa0    00000024     gpiointerrupt_pem4f.oem4f (.const:ti_sysbios_knl_Clock_Object__PARAMS__C)
                  00007fc4    00000024     gpiointerrupt_pem4f.oem4f (.const:ti_sysbios_knl_Semaphore_Object__PARAMS__C)
                  00007fe8    00000020     drivers_tivaware.aem4f : PWMTiva.oem4f (.const)
                  00008008    00000020     gpiointerrupt_pem4f.oem4f (.const:ti_sysbios_family_arm_m3_Hwi_Object__DESC__C)
                  00008028    00000020     gpiointerrupt_pem4f.oem4f (.const:ti_sysbios_gates_GateHwi_Object__DESC__C)
                  00008048    00000020     gpiointerrupt_pem4f.oem4f (.const:ti_sysbios_gates_GateMutex_Object__DESC__C)
                  00008068    00000020     gpiointerrupt_pem4f.oem4f (.const:ti_sysbios_heaps_HeapMem_Object__DESC__C)
                  00008088    00000020     gpiointerrupt_pem4f.oem4f (.const:ti_sysbios_knl_Clock_Object__DESC__C)
                  000080a8    00000020     gpiointerrupt_pem4f.oem4f (.const:ti_sysbios_knl_Queue_Object__DESC__C)
                  000080c8    00000020     gpiointerrupt_pem4f.oem4f (.const:ti_sysbios_knl_Semaphore_Object__DESC__C)
                  000080e8    00000020     gpiointerrupt_pem4f.oem4f (.const:ti_sysbios_knl_Task_Object__DESC__C)
                  00008108    00000020     gpiointerrupt_pem4f.oem4f (.const:xdc_runtime_Startup_sfxnTab__A)
                  00008128    00000018     EK_TM4C123GXL.obj (.const:UART_config)
                  00008140    00000018     EK_TM4C123GXL.obj (.const:pwmTivaHWAttrs)
                  00008158    00000018     gpiointerrupt_pem4f.oem4f (.const:ti_sysbios_gates_GateHwi_Object__PARAMS__C)
                  00008170    00000018     gpiointerrupt_pem4f.oem4f (.const:ti_sysbios_gates_GateMutex_Object__PARAMS__C)
                  00008188    00000018     gpiointerrupt_pem4f.oem4f (.const:ti_sysbios_knl_Queue_Object__PARAMS__C)
                  000081a0    00000018     EK_TM4C123GXL.obj (.const:uartTivaHWAttrs)
                  000081b8    00000014     EK_TM4C123GXL.obj (.const:GPIOTiva_config)
                  000081cc    00000014     gpiointerrupt_pem4f.oem4f (.const:xdc_runtime_Startup_firstFxns__A)
                  000081e0    00000010     gpiointerrupt_pem4f.oem4f (.const:xdc_runtime_Startup_sfxnRts__A)
                  000081f0    00000008     gpiointerrupt_pem4f.oem4f (.const:ti_sysbios_family_arm_m3_Hwi_excHookFuncs__A)
                  000081f8    00000008     gpiointerrupt_pem4f.oem4f (.const:ti_sysbios_knl_Idle_funcList__C)
                  00008200    00000008     gpiointerrupt_pem4f.oem4f (.const:xdc_runtime_Startup_firstFxns__C)
                  00008208    00000008     gpiointerrupt_pem4f.oem4f (.const:xdc_runtime_Startup_lastFxns__C)
                  00008210    00000004     gpiointerrupt_pem4f.oem4f (.const:ti_catalog_arm_cortexm4_tiva_ce_Boot_A_mustUseEnhancedClockMode__C)
                  00008214    00000004     gpiointerrupt_pem4f.oem4f (.const:ti_catalog_arm_cortexm4_tiva_ce_Boot_Module__diagsEnabled__C)
                  00008218    00000004     gpiointerrupt_pem4f.oem4f (.const:ti_catalog_arm_cortexm4_tiva_ce_Boot_Module__diagsIncluded__C)
                  0000821c    00000004     gpiointerrupt_pem4f.oem4f (.const:ti_catalog_arm_cortexm4_tiva_ce_Boot_Module__diagsMask__C)
                  00008220    00000004     gpiointerrupt_pem4f.oem4f (.const:ti_sysbios_family_arm_lm4_Timer_enableFunc__C)
                  00008224    00000004     gpiointerrupt_pem4f.oem4f (.const:ti_sysbios_family_arm_lm4_Timer_numTimerDevices__C)
                  00008228    00000004     gpiointerrupt_pem4f.oem4f (.const:ti_sysbios_family_arm_lm4_Timer_startupNeeded__C)
                  0000822c    00000004     gpiointerrupt_pem4f.oem4f (.const:ti_sysbios_family_arm_m3_Hwi_E_NMI__C)
                  00008230    00000004     gpiointerrupt_pem4f.oem4f (.const:ti_sysbios_family_arm_m3_Hwi_E_alreadyDefined__C)
                  00008234    00000004     gpiointerrupt_pem4f.oem4f (.const:ti_sysbios_family_arm_m3_Hwi_E_busFault__C)
                  00008238    00000004     gpiointerrupt_pem4f.oem4f (.const:ti_sysbios_family_arm_m3_Hwi_E_debugMon__C)
                  0000823c    00000004     gpiointerrupt_pem4f.oem4f (.const:ti_sysbios_family_arm_m3_Hwi_E_hardFault__C)
                  00008240    00000004     gpiointerrupt_pem4f.oem4f (.const:ti_sysbios_family_arm_m3_Hwi_E_memFault__C)
                  00008244    00000004     gpiointerrupt_pem4f.oem4f (.const:ti_sysbios_family_arm_m3_Hwi_E_noIsr__C)
                  00008248    00000004     gpiointerrupt_pem4f.oem4f (.const:ti_sysbios_family_arm_m3_Hwi_E_reserved__C)
                  0000824c    00000004     gpiointerrupt_pem4f.oem4f (.const:ti_sysbios_family_arm_m3_Hwi_E_svCall__C)
                  00008250    00000004     gpiointerrupt_pem4f.oem4f (.const:ti_sysbios_family_arm_m3_Hwi_E_usageFault__C)
                  00008254    00000004     gpiointerrupt_pem4f.oem4f (.const:ti_sysbios_family_arm_m3_Hwi_NUM_INTERRUPTS__C)
                  00008258    00000004     gpiointerrupt_pem4f.oem4f (.const:ti_sysbios_family_arm_m3_Hwi_Object__count__C)
                  0000825c    00000004     gpiointerrupt_pem4f.oem4f (.const:ti_sysbios_family_arm_m3_Hwi_ccr__C)
                  00008260    00000004     gpiointerrupt_pem4f.oem4f (.const:ti_sysbios_family_arm_m3_Hwi_excHandlerFunc__C)
                  00008264    00000004     gpiointerrupt_pem4f.oem4f (.const:ti_sysbios_family_arm_m3_Hwi_excHookFuncs__C)
                  00008268    00000004     gpiointerrupt_pem4f.oem4f (.const:ti_sysbios_family_arm_m3_Hwi_nullIsrFunc__C)
                  0000826c    00000004     gpiointerrupt_pem4f.oem4f (.const:ti_sysbios_family_arm_m3_Hwi_priGroup__C)
                  00008270    00000004     gpiointerrupt_pem4f.oem4f (.const:ti_sysbios_family_arm_m3_TaskSupport_stackAlignment__C)
                  00008274    00000004     gpiointerrupt_pem4f.oem4f (.const:ti_sysbios_gates_GateMutex_Instance_State_sem__O)
                  00008278    00000004     gpiointerrupt_pem4f.oem4f (.const:ti_sysbios_hal_Hwi_E_stackOverflow__C)
                  0000827c    00000004     gpiointerrupt_pem4f.oem4f (.const:ti_sysbios_heaps_HeapMem_E_memory__C)
                  00008280    00000004     gpiointerrupt_pem4f.oem4f (.const:ti_sysbios_heaps_HeapMem_Module__gateObj__C)
                  00008284    00000004     gpiointerrupt_pem4f.oem4f (.const:ti_sysbios_heaps_HeapMem_Object__count__C)
                  00008288    00000004     gpiointerrupt_pem4f.oem4f (.const:ti_sysbios_heaps_HeapMem_reqAlign__C)
                  0000828c    00000004     gpiointerrupt_pem4f.oem4f (.const:ti_sysbios_knl_Clock_Module_State_clockQ__O)
                  00008290    00000004     gpiointerrupt_pem4f.oem4f (.const:ti_sysbios_knl_Idle_funcList__A)
                  00008294    00000004     gpiointerrupt_pem4f.oem4f (.const:ti_sysbios_knl_Semaphore_Instance_State_pendQ__O)
                  00008298    00000004     gpiointerrupt_pem4f.oem4f (.const:ti_sysbios_knl_Swi_Object__count__C)
                  0000829c    00000004     gpiointerrupt_pem4f.oem4f (.const:ti_sysbios_knl_Task_E_spOutOfBounds__C)
                  000082a0    00000004     gpiointerrupt_pem4f.oem4f (.const:ti_sysbios_knl_Task_E_stackOverflow__C)
                  000082a4    00000004     gpiointerrupt_pem4f.oem4f (.const:ti_sysbios_knl_Task_Module_State_inactiveQ__O)
                  000082a8    00000004     gpiointerrupt_pem4f.oem4f (.const:ti_sysbios_knl_Task_Object__count__C)
                  000082ac    00000004     gpiointerrupt_pem4f.oem4f (.const:ti_sysbios_knl_Task_allBlockedFunc__C)
                  000082b0    00000004     gpiointerrupt_pem4f.oem4f (.const:ti_sysbios_knl_Task_defaultStackHeap__C)
                  000082b4    00000004     gpiointerrupt_pem4f.oem4f (.const:ti_sysbios_knl_Task_defaultStackSize__C)
                  000082b8    00000004     gpiointerrupt_pem4f.oem4f (.const:ti_sysbios_knl_Task_numConstructedTasks__C)
                  000082bc    00000004     gpiointerrupt_pem4f.oem4f (.const:xdc_runtime_Assert_E_assertFailed__C)
                  000082c0    00000004     gpiointerrupt_pem4f.oem4f (.const:xdc_runtime_Core_A_initializedParams__C)
                  000082c4    00000004     gpiointerrupt_pem4f.oem4f (.const:xdc_runtime_Core_Module__diagsEnabled__C)
                  000082c8    00000004     gpiointerrupt_pem4f.oem4f (.const:xdc_runtime_Core_Module__diagsIncluded__C)
                  000082cc    00000004     gpiointerrupt_pem4f.oem4f (.const:xdc_runtime_Core_Module__diagsMask__C)
                  000082d0    00000004     gpiointerrupt_pem4f.oem4f (.const:xdc_runtime_Error_E_memory__C)
                  000082d4    00000004     gpiointerrupt_pem4f.oem4f (.const:xdc_runtime_Error_Module__diagsEnabled__C)
                  000082d8    00000004     gpiointerrupt_pem4f.oem4f (.const:xdc_runtime_Error_Module__diagsIncluded__C)
                  000082dc    00000004     gpiointerrupt_pem4f.oem4f (.const:xdc_runtime_Error_Module__diagsMask__C)
                  000082e0    00000004     gpiointerrupt_pem4f.oem4f (.const:xdc_runtime_Error_Module__loggerFxn8__C)
                  000082e4    00000004     gpiointerrupt_pem4f.oem4f (.const:xdc_runtime_Error_Module__loggerObj__C)
                  000082e8    00000004     gpiointerrupt_pem4f.oem4f (.const:xdc_runtime_Error_policyFxn__C)
                  000082ec    00000004     gpiointerrupt_pem4f.oem4f (.const:xdc_runtime_Error_raiseHook__C)
                  000082f0    00000004     gpiointerrupt_pem4f.oem4f (.const:xdc_runtime_IGateProvider_Interface__BASE__C)
                  000082f4    00000004     gpiointerrupt_pem4f.oem4f (.const:xdc_runtime_IHeap_Interface__BASE__C)
                  000082f8    00000004     gpiointerrupt_pem4f.oem4f (.const:xdc_runtime_IModule_Interface__BASE__C)
                  000082fc    00000004     gpiointerrupt_pem4f.oem4f (.const:xdc_runtime_Log_L_error__C)
                  00008300    00000004     gpiointerrupt_pem4f.oem4f (.const:xdc_runtime_Memory_defaultHeapInstance__C)
                  00008304    00000004     gpiointerrupt_pem4f.oem4f (.const:xdc_runtime_Startup_execImpl__C)
                  00008308    00000004     gpiointerrupt_pem4f.oem4f (.const:xdc_runtime_Startup_maxPasses__C)
                  0000830c    00000004     gpiointerrupt_pem4f.oem4f (.const:xdc_runtime_Startup_sfxnRts__C)
                  00008310    00000004     gpiointerrupt_pem4f.oem4f (.const:xdc_runtime_Startup_sfxnTab__C)
                  00008314    00000004     gpiointerrupt_pem4f.oem4f (.const:xdc_runtime_SysMin_bufSize__C)
                  00008318    00000004     gpiointerrupt_pem4f.oem4f (.const:xdc_runtime_SysMin_outputFunc__C)
                  0000831c    00000004     gpiointerrupt_pem4f.oem4f (.const:xdc_runtime_System_Module__gateObj__C)
                  00008320    00000004     gpiointerrupt_pem4f.oem4f (.const:xdc_runtime_System_abortFxn__C)
                  00008324    00000004     gpiointerrupt_pem4f.oem4f (.const:xdc_runtime_System_exitFxn__C)
                  00008328    00000004     gpiointerrupt_pem4f.oem4f (.const:xdc_runtime_System_extendFxn__C)
                  0000832c    00000004     gpiointerrupt_pem4f.oem4f (.const:xdc_runtime_System_maxAtexitHandlers__C)
                  00008330    00000004     gpiointerrupt_pem4f.oem4f (.const:xdc_runtime_Text_charTab__C)
                  00008334    00000004     gpiointerrupt_pem4f.oem4f (.const:xdc_runtime_Text_nameEmpty__C)
                  00008338    00000004     gpiointerrupt_pem4f.oem4f (.const:xdc_runtime_Text_nameStatic__C)
                  0000833c    00000004     gpiointerrupt_pem4f.oem4f (.const:xdc_runtime_Text_nameUnknown__C)
                  00008340    00000004     gpiointerrupt_pem4f.oem4f (.const:xdc_runtime_Text_nodeTab__C)
                  00008344    00000004     gpiointerrupt_pem4f.oem4f (.const:xdc_runtime_Text_visitRopeFxn__C)
                  00008348    00000002     gpiointerrupt_pem4f.oem4f (.const:ti_sysbios_family_arm_m3_Hwi_Module__id__C)
                  0000834a    00000002     gpiointerrupt_pem4f.oem4f (.const:ti_sysbios_hal_Hwi_Module__id__C)
                  0000834c    00000002     gpiointerrupt_pem4f.oem4f (.const:ti_sysbios_heaps_HeapMem_Module__id__C)
                  0000834e    00000002     gpiointerrupt_pem4f.oem4f (.const:ti_sysbios_knl_Task_Module__id__C)
                  00008350    00000002     gpiointerrupt_pem4f.oem4f (.const:xdc_runtime_Core_Module__id__C)
                  00008352    00000002     gpiointerrupt_pem4f.oem4f (.const:xdc_runtime_Error_Module__loggerDefined__C)
                  00008354    00000002     gpiointerrupt_pem4f.oem4f (.const:xdc_runtime_Error_maxDepth__C)
                  00008356    00000002     gpiointerrupt_pem4f.oem4f (.const:xdc_runtime_Memory_Module__id__C)
                  00008358    00000002     gpiointerrupt_pem4f.oem4f (.const:xdc_runtime_SysMin_flushAtExit__C)
                  0000835a    00000002     gpiointerrupt_pem4f.oem4f (.const:xdc_runtime_Text_charCnt__C)
                  0000835c    00000002     gpiointerrupt_pem4f.oem4f (.const:xdc_runtime_Text_isLoaded__C)
                  0000835e    00000002     gpiointerrupt_pem4f.oem4f (.const:xdc_runtime_Text_registryModsLastId__C)
                  00008360    00000002     gpiointerrupt_pem4f.oem4f (.const:xdc_runtime_Text_unnamedModsLastId__C)

.cinit     0    00008368    00000280     
                  00008368    00000245     (.cinit..data.load) [load image, compression = lzss]
                  000085ad    00000003     --HOLE-- [fill = 0]
                  000085b0    0000000c     (__TI_handler_table)
                  000085bc    00000004     --HOLE-- [fill = 0]
                  000085c0    00000008     (.cinit..bss.load) [load image, compression = zero_init]
                  000085c8    00000008     (.cinit..vecs.load) [load image, compression = zero_init]
                  000085d0    00000018     (__TI_cinit_table)

.init_array 
*          0    00000000    00000000     UNINITIALIZED

.resetVecs 
*          0    00000000    0000003c     
                  00000000    0000003c     gpiointerrupt_pem4f.oem4f (.resetVecs)

.bss       0    20000360    00001588     UNINITIALIZED
                  20000360    00000600     gpiointerrupt_pem4f.oem4f (.bss:taskStackSection)
                  20000960    00000400     (.common:ti_sysbios_heaps_HeapMem_Instance_State_0_buf__A)
                  20000d60    00000400     (.common:tsk0Stack)
                  20001160    00000360     (.common:ti_sysbios_family_arm_m3_Hwi_dispatchTable)
                  200014c0    00000120     rtsv7M4_T_le_v4SPD16_eabi.lib : trgmsg.c.obj (.bss:_CIOBUF_)
                  200015e0    000000cc     (.common:uartTivaObjects)
                  200016ac    000000a0     (.common:__TI_tmpnams)
                  2000174c    00000090     drivers_tivaware.aem4f : GPIOTiva.oem4f (.bss:gpioCallbackInfo)
                  200017dc    00000080     (.common:xdc_runtime_SysMin_Module_State_0_outbuf__A)
                  2000185c    00000050     (.common:tsk1Struct)
                  200018ac    00000020     (.common:uartTivaRingBuffer)
                  200018cc    00000010     (.common:pwmTivaObjects)
                  200018dc    00000008     (.common:parmbuf)
                  200018e4    00000004     (.common:gpioInterruptVectors)

.data      0    200018e8    0000064e     UNINITIALIZED
                  200018e8    000000f0     rtsv7M4_T_le_v4SPD16_eabi.lib : defs.c.obj (.data:_ftable)
                  200019d8    00000098     gpiointerrupt_pem4f.oem4f (.data:ti_sysbios_knl_Task_Object__table__V)
                  20001a70    00000080     gpiointerrupt_pem4f.oem4f (.data:ti_sysbios_knl_Swi_Module_State_0_readyQ__A)
                  20001af0    00000080     gpiointerrupt_pem4f.oem4f (.data:ti_sysbios_knl_Task_Module_State_0_readyQ__A)
                  20001b70    00000078     rtsv7M4_T_le_v4SPD16_eabi.lib : host_device.c.obj (.data:_device)
                  20001be8    00000050                                   : host_device.c.obj (.data:_stream)
                  20001c38    00000044     gpiointerrupt_pem4f.oem4f (.data:ti_sysbios_knl_Task_Module__state__V)
                  20001c7c    00000040     gpiointerrupt_pem4f.oem4f (.data:ti_sysbios_family_arm_lm4_Timer_Object__table__V)
                  20001cbc    00000038     gpiointerrupt_pem4f.oem4f (.data:ti_sysbios_gates_GateMutex_Object__table__V)
                  20001cf4    00000034     gpiointerrupt_pem4f.oem4f (.data:ti_sysbios_family_arm_m3_Hwi_Module__state__V)
                  20001d28    00000030     gpiointerrupt_pem4f.oem4f (.data:ti_sysbios_family_arm_lm4_Timer_Module_State_0_device__A)
                  20001d58    00000030     gpiointerrupt_pem4f.oem4f (.data:ti_sysbios_knl_Swi_Object__table__V)
                  20001d88    0000002c     gpiointerrupt_pem4f.oem4f (.data:ti_sysbios_knl_Clock_Module__state__V)
                  20001db4    00000024     gpiointerrupt_pem4f.oem4f (.data:ti_sysbios_BIOS_Module__state__V)
                  20001dd8    0000001c     gpiointerrupt_pem4f.oem4f (.data:ti_sysbios_knl_Swi_Module__state__V)
                  20001df4    00000018     drivers_tivaware.aem4f : PWMTiva.oem4f (.data)
                  20001e0c    00000018     gpiointerrupt_pem4f.oem4f (.data:ti_sysbios_family_arm_lm4_Timer_Module_State_0_handles__A)
                  20001e24    00000018     gpiointerrupt_pem4f.oem4f (.data:ti_sysbios_family_arm_m3_Hwi_Object__table__V)
                  20001e3c    00000018     gpiointerrupt_pem4f.oem4f (.data:ti_sysbios_heaps_HeapMem_Object__table__V)
                  20001e54    00000014     EK_TM4C123GXL.obj (.data:gpioPinConfigs)
                  20001e68    00000010     rtsv7M4_T_le_v4SPD16_eabi.lib : defs.c.obj (.data)
                  20001e78    0000000c                                   : exit.c.obj (.data:$O1$$)
                  20001e84    0000000c     gpiointerrupt_pem4f.oem4f (.data:ti_sysbios_family_arm_lm4_Timer_Module__state__V)
                  20001e90    0000000c     gpiointerrupt_pem4f.oem4f (.data:xdc_runtime_SysMin_Module__state__V)
                  20001e9c    00000008     rtsv7M4_T_le_v4SPD16_eabi.lib : _lock.c.obj (.data:$O1$$)
                  20001ea4    00000008     EK_TM4C123GXL.obj (.data:gpioCallbackFunctions)
                  20001eac    00000008     gpiointerrupt_pem4f.oem4f (.data:ti_sysbios_family_arm_m3_Hwi_Module__root__V)
                  20001eb4    00000008     gpiointerrupt_pem4f.oem4f (.data:ti_sysbios_gates_GateHwi_Module__root__V)
                  20001ebc    00000008     gpiointerrupt_pem4f.oem4f (.data:ti_sysbios_gates_GateMutex_Module__root__V)
                  20001ec4    00000008     gpiointerrupt_pem4f.oem4f (.data:ti_sysbios_heaps_HeapMem_Module__root__V)
                  20001ecc    00000008     gpiointerrupt_pem4f.oem4f (.data:ti_sysbios_knl_Clock_Module__root__V)
                  20001ed4    00000008     gpiointerrupt_pem4f.oem4f (.data:ti_sysbios_knl_Queue_Module__root__V)
                  20001edc    00000008     gpiointerrupt_pem4f.oem4f (.data:ti_sysbios_knl_Semaphore_Module__root__V)
                  20001ee4    00000008     gpiointerrupt_pem4f.oem4f (.data:ti_sysbios_knl_Task_Module__root__V)
                  20001eec    00000008     gpiointerrupt_pem4f.oem4f (.data:xdc_runtime_Registry_Module__state__V)
                  20001ef4    00000008     gpiointerrupt_pem4f.oem4f (.data:xdc_runtime_Startup_Module__state__V)
                  20001efc    00000008     gpiointerrupt_pem4f.oem4f (.data:xdc_runtime_System_Module_State_0_atexitHandlers__A)
                  20001f04    00000008     gpiointerrupt_pem4f.oem4f (.data:xdc_runtime_System_Module__state__V)
                  20001f0c    00000005     drivers_tivaware.aem4f : GPIOTiva.oem4f (.data)
                  20001f11    00000001     --HOLE--
                  20001f12    00000002     gpiointerrupt_pem4f.oem4f (.data:ti_sysbios_family_arm_m3_Hwi_Module_State_0_excActive__A)
                  20001f14    00000004     drivers_tivaware.aem4f : PWM.oem4f (.data)
                  20001f18    00000004                            : UART.oem4f (.data)
                  20001f1c    00000004     rtsv7M4_T_le_v4SPD16_eabi.lib : stkdepth_vars.c.obj (.data)
                  20001f20    00000004     gpiointerrupt_pem4f.oem4f (.data:ti_sysbios_family_arm_m3_Hwi_Module_State_0_excContext__A)
                  20001f24    00000004     gpiointerrupt_pem4f.oem4f (.data:ti_sysbios_family_arm_m3_Hwi_Module_State_0_excStack__A)
                  20001f28    00000004     gpiointerrupt_pem4f.oem4f (.data:ti_sysbios_gates_GateHwi_Object__table__V)
                  20001f2c    00000004     gpiointerrupt_pem4f.oem4f (.data:ti_sysbios_knl_Task_Module_State_0_idleTask__A)
                  20001f30    00000004     gpiointerrupt_pem4f.oem4f (.data:xdc_runtime_Memory_Module__state__V)
                  20001f34    00000002     gpiointerrupt_pem4f.oem4f (.data:xdc_runtime_Error_Module__state__V)

.stack     0    20001f38    00000300     UNINITIALIZED
                  20001f38    00000300     --HOLE--

.bootVecs 
*          0    00000000    00000008     DSECT
                  00000000    00000008     boot.aem4f : boot.oem4f (.bootVecs)

.vecs      0    20000000    00000360     UNINITIALIZED
                  20000000    00000360     gpiointerrupt_pem4f.oem4f (.vecs)

xdc.meta   0    00000000    000000e8     COPY SECTION
                  00000000    000000e8     gpiointerrupt_pem4f.oem4f (xdc.meta)

MODULE SUMMARY

       Module                       code    ro data   rw data
       ------                       ----    -------   -------
    ..\src\sysbios\
       BIOS.obj                     9220    0         0      
       m3_Hwi_asm.obj               314     0         0      
       m3_TaskSupport_asm.obj       180     0         0      
       m3_Hwi_asm_switch.obj        118     0         0      
    +--+----------------------------+-------+---------+---------+
       Total:                       9832    0         0      
                                                             
    .\
       EK_TM4C123GXL.obj            164     128       280    
    +--+----------------------------+-------+---------+---------+
       Total:                       164     128       280    
                                                             
    .\lib\
       main.obj                     366     0         1104   
       launchpad.obj                408     0         0      
    +--+----------------------------+-------+---------+---------+
       Total:                       774     0         1104   
                                                             
    C:\Users\zachr\MM20Firmware\mm20\CCS\mm\Debug\configPkg\package\cfg\
       gpiointerrupt_pem4f.oem4f    1958    7670      5484   
    +--+----------------------------+-------+---------+---------+
       Total:                       1958    7670      5484   
                                                             
    C:/ti/tirtos_tivac_2_16_00_08/products/TivaWare_C_Series-2.1.1.71b/driverlib/ccs/Debug/driverlib.lib
       gpio.obj                     566     144       0      
       uart.obj                     226     0         0      
       pwm.obj                      178     0         0      
       sysctl.obj                   72      0         0      
    +--+----------------------------+-------+---------+---------+
       Total:                       1042    144       0      
                                                             
    C:/ti/tirtos_tivac_2_16_00_08/products/tidrivers_tivac_2_16_00_08/packages/ti/drivers/lib/drivers_tivaware.aem4f
       UARTTiva.oem4f               2262    116       0      
       PWMTiva.oem4f                962     32        24     
       GPIOTiva.oem4f               684     156       153    
       RingBuf.oem4f                164     0         0      
       UART.oem4f                   92      36        4      
       PWM.oem4f                    56      0         4      
    +--+----------------------------+-------+---------+---------+
       Total:                       4220    340       185    
                                                             
    C:\ti\ccs930\ccs\tools\compiler\ti-cgt-arm_18.12.4.LTS\lib\rtsv7M4_T_le_v4SPD16_eabi.lib
       defs.c.obj                   0       0         416    
       trgmsg.c.obj                 108     0         288    
       setvbuf.c.obj                220     0         0      
       host_device.c.obj            0       0         200    
       memcpy_t2.asm.obj            156     0         0      
       memset_t2.asm.obj            122     0         0      
       fclose.c.obj                 116     0         0      
       getdevice.c.obj              116     0         0      
       hostrename.c.obj             108     0         0      
       copy_decompress_lzss.c.obj   104     0         0      
       hostlseek.c.obj              104     0         0      
       hostopen.c.obj               96      0         8      
       close.c.obj                  92      0         0      
       exit.c.obj                   76      0         12     
       hostread.c.obj               88      0         0      
       hostwrite.c.obj              88      0         0      
       cpy_tbl.c.obj                76      0         0      
       fflush.c.obj                 76      0         0      
       hostclose.c.obj              68      0         0      
       hostunlink.c.obj             68      0         0      
       u_divt2.asm.obj              64      0         0      
       strncpy.c.obj                54      0         0      
       fopen.c.obj                  52      0         0      
       unlink.c.obj                 44      0         0      
       write.c.obj                  40      0         0      
       _lock.c.obj                  26      0         8      
       args_main.c.obj              24      0         0      
       strcmp.c.obj                 24      0         0      
       strchr.c.obj                 22      0         0      
       strcpy.c.obj                 20      0         0      
       strlen.c.obj                 20      0         0      
       copy_decompress_none.c.obj   14      0         0      
       copy_zero_init.c.obj         12      0         0      
       stkdepth_vars.c.obj          0       0         4      
       div0.asm.obj                 2       0         0      
    +--+----------------------------+-------+---------+---------+
       Total:                       2300    0         936    
                                                             
    C:\ti\tirtos_tivac_2_16_00_08\packages\ti\tirtos\utils\lib\release\ti.tirtos.utils.aem4f
       UARTMon.oem4f                186     0         0      
    +--+----------------------------+-------+---------+---------+
       Total:                       186     0         0      
                                                             
    C:\ti\tirtos_tivac_2_16_00_08\products\bios_6_45_01_29\packages\ti\catalog\arm\cortexm4\tiva\ce\lib\Boot.aem4f
       Boot_sysctl.oem4f            262     0         0      
       Boot.oem4f                   152     0         0      
    +--+----------------------------+-------+---------+---------+
       Total:                       414     0         0      
                                                             
    C:\ti\tirtos_tivac_2_16_00_08\products\bios_6_45_01_29\packages\ti\targets\arm\rtsarm\lib\auto_init.aem4f
       auto_init.oem4f              160     0         0      
    +--+----------------------------+-------+---------+---------+
       Total:                       160     0         0      
                                                             
    C:\ti\tirtos_tivac_2_16_00_08\products\bios_6_45_01_29\packages\ti\targets\arm\rtsarm\lib\boot.aem4f
       boot.oem4f                   88      0         0      
    +--+----------------------------+-------+---------+---------+
       Total:                       88      0         0      
                                                             
    C:\ti\tirtos_tivac_2_16_00_08\products\bios_6_45_01_29\packages\ti\targets\arm\rtsarm\lib\ti.targets.arm.rtsarm.aem4f
       System.oem4f                 1255    0         0      
       Text.oem4f                   672     0         0      
       Error.oem4f                  524     0         0      
       Core-mem.oem4f               358     0         0      
       Startup.oem4f                328     0         0      
       SysMin.oem4f                 248     0         0      
       Core-smem.oem4f              204     0         0      
       Memory.oem4f                 176     0         0      
       Assert.oem4f                 84      0         0      
       Core-params.oem4f            70      0         0      
       Core-label.oem4f             52      0         0      
       Registry.oem4f               32      0         0      
       Gate.oem4f                   28      0         0      
    +--+----------------------------+-------+---------+---------+
       Total:                       4031    0         0      
                                                             
       Stack:                       0       0         768    
       Linker Generated:            0       633       0      
    +--+----------------------------+-------+---------+---------+
       Grand Total:                 25169   8915      8757   


LINKER GENERATED COPY TABLES

__TI_cinit_table @ 000085d0 records: 3, size/record: 8, table size: 24
	.data: load addr=00008368, load size=00000245 bytes, run addr=200018e8, run size=0000064e bytes, compression=lzss
	.bss: load addr=000085c0, load size=00000008 bytes, run addr=20000360, run size=00001588 bytes, compression=zero_init
	.vecs: load addr=000085c8, load size=00000008 bytes, run addr=20000000, run size=00000360 bytes, compression=zero_init


LINKER GENERATED HANDLER TABLE

__TI_handler_table @ 000085b0 records: 3, size/record: 4, table size: 12
	index: 0, handler: __TI_decompress_lzss
	index: 1, handler: __TI_decompress_none
	index: 2, handler: __TI_zero_init


GLOBAL SYMBOLS: SORTED ALPHABETICALLY BY Name 

address   name                                                              
-------   ----                                                              
0000103d  C$$EXIT                                                           
00004e8b  C$$IO$$                                                           
0000522d  EK_TM4C123GXL_initGPIO                                            
00004be9  EK_TM4C123GXL_initGeneral                                         
00004fe5  EK_TM4C123GXL_initPWM                                             
0000563d  GPIODirModeSet                                                    
000041bb  GPIOIntClear                                                      
000060c1  GPIOIntStatus                                                     
00004111  GPIOIntTypeSet                                                    
00001599  GPIOPadConfigSet                                                  
00004675  GPIOPinConfigure                                                  
00005f2d  GPIOPinTypeGPIOInput                                              
00005f3f  GPIOPinTypePWM                                                    
000062c9  GPIOPinWrite                                                      
000081b8  GPIOTiva_config                                                   
00003a05  GPIO_hwiIntFxn                                                    
00002ded  GPIO_init                                                         
000042bd  GPIO_setCallback                                                  
000012fd  GPIO_setConfig                                                    
000048b5  HOSTclose                                                         
000038cd  HOSTlseek                                                         
00003bfd  HOSTopen                                                          
00003fb1  HOSTread                                                          
00003641  HOSTrename                                                        
000048f9  HOSTunlink                                                        
00004009  HOSTwrite                                                         
00005e75  PWMClockSet                                                       
000058a1  PWMGenConfigure                                                   
00006125  PWMGenDisable                                                     
00006131  PWMGenEnable                                                      
00005f51  PWMGenPeriodGet                                                   
00005fbd  PWMGenPeriodSet                                                   
00005f63  PWMOutputInvert                                                   
00005f75  PWMOutputState                                                    
00005a71  PWMPulseWidthSet                                                  
00008006  PWMTiva_MAX_MATCH_VALUE                                           
00008004  PWMTiva_MAX_PRESCALAR                                             
00003861  PWMTiva_close                                                     
0000301d  PWMTiva_control                                                   
00007fe8  PWMTiva_fxnTable                                                  
000058c3  PWMTiva_getPeriodCounts                                           
00005a8f  PWMTiva_getPeriodMicroSecs                                        
0000525d  PWMTiva_init                                                      
00000ecd  PWMTiva_open                                                      
00001dcd  PWMTiva_setDuty                                                   
00007eec  PWM_config                                                        
00004e25  PWM_init                                                          
00005f87  RingBuf_construct                                                 
00004c29  RingBuf_get                                                       
0000613d  RingBuf_peek                                                      
00004829  RingBuf_put                                                       
UNDEFED   SHT$$INIT_ARRAY$$Base                                             
[...]
000061c1  ti_sysbios_knl_Task_SupportProxy_getStackAlignment__E             
000061d1  ti_sysbios_gates_GateHwi_enter__E                                 
000061dd  ti_sysbios_knl_Clock_Params__init__S                              
000061e9  ti_sysbios_knl_Queue_Object__get__S                               
000061f5  ti_sysbios_knl_Semaphore_Params__init__S                          
00006201  ti_sysbios_knl_Task_Params__init__S                               
0000620d  xdc_runtime_Error_init__E                                         
00006219  xdc_runtime_Gate_enterSystem__E                                   
00006225  xdc_runtime_Memory_calloc__E                                      
00006231  xdc_runtime_Memory_getMaxDefaultTypeAlign__E                      
0000623d  UARTCharGet                                                       
00006247  UARTCharPut                                                       
00006251  UARTIntDisable                                                    
0000625b  UARTIntStatus                                                     
00006265  UART_read                                                         
0000626f  UART_write                                                        
00006279  xdc_runtime_Memory_HeapProxy_alloc__E                             
00006283  xdc_runtime_Memory_HeapProxy_free__E                              
0000628d  UARTIntEnable                                                     
00006295  UARTRxErrorGet                                                    
000062a5  ti_sysbios_family_arm_lm4_Timer_masterDisable__I                  
000062b1  ti_sysbios_family_arm_m3_Hwi_doSwiRestore__I                      
000062b9  ti_sysbios_family_arm_m3_Hwi_startup__E                           
000062b9  ti_sysbios_hal_Hwi_HwiProxy_startup__E                            
000062b9  ti_sysbios_hal_Hwi_startup__E                                     
000062c9  GPIOPinWrite                                                      
000062cf  UARTFIFOLevelSet                                                  
000062d5  UARTRxErrorClear                                                  
000062db  ti_catalog_arm_cortexm4_tiva_ce_Boot_sysCtlDelayI__I              
000062e1  ti_sysbios_family_arm_m3_Hwi_doTaskRestore__I                     
000062e9  ti_sysbios_family_arm_m3_Hwi_restoreFxn__E                        
000062e9  ti_sysbios_hal_Hwi_HwiProxy_restore__E                            
000062f1  ti_sysbios_gates_GateHwi_leave__E                                 
000062f9  ti_sysbios_heaps_HeapMem_isBlocking__E                            
00006301  ti_sysbios_knl_Clock_stop__E                                      
00006309  ti_sysbios_knl_Queue_Instance_init__E                             
00006311  ti_sysbios_knl_Swi_startup__E                                     
00006317  xdc_runtime_System_Module_startup__E                              
00006321  ti_sysbios_gates_GateHwi_query__E                                 
00006321  xdc_runtime_Main_Module_GateProxy_query__E                        
00006321  xdc_runtime_System_Module_GateProxy_query__E                      
00006329  ti_sysbios_BIOS_RtsGateProxy_query__E                             
00006329  ti_sysbios_gates_GateMutex_query__E                               
00006329  ti_sysbios_heaps_HeapMem_Module_GateProxy_query__E                
00006331  ti_sysbios_knl_Task_startup__E                                    
00006339  ti_sysbios_gates_GateHwi_Instance_init__E                         
00006341  ti_sysbios_knl_Clock_logTick__E                                   
00006344  xdc_runtime_Text_charTab__A                                       
00007bb1  xdc_runtime_Error_policy__C                                       
00007bb2  xdc_runtime_Text_nodeTab__A                                       
00007c6e  ti_catalog_arm_cortexm4_tiva_ce_Boot_Module__id__C                
00007e30  ti_sysbios_knl_Task_Object__PARAMS__C                             
00007e6c  ti_sysbios_family_arm_m3_Hwi_Object__PARAMS__C                    
00007e9c  UARTTiva_fxnTable                                                 
00007ec4  ti_sysbios_heaps_HeapMem_Module__FXNS__C                          
00007eec  PWM_config                                                        
00007f10  UART_defaultParams                                                
00007f34  ti_sysbios_gates_GateHwi_Module__FXNS__C                          
00007f58  ti_sysbios_gates_GateMutex_Module__FXNS__C                        
00007f7c  ti_sysbios_heaps_HeapMem_Object__PARAMS__C                        
00007fa0  ti_sysbios_knl_Clock_Object__PARAMS__C                            
00007fc4  ti_sysbios_knl_Semaphore_Object__PARAMS__C                        
00007fe8  PWMTiva_fxnTable                                                  
00008004  PWMTiva_MAX_PRESCALAR                                             
00008006  PWMTiva_MAX_MATCH_VALUE                                           
00008008  ti_sysbios_family_arm_m3_Hwi_Object__DESC__C                      
00008028  ti_sysbios_gates_GateHwi_Object__DESC__C                          
00008048  ti_sysbios_gates_GateMutex_Object__DESC__C                        
00008068  ti_sysbios_heaps_HeapMem_Object__DESC__C                          
00008088  ti_sysbios_knl_Clock_Object__DESC__C                              
000080a8  ti_sysbios_knl_Queue_Object__DESC__C                              
000080c8  ti_sysbios_knl_Semaphore_Object__DESC__C                          
000080e8  ti_sysbios_knl_Task_Object__DESC__C                               
00008108  xdc_runtime_Startup_sfxnTab__A                                    
00008128  UART_config                                                       
00008140  pwmTivaHWAttrs                                                    
00008158  ti_sysbios_gates_GateHwi_Object__PARAMS__C                        
00008170  ti_sysbios_gates_GateMutex_Object__PARAMS__C                      
00008188  ti_sysbios_knl_Queue_Object__PARAMS__C                            
000081a0  uartTivaHWAttrs                                                   
000081b8  GPIOTiva_config                                                   
000081cc  xdc_runtime_Startup_firstFxns__A                                  
000081e0  xdc_runtime_Startup_sfxnRts__A                                    
000081f0  ti_sysbios_family_arm_m3_Hwi_excHookFuncs__A                      
000081f8  ti_sysbios_knl_Idle_funcList__C                                   
00008200  xdc_runtime_Startup_firstFxns__C                                  
00008208  xdc_runtime_Startup_lastFxns__C                                   
00008210  ti_catalog_arm_cortexm4_tiva_ce_Boot_A_mustUseEnhancedClockMode__C
00008214  ti_catalog_arm_cortexm4_tiva_ce_Boot_Module__diagsEnabled__C      
00008218  ti_catalog_arm_cortexm4_tiva_ce_Boot_Module__diagsIncluded__C     
0000821c  ti_catalog_arm_cortexm4_tiva_ce_Boot_Module__diagsMask__C         
00008220  ti_sysbios_family_arm_lm4_Timer_enableFunc__C                     
00008224  ti_sysbios_family_arm_lm4_Timer_numTimerDevices__C                
00008228  ti_sysbios_family_arm_lm4_Timer_startupNeeded__C                  
0000822c  ti_sysbios_family_arm_m3_Hwi_E_NMI__C                             
00008230  ti_sysbios_family_arm_m3_Hwi_E_alreadyDefined__C                  
00008234  ti_sysbios_family_arm_m3_Hwi_E_busFault__C                        
00008238  ti_sysbios_family_arm_m3_Hwi_E_debugMon__C                        
0000823c  ti_sysbios_family_arm_m3_Hwi_E_hardFault__C                       
00008240  ti_sysbios_family_arm_m3_Hwi_E_memFault__C                        
00008244  ti_sysbios_family_arm_m3_Hwi_E_noIsr__C                           
00008248  ti_sysbios_family_arm_m3_Hwi_E_reserved__C                        
0000824c  ti_sysbios_family_arm_m3_Hwi_E_svCall__C                          
00008250  ti_sysbios_family_arm_m3_Hwi_E_usageFault__C                      
00008254  ti_sysbios_family_arm_m3_Hwi_NUM_INTERRUPTS__C                    
00008258  ti_sysbios_family_arm_m3_Hwi_Object__count__C                     
0000825c  ti_sysbios_family_arm_m3_Hwi_ccr__C                               
00008260  ti_sysbios_family_arm_m3_Hwi_excHandlerFunc__C                    
00008264  ti_sysbios_family_arm_m3_Hwi_excHookFuncs__C                      
00008268  ti_sysbios_family_arm_m3_Hwi_nullIsrFunc__C                       
0000826c  ti_sysbios_family_arm_m3_Hwi_priGroup__C                          
00008270  ti_sysbios_family_arm_m3_TaskSupport_stackAlignment__C            
00008274  ti_sysbios_gates_GateMutex_Instance_State_sem__O                  
00008278  ti_sysbios_hal_Hwi_E_stackOverflow__C                             
0000827c  ti_sysbios_heaps_HeapMem_E_memory__C                              
00008280  ti_sysbios_heaps_HeapMem_Module__gateObj__C                       
00008284  ti_sysbios_heaps_HeapMem_Object__count__C                         
00008288  ti_sysbios_heaps_HeapMem_reqAlign__C                              
0000828c  ti_sysbios_knl_Clock_Module_State_clockQ__O                       
00008290  ti_sysbios_knl_Idle_funcList__A                                   
00008294  ti_sysbios_knl_Semaphore_Instance_State_pendQ__O                  
00008298  ti_sysbios_knl_Swi_Object__count__C                               
0000829c  ti_sysbios_knl_Task_E_spOutOfBounds__C                            
000082a0  ti_sysbios_knl_Task_E_stackOverflow__C                            
000082a4  ti_sysbios_knl_Task_Module_State_inactiveQ__O                     
000082a8  ti_sysbios_knl_Task_Object__count__C                              
000082ac  ti_sysbios_knl_Task_allBlockedFunc__C                             
000082b0  ti_sysbios_knl_Task_defaultStackHeap__C                           
000082b4  ti_sysbios_knl_Task_defaultStackSize__C                           
000082b8  ti_sysbios_knl_Task_numConstructedTasks__C                        
000082bc  xdc_runtime_Assert_E_assertFailed__C                              
000082c0  xdc_runtime_Core_A_initializedParams__C                           
000082c4  xdc_runtime_Core_Module__diagsEnabled__C                          
000082c8  xdc_runtime_Core_Module__diagsIncluded__C                         
000082cc  xdc_runtime_Core_Module__diagsMask__C                             
000082d0  xdc_runtime_Error_E_memory__C                                     
000082d4  xdc_runtime_Error_Module__diagsEnabled__C                         
000082d8  xdc_runtime_Error_Module__diagsIncluded__C                        
000082dc  xdc_runtime_Error_Module__diagsMask__C                            
000082e0  xdc_runtime_Error_Module__loggerFxn8__C                           
000082e4  xdc_runtime_Error_Module__loggerObj__C                            
000082e8  xdc_runtime_Error_policyFxn__C                                    
000082ec  xdc_runtime_Error_raiseHook__C                                    
000082f0  xdc_runtime_IGateProvider_Interface__BASE__C                      
000082f4  xdc_runtime_IHeap_Interface__BASE__C                              
000082f8  xdc_runtime_IModule_Interface__BASE__C                            
000082fc  xdc_runtime_Log_L_error__C                                        
00008300  xdc_runtime_Memory_defaultHeapInstance__C                         
00008304  xdc_runtime_Startup_execImpl__C                                   
00008308  xdc_runtime_Startup_maxPasses__C                                  
0000830c  xdc_runtime_Startup_sfxnRts__C                                    
00008310  xdc_runtime_Startup_sfxnTab__C                                    
00008314  xdc_runtime_SysMin_bufSize__C                                     
00008318  xdc_runtime_SysMin_outputFunc__C                                  
0000831c  xdc_runtime_System_Module__gateObj__C                             
00008320  xdc_runtime_System_abortFxn__C                                    
00008324  xdc_runtime_System_exitFxn__C                                     
00008328  xdc_runtime_System_extendFxn__C                                   
0000832c  xdc_runtime_System_maxAtexitHandlers__C                           
00008330  xdc_runtime_Text_charTab__C                                       
00008334  xdc_runtime_Text_nameEmpty__C                                     
00008338  xdc_runtime_Text_nameStatic__C                                    
0000833c  xdc_runtime_Text_nameUnknown__C                                   
00008340  xdc_runtime_Text_nodeTab__C                                       
00008344  xdc_runtime_Text_visitRopeFxn__C                                  
00008348  ti_sysbios_family_arm_m3_Hwi_Module__id__C                        
0000834a  ti_sysbios_hal_Hwi_Module__id__C                                  
0000834c  ti_sysbios_heaps_HeapMem_Module__id__C                            
0000834e  ti_sysbios_knl_Task_Module__id__C                                 
00008350  xdc_runtime_Core_Module__id__C                                    
00008352  xdc_runtime_Error_Module__loggerDefined__C                        
00008354  xdc_runtime_Error_maxDepth__C                                     
00008356  xdc_runtime_Memory_Module__id__C                                  
00008358  xdc_runtime_SysMin_flushAtExit__C                                 
0000835a  xdc_runtime_Text_charCnt__C                                       
0000835c  xdc_runtime_Text_isLoaded__C                                      
0000835e  xdc_runtime_Text_registryModsLastId__C                            
00008360  xdc_runtime_Text_unnamedModsLastId__C                             
00008368  __TI_static_base__                                                
000085b0  __TI_Handler_Table_Base                                           
000085bc  __TI_Handler_Table_Limit                                          
000085d0  __TI_CINIT_Base                                                   
000085e8  __TI_CINIT_Limit                                                  
20000000  ti_sysbios_family_arm_m3_Hwi_ramVectors                           
20000360  ti_sysbios_knl_Task_Instance_State_0_stack__A                     
20000760  ti_sysbios_knl_Task_Instance_State_1_stack__A                     
20000960  ti_sysbios_heaps_HeapMem_Instance_State_0_buf__A                  
20000d60  tsk0Stack                                                         
20001160  ti_sysbios_family_arm_m3_Hwi_dispatchTable                        
200014c0  __CIOBUF_                                                         
200015e0  uartTivaObjects                                                   
200016ac  __TI_tmpnams                                                      
200017dc  xdc_runtime_SysMin_Module_State_0_outbuf__A                       
2000185c  tsk1Struct                                                        
200018ac  uartTivaRingBuffer                                                
200018cc  pwmTivaObjects                                                    
200018dc  parmbuf                                                           
200018e8  _ftable                                                           
200019d8  ti_sysbios_knl_Task_Object__table__V                              
20001a70  ti_sysbios_knl_Swi_Module_State_0_readyQ__A                       
20001af0  ti_sysbios_knl_Task_Module_State_0_readyQ__A                      
20001b70  _device                                                           
20001be8  _stream                                                           
20001c38  ti_sysbios_knl_Task_Module__state__V                              
20001c7c  ti_sysbios_family_arm_lm4_Timer_Object__table__V                  
20001cbc  ti_sysbios_gates_GateMutex_Object__table__V                       
20001cf4  ti_sysbios_family_arm_m3_Hwi_Module__state__V                     
20001d28  ti_sysbios_family_arm_lm4_Timer_Module_State_0_device__A          
20001d58  ti_sysbios_knl_Swi_Object__table__V                               
20001d88  ti_sysbios_knl_Clock_Module__state__V                             
20001db4  ti_sysbios_BIOS_Module__state__V                                  
20001dd8  ti_sysbios_knl_Swi_Module__state__V                               
20001e0c  ti_sysbios_family_arm_lm4_Timer_Module_State_0_handles__A         
20001e24  ti_sysbios_family_arm_m3_Hwi_Object__table__V                     
20001e3c  ti_sysbios_heaps_HeapMem_Object__table__V                         
20001e54  gpioPinConfigs                                                    
20001e68  __TI_ft_end                                                       
20001e6c  __aeabi_stdin                                                     
20001e70  __aeabi_stdout                                                    
20001e74  __aeabi_stderr                                                    
20001e78  __TI_cleanup_ptr                                                  
20001e7c  __TI_dtors_ptr                                                    
20001e80  __TI_enable_exit_profile_output                                   
20001e84  ti_sysbios_family_arm_lm4_Timer_Module__state__V                  
20001e90  xdc_runtime_SysMin_Module__state__V                               
20001e9c  _lock                                                             
20001ea0  _unlock                                                           
20001ea4  gpioCallbackFunctions                                             
20001eac  ti_sysbios_family_arm_m3_Hwi_Module__root__V                      
20001eb4  ti_sysbios_gates_GateHwi_Module__root__V                          
20001ebc  ti_sysbios_gates_GateMutex_Module__root__V                        
20001ec4  ti_sysbios_heaps_HeapMem_Module__root__V                          
20001ecc  ti_sysbios_knl_Clock_Module__root__V                              
20001ed4  ti_sysbios_knl_Queue_Module__root__V                              
20001edc  ti_sysbios_knl_Semaphore_Module__root__V                          
20001ee4  ti_sysbios_knl_Task_Module__root__V                               
20001eec  xdc_runtime_Registry_Module__state__V                             
20001ef4  xdc_runtime_Startup_Module__state__V                              
20001efc  xdc_runtime_System_Module_State_0_atexitHandlers__A               
20001f04  xdc_runtime_System_Module__state__V                               
20001f12  ti_sysbios_family_arm_m3_Hwi_Module_State_0_excActive__A          
20001f1c  main_func_sp                                                      
20001f20  ti_sysbios_family_arm_m3_Hwi_Module_State_0_excContext__A         
20001f24  ti_sysbios_family_arm_m3_Hwi_Module_State_0_excStack__A           
20001f28  ti_sysbios_gates_GateHwi_Object__table__V                         
20001f2c  ti_sysbios_knl_Task_Module_State_0_idleTask__A                    
20001f30  xdc_runtime_Memory_Module__state__V                               
20001f34  xdc_runtime_Error_Module__state__V                                
20001f38  __stack                                                           
20002238  __STACK_END                                                       
e000e000  ti_sysbios_family_arm_m3_Hwi_nvic                                 
ffffffff  __TI_pprof_out_hndl                                               
ffffffff  __TI_prof_data_size                                               
ffffffff  __TI_prof_data_start                                              
ffffffff  __binit__                                                         
ffffffff  __c_args__                                                        
ffffffff  binit                                                             
UNDEFED   SHT$$INIT_ARRAY$$Base                                             
UNDEFED   SHT$$INIT_ARRAY$$Limit                                            

[635 symbols]
